Archive member included to satisfy reference by file (symbol)

c:/siliconlabs/simplicitystudio/v5/developer/toolchains/gnu_arm/12.2.rel1_2023.7/bin/../lib/gcc/arm-none-eabi/12.2.1/thumb/v8-m.main+fp/hard\libgcc.a(_arm_muldf3.o)
                              ./ad5940lib/ad5940.o (__aeabi_dmul)
c:/siliconlabs/simplicitystudio/v5/developer/toolchains/gnu_arm/12.2.rel1_2023.7/bin/../lib/gcc/arm-none-eabi/12.2.1/thumb/v8-m.main+fp/hard\libgcc.a(_arm_addsubdf3.o)
                              ./ad5940lib/ad5940.o (__aeabi_dadd)
c:/siliconlabs/simplicitystudio/v5/developer/toolchains/gnu_arm/12.2.rel1_2023.7/bin/../lib/gcc/arm-none-eabi/12.2.1/thumb/v8-m.main+fp/hard\libgcc.a(_arm_muldivdf3.o)
                              ./ad5940lib/ad5940.o (__aeabi_ddiv)
c:/siliconlabs/simplicitystudio/v5/developer/toolchains/gnu_arm/12.2.rel1_2023.7/bin/../lib/gcc/arm-none-eabi/12.2.1/thumb/v8-m.main+fp/hard\libgcc.a(_arm_cmpdf2.o)
                              ./ad5940lib/ad5940.o (__aeabi_dcmplt)
c:/siliconlabs/simplicitystudio/v5/developer/toolchains/gnu_arm/12.2.rel1_2023.7/bin/../lib/gcc/arm-none-eabi/12.2.1/thumb/v8-m.main+fp/hard\libgcc.a(_arm_truncdfsf2.o)
                              ./ad5940lib/ad5940.o (__aeabi_d2f)
c:/siliconlabs/simplicitystudio/v5/developer/toolchains/gnu_arm/12.2.rel1_2023.7/bin/../lib/gcc/arm-none-eabi/12.2.1/thumb/v8-m.main+fp/hard\libgcc.a(_aeabi_ldivmod.o)
                              ./gecko_sdk_4.4.5/platform/emlib/src/em_eusart.o (__aeabi_ldivmod)
c:/siliconlabs/simplicitystudio/v5/developer/toolchains/gnu_arm/12.2.rel1_2023.7/bin/../lib/gcc/arm-none-eabi/12.2.1/thumb/v8-m.main+fp/hard\libgcc.a(_aeabi_uldivmod.o)
                              ./gecko_sdk_4.4.5/platform/emlib/src/em_eusart.o (__aeabi_uldivmod)
c:/siliconlabs/simplicitystudio/v5/developer/toolchains/gnu_arm/12.2.rel1_2023.7/bin/../lib/gcc/arm-none-eabi/12.2.1/thumb/v8-m.main+fp/hard\libgcc.a(_udivmoddi4.o)
                              c:/siliconlabs/simplicitystudio/v5/developer/toolchains/gnu_arm/12.2.rel1_2023.7/bin/../lib/gcc/arm-none-eabi/12.2.1/thumb/v8-m.main+fp/hard\libgcc.a(_aeabi_ldivmod.o) (__udivmoddi4)
c:/siliconlabs/simplicitystudio/v5/developer/toolchains/gnu_arm/12.2.rel1_2023.7/bin/../lib/gcc/arm-none-eabi/12.2.1/thumb/v8-m.main+fp/hard\libgcc.a(_dvmd_tls.o)
                              c:/siliconlabs/simplicitystudio/v5/developer/toolchains/gnu_arm/12.2.rel1_2023.7/bin/../lib/gcc/arm-none-eabi/12.2.1/thumb/v8-m.main+fp/hard\libgcc.a(_aeabi_ldivmod.o) (__aeabi_ldiv0)
c:/siliconlabs/simplicitystudio/v5/developer/toolchains/gnu_arm/12.2.rel1_2023.7/bin/../lib/gcc/arm-none-eabi/12.2.1/thumb/v8-m.main+fp/hard\libc_nano.a(libc_a-exit.o)
                              c:/siliconlabs/simplicitystudio/v5/developer/toolchains/gnu_arm/12.2.rel1_2023.7/bin/../lib/gcc/arm-none-eabi/12.2.1/thumb/v8-m.main+fp/hard/crt0.o (exit)
c:/siliconlabs/simplicitystudio/v5/developer/toolchains/gnu_arm/12.2.rel1_2023.7/bin/../lib/gcc/arm-none-eabi/12.2.1/thumb/v8-m.main+fp/hard\libc_nano.a(libc_a-nano-vfprintf_float.o)
                              (_printf_float)
c:/siliconlabs/simplicitystudio/v5/developer/toolchains/gnu_arm/12.2.rel1_2023.7/bin/../lib/gcc/arm-none-eabi/12.2.1/thumb/v8-m.main+fp/hard\libc_nano.a(libc_a-nano-vfprintf_i.o)
                              c:/siliconlabs/simplicitystudio/v5/developer/toolchains/gnu_arm/12.2.rel1_2023.7/bin/../lib/gcc/arm-none-eabi/12.2.1/thumb/v8-m.main+fp/hard\libc_nano.a(libc_a-nano-vfprintf_float.o) (_printf_common)
c:/siliconlabs/simplicitystudio/v5/developer/toolchains/gnu_arm/12.2.rel1_2023.7/bin/../lib/gcc/arm-none-eabi/12.2.1/thumb/v8-m.main+fp/hard\libc_nano.a(libc_a-findfp.o)
                              c:/siliconlabs/simplicitystudio/v5/developer/toolchains/gnu_arm/12.2.rel1_2023.7/bin/../lib/gcc/arm-none-eabi/12.2.1/thumb/v8-m.main+fp/hard\libc_nano.a(libc_a-exit.o) (__stdio_exit_handler)
c:/siliconlabs/simplicitystudio/v5/developer/toolchains/gnu_arm/12.2.rel1_2023.7/bin/../lib/gcc/arm-none-eabi/12.2.1/thumb/v8-m.main+fp/hard\libc_nano.a(libc_a-fwalk.o)
                              c:/siliconlabs/simplicitystudio/v5/developer/toolchains/gnu_arm/12.2.rel1_2023.7/bin/../lib/gcc/arm-none-eabi/12.2.1/thumb/v8-m.main+fp/hard\libc_nano.a(libc_a-findfp.o) (_fwalk_sglue)
c:/siliconlabs/simplicitystudio/v5/developer/toolchains/gnu_arm/12.2.rel1_2023.7/bin/../lib/gcc/arm-none-eabi/12.2.1/thumb/v8-m.main+fp/hard\libc_nano.a(libc_a-printf.o)
                              ./AD5940Main.o (printf)
c:/siliconlabs/simplicitystudio/v5/developer/toolchains/gnu_arm/12.2.rel1_2023.7/bin/../lib/gcc/arm-none-eabi/12.2.1/thumb/v8-m.main+fp/hard\libc_nano.a(libc_a-setvbuf.o)
                              ./gecko_sdk_4.4.5/platform/service/iostream/src/sl_iostream_stdlib_config.o (setvbuf)
c:/siliconlabs/simplicitystudio/v5/developer/toolchains/gnu_arm/12.2.rel1_2023.7/bin/../lib/gcc/arm-none-eabi/12.2.1/thumb/v8-m.main+fp/hard\libc_nano.a(libc_a-stdio.o)
[...]
Memory Configuration

Name             Origin             Length             Attributes
FLASH            0x08000000         0x000be000         xr
RAM              0x20000000         0x00010000         xrw
*default*        0x00000000         0xffffffff

Linker script and memory map

LOAD c:/siliconlabs/simplicitystudio/v5/developer/toolchains/gnu_arm/12.2.rel1_2023.7/bin/../lib/gcc/arm-none-eabi/12.2.1/thumb/v8-m.main+fp/hard/crti.o
LOAD c:/siliconlabs/simplicitystudio/v5/developer/toolchains/gnu_arm/12.2.rel1_2023.7/bin/../lib/gcc/arm-none-eabi/12.2.1/thumb/v8-m.main+fp/hard/crtbegin.o
LOAD c:/siliconlabs/simplicitystudio/v5/developer/toolchains/gnu_arm/12.2.rel1_2023.7/bin/../lib/gcc/arm-none-eabi/12.2.1/thumb/v8-m.main+fp/hard/crt0.o
START GROUP
LOAD ./AD5940Main.o
LOAD ./EFR32_port.o
LOAD ./app.o
LOAD ./main.o
LOAD ./ad5940-examples/examples/AD5940_Ramp/RampTest.o
LOAD ./ad5940-examples/examples/AD5940_SqrWaveVoltammetry/SqrWaveVoltammetry.o
LOAD ./ad5940lib/ad5940.o
LOAD ./autogen/sl_device_init_clocks.o
LOAD ./autogen/sl_emlib_gpio_simple_init.o
LOAD ./autogen/sl_event_handler.o
LOAD ./autogen/sl_iostream_handles.o
LOAD ./autogen/sl_spidrv_init.o
LOAD ./gecko_sdk_4.4.5/app/common/util/app_log/app_log.o
LOAD ./gecko_sdk_4.4.5/platform/Device/SiliconLabs/EFR32BG27/Source/startup_efr32bg27.o
LOAD ./gecko_sdk_4.4.5/platform/Device/SiliconLabs/EFR32BG27/Source/system_efr32bg27.o
LOAD ./gecko_sdk_4.4.5/platform/common/src/sl_assert.o
LOAD ./gecko_sdk_4.4.5/platform/common/src/sl_slist.o
LOAD ./gecko_sdk_4.4.5/platform/common/src/sl_syscalls.o
LOAD ./gecko_sdk_4.4.5/platform/common/toolchain/src/sl_memory.o
LOAD ./gecko_sdk_4.4.5/platform/driver/debug/src/sl_debug_swo.o
LOAD ./gecko_sdk_4.4.5/platform/emdrv/dmadrv/src/dmadrv.o
LOAD ./gecko_sdk_4.4.5/platform/emdrv/gpiointerrupt/src/gpiointerrupt.o
LOAD ./gecko_sdk_4.4.5/platform/emdrv/spidrv/src/spidrv.o
LOAD ./gecko_sdk_4.4.5/platform/emlib/src/em_burtc.o
LOAD ./gecko_sdk_4.4.5/platform/emlib/src/em_cmu.o
LOAD ./gecko_sdk_4.4.5/platform/emlib/src/em_core.o
LOAD ./gecko_sdk_4.4.5/platform/emlib/src/em_emu.o
LOAD ./gecko_sdk_4.4.5/platform/emlib/src/em_eusart.o
LOAD ./gecko_sdk_4.4.5/platform/emlib/src/em_gpio.o
LOAD ./gecko_sdk_4.4.5/platform/emlib/src/em_ldma.o
LOAD ./gecko_sdk_4.4.5/platform/emlib/src/em_msc.o
LOAD ./gecko_sdk_4.4.5/platform/emlib/src/em_rtcc.o
LOAD ./gecko_sdk_4.4.5/platform/emlib/src/em_system.o
LOAD ./gecko_sdk_4.4.5/platform/emlib/src/em_timer.o
LOAD ./gecko_sdk_4.4.5/platform/emlib/src/em_usart.o
LOAD ./gecko_sdk_4.4.5/platform/service/device_init/src/sl_device_init_dcdc_s2.o
LOAD ./gecko_sdk_4.4.5/platform/service/device_init/src/sl_device_init_emu_s2.o
LOAD ./gecko_sdk_4.4.5/platform/service/device_init/src/sl_device_init_nvic.o
LOAD ./gecko_sdk_4.4.5/platform/service/iostream/src/sl_iostream.o
LOAD ./gecko_sdk_4.4.5/platform/service/iostream/src/sl_iostream_retarget_stdio.o
LOAD ./gecko_sdk_4.4.5/platform/service/iostream/src/sl_iostream_stdlib_config.o
LOAD ./gecko_sdk_4.4.5/platform/service/iostream/src/sl_iostream_swo.o
LOAD ./gecko_sdk_4.4.5/platform/service/sleeptimer/src/sl_sleeptimer.o
LOAD ./gecko_sdk_4.4.5/platform/service/sleeptimer/src/sl_sleeptimer_hal_burtc.o
LOAD ./gecko_sdk_4.4.5/platform/service/sleeptimer/src/sl_sleeptimer_hal_prortc.o
LOAD ./gecko_sdk_4.4.5/platform/service/sleeptimer/src/sl_sleeptimer_hal_rtcc.o
LOAD ./gecko_sdk_4.4.5/platform/service/sleeptimer/src/sl_sleeptimer_hal_timer.o
LOAD ./gecko_sdk_4.4.5/platform/service/system/src/sl_system_init.o
LOAD ./gecko_sdk_4.4.5/platform/service/system/src/sl_system_process_action.o
LOAD ./gecko_sdk_4.4.5/platform/service/udelay/src/sl_udelay.o
LOAD ./gecko_sdk_4.4.5/platform/service/udelay/src/sl_udelay_armv6m_gcc.o
LOAD c:/siliconlabs/simplicitystudio/v5/developer/toolchains/gnu_arm/12.2.rel1_2023.7/bin/../lib/gcc/arm-none-eabi/12.2.1/thumb/v8-m.main+fp/hard\libgcc.a
LOAD c:/siliconlabs/simplicitystudio/v5/developer/toolchains/gnu_arm/12.2.rel1_2023.7/bin/../lib/gcc/arm-none-eabi/12.2.1/thumb/v8-m.main+fp/hard\libc_nano.a
LOAD c:/siliconlabs/simplicitystudio/v5/developer/toolchains/gnu_arm/12.2.rel1_2023.7/bin/../lib/gcc/arm-none-eabi/12.2.1/thumb/v8-m.main+fp/hard\libm.a
LOAD c:/siliconlabs/simplicitystudio/v5/developer/toolchains/gnu_arm/12.2.rel1_2023.7/bin/../lib/gcc/arm-none-eabi/12.2.1/thumb/v8-m.main+fp/hard\libnosys.a
END GROUP
START GROUP
LOAD c:/siliconlabs/simplicitystudio/v5/developer/toolchains/gnu_arm/12.2.rel1_2023.7/bin/../lib/gcc/arm-none-eabi/12.2.1/thumb/v8-m.main+fp/hard\libgcc.a
LOAD c:/siliconlabs/simplicitystudio/v5/developer/toolchains/gnu_arm/12.2.rel1_2023.7/bin/../lib/gcc/arm-none-eabi/12.2.1/thumb/v8-m.main+fp/hard\libc_nano.a
LOAD c:/siliconlabs/simplicitystudio/v5/developer/toolchains/gnu_arm/12.2.rel1_2023.7/bin/../lib/gcc/arm-none-eabi/12.2.1/thumb/v8-m.main+fp/hard\libnosys.a
END GROUP
START GROUP
LOAD c:/siliconlabs/simplicitystudio/v5/developer/toolchains/gnu_arm/12.2.rel1_2023.7/bin/../lib/gcc/arm-none-eabi/12.2.1/thumb/v8-m.main+fp/hard\libgcc.a
LOAD c:/siliconlabs/simplicitystudio/v5/developer/toolchains/gnu_arm/12.2.rel1_2023.7/bin/../lib/gcc/arm-none-eabi/12.2.1/thumb/v8-m.main+fp/hard\libg_nano.a
LOAD c:/siliconlabs/simplicitystudio/v5/developer/toolchains/gnu_arm/12.2.rel1_2023.7/bin/../lib/gcc/arm-none-eabi/12.2.1/thumb/v8-m.main+fp/hard\libc_nano.a
END GROUP
START GROUP
LOAD c:/siliconlabs/simplicitystudio/v5/developer/toolchains/gnu_arm/12.2.rel1_2023.7/bin/../lib/gcc/arm-none-eabi/12.2.1/thumb/v8-m.main+fp/hard\libgcc.a
LOAD c:/siliconlabs/simplicitystudio/v5/developer/toolchains/gnu_arm/12.2.rel1_2023.7/bin/../lib/gcc/arm-none-eabi/12.2.1/thumb/v8-m.main+fp/hard\libc_nano.a
END GROUP
LOAD c:/siliconlabs/simplicitystudio/v5/developer/toolchains/gnu_arm/12.2.rel1_2023.7/bin/../lib/gcc/arm-none-eabi/12.2.1/thumb/v8-m.main+fp/hard/crtend.o
LOAD c:/siliconlabs/simplicitystudio/v5/developer/toolchains/gnu_arm/12.2.rel1_2023.7/bin/../lib/gcc/arm-none-eabi/12.2.1/thumb/v8-m.main+fp/hard/crtn.o

.text           0x08000000     0xa1a8
                0x08000000                linker_vectors_begin = .
 *(.vectors)
 .vectors       0x08000000      0x14c ./gecko_sdk_4.4.5/platform/Device/SiliconLabs/EFR32BG27/Source/startup_efr32bg27.o
                0x08000000                __Vectors
                0x0800014c                linker_vectors_end = .
                0x0800014c                __Vectors_End = .
                0x0800014c                __Vectors_Size = (__Vectors_End - __Vectors)
                0x0800014c                linker_code_begin = .
 *(SORT_BY_ALIGNMENT(.text*))
 *fill*         0x0800014c        0x4 
 .text          0x08000150        0x8 ./gecko_sdk_4.4.5/platform/service/udelay/src/sl_udelay_armv6m_gcc.o
                0x08000150                sli_delay_loop
 .text._dtoa_r  0x08000158      0xc54 c:/siliconlabs/simplicitystudio/v5/developer/toolchains/gnu_arm/12.2.rel1_2023.7/bin/../lib/gcc/arm-none-eabi/12.2.1/thumb/v8-m.main+fp/hard\libc_nano.a(libc_a-dtoa.o)
                0x08000158                _dtoa_r
 *fill*         0x08000dac        0x4 
 .text.__ieee754_atan2
                0x08000db0      0x1b0 c:/siliconlabs/simplicitystudio/v5/developer/toolchains/gnu_arm/12.2.rel1_2023.7/bin/../lib/gcc/arm-none-eabi/12.2.1/thumb/v8-m.main+fp/hard\libm.a(libm_a-e_atan2.o)
                0x08000db0                __ieee754_atan2
 .text.atan     0x08000f60      0x340 c:/siliconlabs/simplicitystudio/v5/developer/toolchains/gnu_arm/12.2.rel1_2023.7/bin/../lib/gcc/arm-none-eabi/12.2.1/thumb/v8-m.main+fp/hard\libm.a(libm_a-s_atan.o)
                0x08000f60                atan
 .text.deregister_tm_clones
                0x080012a0       0x1c c:/siliconlabs/simplicitystudio/v5/developer/toolchains/gnu_arm/12.2.rel1_2023.7/bin/../lib/gcc/arm-none-eabi/12.2.1/thumb/v8-m.main+fp/hard/crtbegin.o
 .text.register_tm_clones
                0x080012bc       0x28 c:/siliconlabs/simplicitystudio/v5/developer/toolchains/gnu_arm/12.2.rel1_2023.7/bin/../lib/gcc/arm-none-eabi/12.2.1/thumb/v8-m.main+fp/hard/crtbegin.o
 .text.__do_global_dtors_aux
                0x080012e4       0x28 c:/siliconlabs/simplicitystudio/v5/developer/toolchains/gnu_arm/12.2.rel1_2023.7/bin/../lib/gcc/arm-none-eabi/12.2.1/thumb/v8-m.main+fp/hard/crtbegin.o
 .text.frame_dummy
                0x0800130c       0x24 c:/siliconlabs/simplicitystudio/v5/developer/toolchains/gnu_arm/12.2.rel1_2023.7/bin/../lib/gcc/arm-none-eabi/12.2.1/thumb/v8-m.main+fp/hard/crtbegin.o
 .text          0x08001330       0x7c c:/siliconlabs/simplicitystudio/v5/developer/toolchains/gnu_arm/12.2.rel1_2023.7/bin/../lib/gcc/arm-none-eabi/12.2.1/thumb/v8-m.main+fp/hard/crt0.o
                0x08001330                _stack_init
                0x08001338                _start
                0x08001338                _mainCRTStartup
 .text.RampShowResult.constprop.0.isra.0
                0x080013ac       0x48 ./AD5940Main.o
 .text.AD5940_Init
                0x080013f4       0xc4 ./AD5940Main.o
                0x080013f4                AD5940_Init
 .text.AD5940_CV_RampStructInit
                0x080014b8       0x78 ./AD5940Main.o
                0x080014b8                AD5940_CV_RampStructInit
 .text.AD5940_CV_Main
                0x08001530       0x70 ./AD5940Main.o
                0x08001530                AD5940_CV_Main
 .text.AD5940_ReadWriteNBytes
                0x080015a0       0x28 ./EFR32_port.o
                0x080015a0                AD5940_ReadWriteNBytes
 .text.AD5940_CsClr
                0x080015c8       0x10 ./EFR32_port.o
                0x080015c8                AD5940_CsClr
 .text.AD5940_CsSet
                0x080015d8       0x10 ./EFR32_port.o
                0x080015d8                AD5940_CsSet
 .text.AD5940_RstSet
                0x080015e8       0x10 ./EFR32_port.o
                0x080015e8                AD5940_RstSet
 .text.AD5940_RstClr
                0x080015f8       0x10 ./EFR32_port.o
                0x080015f8                AD5940_RstClr
 .text.AD5940_GetMCUIntFlag
                0x08001608        0xc ./EFR32_port.o
                0x08001608                AD5940_GetMCUIntFlag
 .text.AD5940_ClrMCUIntFlag
                0x08001614       0x10 ./EFR32_port.o
                0x08001614                AD5940_ClrMCUIntFlag
 .text.AppRAMPDataProcess.isra.0
                0x08001624       0x4c ./ad5940-examples/examples/AD5940_Ramp/RampTest.o
 .text.RampDacRegUpdate.isra.0
                0x08001670      0x144 ./ad5940-examples/examples/AD5940_Ramp/RampTest.o
 .text.AppRAMPSeqDACCtrlGen
                0x080017b4      0x294 ./ad5940-examples/examples/AD5940_Ramp/RampTest.o
 .text.AppRAMPGetCfg
                0x08001a48       0x14 ./ad5940-examples/examples/AD5940_Ramp/RampTest.o
                0x08001a48                AppRAMPGetCfg
 .text.AppRAMPCtrl
                0x08001a5c       0xe8 ./ad5940-examples/examples/AD5940_Ramp/RampTest.o
                0x08001a5c                AppRAMPCtrl
 .text.AppRAMPInit
                0x08001b44      0x38c ./ad5940-examples/examples/AD5940_Ramp/RampTest.o
                0x08001b44                AppRAMPInit
 .text.AppRAMPISR
                0x08001ed0       0xcc ./ad5940-examples/examples/AD5940_Ramp/RampTest.o
                0x08001ed0                AppRAMPISR
 .text.AD5940_SEQGenSearchReg
                0x08001f9c       0x30 ./ad5940lib/ad5940.o
 .text.AD5940_SEQRegInfoInsert
                0x08001fcc       0x3c ./ad5940lib/ad5940.o
 .text.AD5940_SEQGenInsert
                0x08002008       0x2c ./ad5940lib/ad5940.o
                0x08002008                AD5940_SEQGenInsert
 .text.AD5940_SEQGenInit
                0x08002034       0x28 ./ad5940lib/ad5940.o
                0x08002034                AD5940_SEQGenInit
 .text.AD5940_SEQGenFetchSeq
                0x0800205c       0x18 ./ad5940lib/ad5940.o
                0x0800205c                AD5940_SEQGenFetchSeq
 .text.AD5940_SEQGenCtrl
                0x08002074       0x14 ./ad5940lib/ad5940.o
                0x08002074                AD5940_SEQGenCtrl
 .text.AD5940_Notch50HzAvailable
                0x08002088       0xbc ./ad5940lib/ad5940.o
                0x08002088                AD5940_Notch50HzAvailable
 .text.AD5940_Notch60HzAvailable
                0x08002144       0x94 ./ad5940lib/ad5940.o
                0x08002144                AD5940_Notch60HzAvailable
 .text.AD5940_ClksCalculate
                0x080021d8      0x18c ./ad5940lib/ad5940.o
                0x080021d8                AD5940_ClksCalculate
 .text.AD5940_ADCCode2Volt
                0x08002364       0x58 ./ad5940lib/ad5940.o
                0x08002364                AD5940_ADCCode2Volt
 .text.AD5940_WriteReg
                0x080023bc       0xa4 ./ad5940lib/ad5940.o
                0x080023bc                AD5940_WriteReg
 .text.AD5940_ReadReg
                0x08002460       0x44 ./ad5940lib/ad5940.o
                0x08002460                AD5940_ReadReg
 .text.AD5940_Initialize
                0x080024a4       0xb0 ./ad5940lib/ad5940.o
                0x080024a4                AD5940_Initialize
 .text.__AD5940_ReferenceON
                0x08002554       0x24 ./ad5940lib/ad5940.o
 .text.__AD5940_SetDExRTIA
                0x08002578       0x68 ./ad5940lib/ad5940.o
                0x08002578                __AD5940_SetDExRTIA
 .text.AD5940_WGFreqWordCal
                0x080025e0       0x58 ./ad5940lib/ad5940.o
                0x080025e0                AD5940_WGFreqWordCal
 .text.__AD5940_TakeMeasurement
                0x08002638       0x50 ./ad5940lib/ad5940.o
 .text.AD5940_ShutDownS
                0x08002688       0x34 ./ad5940lib/ad5940.o
                0x08002688                AD5940_ShutDownS
 .text.AD5940_LPRtiaCal
                0x080026bc      0x5f8 ./ad5940lib/ad5940.o
                0x080026bc                AD5940_LPRtiaCal
 .text.AD5940_LFOSCMeasure
                0x08002cb4      0x1a4 ./ad5940lib/ad5940.o
                0x08002cb4                AD5940_LFOSCMeasure
 .text.sl_device_init_clocks
                0x08002e58       0x80 ./autogen/sl_device_init_clocks.o
                0x08002e58                sl_device_init_clocks
 .text.sl_spidrv_init_instances
                0x08002ed8       0x14 ./autogen/sl_spidrv_init.o
                0x08002ed8                sl_spidrv_init_instances
 .text.app_log_init
                0x08002eec       0x38 ./gecko_sdk_4.4.5/app/common/util/app_log/app_log.o
                0x08002eec                app_log_init
 .text.CopyRamFuncs
                0x08002f24       0x1c ./gecko_sdk_4.4.5/platform/Device/SiliconLabs/EFR32BG27/Source/startup_efr32bg27.o
                0x08002f24                CopyRamFuncs
 .text.Reset_Handler
                0x08002f40       0x64 ./gecko_sdk_4.4.5/platform/Device/SiliconLabs/EFR32BG27/Source/startup_efr32bg27.o
                0x08002f40                Reset_Handler
 .text.SystemInit
                0x08002fa4       0x64 ./gecko_sdk_4.4.5/platform/Device/SiliconLabs/EFR32BG27/Source/system_efr32bg27.o
                0x08002fa4                SystemInit
 .text.SystemHFRCODPLLClockGet
                0x08003008        0xc ./gecko_sdk_4.4.5/platform/Device/SiliconLabs/EFR32BG27/Source/system_efr32bg27.o
                0x08003008                SystemHFRCODPLLClockGet
 .text.SystemSYSCLKGet
                0x08003014       0x34 ./gecko_sdk_4.4.5/platform/Device/SiliconLabs/EFR32BG27/Source/system_efr32bg27.o
                0x08003014                SystemSYSCLKGet
 .text.SystemHCLKGet
                0x08003048       0x24 ./gecko_sdk_4.4.5/platform/Device/SiliconLabs/EFR32BG27/Source/system_efr32bg27.o
                0x08003048                SystemHCLKGet
 .text.SystemMaxCoreClockGet
                0x0800306c        0x8 ./gecko_sdk_4.4.5/platform/Device/SiliconLabs/EFR32BG27/Source/system_efr32bg27.o
                0x0800306c                SystemMaxCoreClockGet
 .text.SystemHFXOClockGet
                0x08003074        0xc ./gecko_sdk_4.4.5/platform/Device/SiliconLabs/EFR32BG27/Source/system_efr32bg27.o
                0x08003074                SystemHFXOClockGet
 .text.SystemFSRCOClockGet
                0x08003080        0x8 ./gecko_sdk_4.4.5/platform/Device/SiliconLabs/EFR32BG27/Source/system_efr32bg27.o
                0x08003080                SystemFSRCOClockGet
 .text.SystemLFXOClockGet
                0x08003088        0xc ./gecko_sdk_4.4.5/platform/Device/SiliconLabs/EFR32BG27/Source/system_efr32bg27.o
                0x08003088                SystemLFXOClockGet
 .text._sbrk    0x08003094       0x20 ./gecko_sdk_4.4.5/platform/common/toolchain/src/sl_memory.o
                0x08003094                _sbrk
 .text.sl_debug_swo_init
                0x080030b4      0x10c ./gecko_sdk_4.4.5/platform/driver/debug/src/sl_debug_swo.o
                0x080030b4                sl_debug_swo_init
 .text.sl_debug_swo_write_u8
                0x080031c0       0x44 ./gecko_sdk_4.4.5/platform/driver/debug/src/sl_debug_swo.o
                0x080031c0                sl_debug_swo_write_u8
 .text.StartTransfer
                0x08003204      0x17c ./gecko_sdk_4.4.5/platform/emdrv/dmadrv/src/dmadrv.o
 .text.DMADRV_AllocateChannel
                0x08003380       0x60 ./gecko_sdk_4.4.5/platform/emdrv/dmadrv/src/dmadrv.o
                0x08003380                DMADRV_AllocateChannel
 .text.DMADRV_Init
                0x080033e0       0x68 ./gecko_sdk_4.4.5/platform/emdrv/dmadrv/src/dmadrv.o
                0x080033e0                DMADRV_Init
 .text.LDMA_IRQHandler
                0x08003448       0x74 ./gecko_sdk_4.4.5/platform/emdrv/dmadrv/src/dmadrv.o
                0x08003448                LDMA_IRQHandler
 .text.GPIOINT_IRQDispatcher
                0x080034bc       0x38 ./gecko_sdk_4.4.5/platform/emdrv/gpiointerrupt/src/gpiointerrupt.o
 .text.GPIOINT_Init
                0x080034f4       0x30 ./gecko_sdk_4.4.5/platform/emdrv/gpiointerrupt/src/gpiointerrupt.o
                0x080034f4                GPIOINT_Init
 .text.GPIO_EVEN_IRQHandler
                0x08003524       0x24 ./gecko_sdk_4.4.5/platform/emdrv/gpiointerrupt/src/gpiointerrupt.o
                0x08003524                GPIO_EVEN_IRQHandler
 .text.GPIO_ODD_IRQHandler
                0x08003548       0x24 ./gecko_sdk_4.4.5/platform/emdrv/gpiointerrupt/src/gpiointerrupt.o
                0x08003548                GPIO_ODD_IRQHandler
 .text.RxDMAComplete
                0x0800356c       0x50 ./gecko_sdk_4.4.5/platform/emdrv/spidrv/src/spidrv.o
 .text.StartTransferDMA
                0x080035bc       0xa8 ./gecko_sdk_4.4.5/platform/emdrv/spidrv/src/spidrv.o
 .text.TransferApiPrologue
                0x08003664       0x48 ./gecko_sdk_4.4.5/platform/emdrv/spidrv/src/spidrv.o
 .text.SPIDRV_Init
                0x080036ac      0x34c ./gecko_sdk_4.4.5/platform/emdrv/spidrv/src/spidrv.o
                0x080036ac                SPIDRV_Init
 .text.SPIDRV_MTransferB
                0x080039f8       0x4c ./gecko_sdk_4.4.5/platform/emdrv/spidrv/src/spidrv.o
                0x080039f8                SPIDRV_MTransferB
 .text.EMU_VScaleGet
                0x08003a44       0x18 ./gecko_sdk_4.4.5/platform/emlib/src/em_cmu.o
 .text.traceClkGet
                0x08003a5c       0x48 ./gecko_sdk_4.4.5/platform/emlib/src/em_cmu.o
 .text.em01GrpaClkGet
                0x08003aa4       0x48 ./gecko_sdk_4.4.5/platform/emlib/src/em_cmu.o
 .text.iadcClkGet
                0x08003aec       0x54 ./gecko_sdk_4.4.5/platform/emlib/src/em_cmu.o
 .text.em01GrpbClkGet
                0x08003b40       0x74 ./gecko_sdk_4.4.5/platform/emlib/src/em_cmu.o
 .text.em23GrpaClkGet
                0x08003bb4       0x48 ./gecko_sdk_4.4.5/platform/emlib/src/em_cmu.o
 .text.eusart0ClkGet
                0x08003bfc       0x54 ./gecko_sdk_4.4.5/platform/emlib/src/em_cmu.o
 .text.wdog0ClkGet
                0x08003c50       0x64 ./gecko_sdk_4.4.5/platform/emlib/src/em_cmu.o
 .text.rtccClkGet
                0x08003cb4       0x54 ./gecko_sdk_4.4.5/platform/emlib/src/em_cmu.o
 .text.em4GrpaClkGet
                0x08003d08       0x48 ./gecko_sdk_4.4.5/platform/emlib/src/em_cmu.o
 .text.CMU_ClockDivGet
                0x08003d50       0x78 ./gecko_sdk_4.4.5/platform/emlib/src/em_cmu.o
                0x08003d50                CMU_ClockDivGet
 .text.flashWaitStateControl
                0x08003dc8       0x4c ./gecko_sdk_4.4.5/platform/emlib/src/em_cmu.o
 .text.CMU_ClockEnable
                0x08003e14       0x54 ./gecko_sdk_4.4.5/platform/emlib/src/em_cmu.o
                0x08003e14                CMU_ClockEnable
 .text.CMU_ClockFreqGet
                0x08003e68      0x2d0 ./gecko_sdk_4.4.5/platform/emlib/src/em_cmu.o
                0x08003e68                CMU_ClockFreqGet
 .text.rhclkPrescOptimize
                0x08004138       0x20 ./gecko_sdk_4.4.5/platform/emlib/src/em_cmu.o
 .text.CMU_ClockDivSet
                0x08004158      0x12c ./gecko_sdk_4.4.5/platform/emlib/src/em_cmu.o
                0x08004158                CMU_ClockDivSet
 .text.sli_em_cmu_SYSCLKInitPreClockSelect
                0x08004284       0x20 ./gecko_sdk_4.4.5/platform/emlib/src/em_cmu.o
                0x08004284                sli_em_cmu_SYSCLKInitPreClockSelect
 .text.pclkDivOptimize
                0x080042a4       0x24 ./gecko_sdk_4.4.5/platform/emlib/src/em_cmu.o
 .text.__NVIC_GetPriority
                0x080042c8       0x24 ./gecko_sdk_4.4.5/platform/emlib/src/em_core.o
 .text.CORE_NvicIRQDisabled
                0x080042ec       0x34 ./gecko_sdk_4.4.5/platform/emlib/src/em_core.o
                0x080042ec                CORE_NvicIRQDisabled
 .text.CORE_IrqIsBlocked
                0x08004320       0x6c ./gecko_sdk_4.4.5/platform/emlib/src/em_core.o
                0x08004320                CORE_IrqIsBlocked
 .text.EMU_DCDCSync.constprop.0
                0x0800438c       0x10 ./gecko_sdk_4.4.5/platform/emlib/src/em_emu.o
 .text.EMU_EM4Init
                0x0800439c       0x14 ./gecko_sdk_4.4.5/platform/emlib/src/em_emu.o
                0x0800439c                EMU_EM4Init
 .text.EMU_VScaleEM01
                0x080043b0       0xa8 ./gecko_sdk_4.4.5/platform/emlib/src/em_emu.o
                0x080043b0                EMU_VScaleEM01
 .text.EMU_VScaleEM01ByClock
                0x08004458       0x30 ./gecko_sdk_4.4.5/platform/emlib/src/em_emu.o
                0x08004458                EMU_VScaleEM01ByClock
 .text.EMU_DCDCModeSet
                0x08004488       0xac ./gecko_sdk_4.4.5/platform/emlib/src/em_emu.o
                0x08004488                EMU_DCDCModeSet
 .text.EMU_DCDCInit
                0x08004534       0x74 ./gecko_sdk_4.4.5/platform/emlib/src/em_emu.o
                0x08004534                EMU_DCDCInit
 .text.EUSART_Reset
                0x080045a8       0x3c ./gecko_sdk_4.4.5/platform/emlib/src/em_eusart.o
                0x080045a8                EUSART_Reset
 .text.EUSART_Enable
                0x080045e4       0x60 ./gecko_sdk_4.4.5/platform/emlib/src/em_eusart.o
                0x080045e4                EUSART_Enable
 .text.EUSART_BaudrateSet
                0x08004644      0x1b0 ./gecko_sdk_4.4.5/platform/emlib/src/em_eusart.o
                0x08004644                EUSART_BaudrateSet
 .text.EUSART_SpiInit
                0x080047f4      0x1dc ./gecko_sdk_4.4.5/platform/emlib/src/em_eusart.o
                0x080047f4                EUSART_SpiInit
 .text.GPIO_PinOutSet
                0x080049d0       0x38 ./gecko_sdk_4.4.5/platform/emlib/src/em_gpio.o
 .text.GPIO_PinOutClear
                0x08004a08       0x38 ./gecko_sdk_4.4.5/platform/emlib/src/em_gpio.o
 .text.GPIO_PinModeSet
                0x08004a40       0x90 ./gecko_sdk_4.4.5/platform/emlib/src/em_gpio.o
                0x08004a40                GPIO_PinModeSet
 .text.LDMA_Init
                0x08004ad0       0x94 ./gecko_sdk_4.4.5/platform/emlib/src/em_ldma.o
                0x08004ad0                LDMA_Init
 .text.LDMA_StartTransfer
                0x08004b64       0xfc ./gecko_sdk_4.4.5/platform/emlib/src/em_ldma.o
                0x08004b64                LDMA_StartTransfer
 .text.RTCC_ChannelInit
                0x08004c60       0x48 ./gecko_sdk_4.4.5/platform/emlib/src/em_rtcc.o
                0x08004c60                RTCC_ChannelInit
 .text.RTCC_Enable
                0x08004ca8       0x54 ./gecko_sdk_4.4.5/platform/emlib/src/em_rtcc.o
                0x08004ca8                RTCC_Enable
 .text.RTCC_Init
                0x08004cfc       0x48 ./gecko_sdk_4.4.5/platform/emlib/src/em_rtcc.o
                0x08004cfc                RTCC_Init
 .text.USART_BaudrateSyncSet
                0x08004d44       0x48 ./gecko_sdk_4.4.5/platform/emlib/src/em_usart.o
                0x08004d44                USART_BaudrateSyncSet
 .text.USART_Reset
                0x08004d8c       0x70 ./gecko_sdk_4.4.5/platform/emlib/src/em_usart.o
                0x08004d8c                USART_Reset
 .text.USART_InitSync
                0x08004dfc       0xcc ./gecko_sdk_4.4.5/platform/emlib/src/em_usart.o
                0x08004dfc                USART_InitSync
 .text.sl_device_init_dcdc
                0x08004ec8       0x28 ./gecko_sdk_4.4.5/platform/service/device_init/src/sl_device_init_dcdc_s2.o
                0x08004ec8                sl_device_init_dcdc
 .text.sl_device_init_emu
                0x08004ef0       0x24 ./gecko_sdk_4.4.5/platform/service/device_init/src/sl_device_init_emu_s2.o
                0x08004ef0                sl_device_init_emu
 .text.sl_device_init_nvic
                0x08004f14       0x3c ./gecko_sdk_4.4.5/platform/service/device_init/src/sl_device_init_nvic.o
                0x08004f14                sl_device_init_nvic
 .text.sl_iostream_set_default
                0x08004f50       0x18 ./gecko_sdk_4.4.5/platform/service/iostream/src/sl_iostream.o
                0x08004f50                sl_iostream_set_default
 .text.sl_iostream_get_default
                0x08004f68       0x18 ./gecko_sdk_4.4.5/platform/service/iostream/src/sl_iostream.o
                0x08004f68                sl_iostream_get_default
 .text._write   0x08004f80       0x20 ./gecko_sdk_4.4.5/platform/service/iostream/src/sl_iostream_retarget_stdio.o
                0x08004f80                _write
 .text.sl_iostream_stdlib_disable_buffering
                0x08004fa0       0x14 ./gecko_sdk_4.4.5/platform/service/iostream/src/sl_iostream_stdlib_config.o
                0x08004fa0                sl_iostream_stdlib_disable_buffering
 .text.sl_iostream_swo_init
                0x08004fb4       0x1c ./gecko_sdk_4.4.5/platform/service/iostream/src/sl_iostream_swo.o
                0x08004fb4                sl_iostream_swo_init
 .text.delta_list_insert_timer
                0x08004fd0       0x40 ./gecko_sdk_4.4.5/platform/service/sleeptimer/src/sl_sleeptimer.o
 .text.update_delta_list
                0x08005010       0x34 ./gecko_sdk_4.4.5/platform/service/sleeptimer/src/sl_sleeptimer.o
 .text.set_comparator_for_next_timer
                0x08005044       0x5c ./gecko_sdk_4.4.5/platform/service/sleeptimer/src/sl_sleeptimer.o
 .text.delta_list_remove_timer
                0x080050a0       0x38 ./gecko_sdk_4.4.5/platform/service/sleeptimer/src/sl_sleeptimer.o
 .text.sl_sleeptimer_init
                0x080050d8       0x74 ./gecko_sdk_4.4.5/platform/service/sleeptimer/src/sl_sleeptimer.o
                0x080050d8                sl_sleeptimer_init
 .text.sl_sleeptimer_stop_timer
                0x0800514c       0x60 ./gecko_sdk_4.4.5/platform/service/sleeptimer/src/sl_sleeptimer.o
                0x0800514c                sl_sleeptimer_stop_timer
 .text.process_timer_irq
                0x080051ac      0x154 ./gecko_sdk_4.4.5/platform/service/sleeptimer/src/sl_sleeptimer.o
                0x080051ac                process_timer_irq
 .text.sleeptimer_hal_init_timer
                0x08005300       0x88 ./gecko_sdk_4.4.5/platform/service/sleeptimer/src/sl_sleeptimer_hal_rtcc.o
                0x08005300                sleeptimer_hal_init_timer
 .text.sleeptimer_hal_set_compare
                0x08005388       0x64 ./gecko_sdk_4.4.5/platform/service/sleeptimer/src/sl_sleeptimer_hal_rtcc.o
                0x08005388                sleeptimer_hal_set_compare
 .text.sleeptimer_hal_disable_int
                0x080053ec       0x30 ./gecko_sdk_4.4.5/platform/service/sleeptimer/src/sl_sleeptimer_hal_rtcc.o
                0x080053ec                sleeptimer_hal_disable_int
 .text.sleeptimer_hal_set_int
                0x0800541c       0x10 ./gecko_sdk_4.4.5/platform/service/sleeptimer/src/sl_sleeptimer_hal_rtcc.o
                0x0800541c                sleeptimer_hal_set_int
 .text.RTCC_IRQHandler
                0x0800542c       0x34 ./gecko_sdk_4.4.5/platform/service/sleeptimer/src/sl_sleeptimer_hal_rtcc.o
                0x0800542c                RTCC_IRQHandler
 .text.sl_udelay_wait
                0x08005460       0x58 ./gecko_sdk_4.4.5/platform/service/udelay/src/sl_udelay.o
                0x08005460                sl_udelay_wait
 .text          0x080054b8      0x378 c:/siliconlabs/simplicitystudio/v5/developer/toolchains/gnu_arm/12.2.rel1_2023.7/bin/../lib/gcc/arm-none-eabi/12.2.1/thumb/v8-m.main+fp/hard\libgcc.a(_arm_addsubdf3.o)
                0x080054b8                __aeabi_drsub
                0x080054c0                __aeabi_dsub
                0x080054c0                __subdf3
                0x080054c4                __aeabi_dadd
                0x080054c4                __adddf3
                0x0800573c                __floatunsidf
                0x0800573c                __aeabi_ui2d
                0x0800575c                __floatsidf
                0x0800575c                __aeabi_i2d
                0x08005780                __aeabi_f2d
                0x08005780                __extendsfdf2
                0x080057c4                __floatundidf
                0x080057c4                __aeabi_ul2d
                0x080057d4                __floatdidf
                0x080057d4                __aeabi_l2d
 .text          0x08005830      0x424 c:/siliconlabs/simplicitystudio/v5/developer/toolchains/gnu_arm/12.2.rel1_2023.7/bin/../lib/gcc/arm-none-eabi/12.2.1/thumb/v8-m.main+fp/hard\libgcc.a(_arm_muldivdf3.o)
                0x08005830                __aeabi_dmul
                0x08005830                __muldf3
                0x08005a84                __divdf3
                0x08005a84                __aeabi_ddiv
 .text          0x08005c54      0x110 c:/siliconlabs/simplicitystudio/v5/developer/toolchains/gnu_arm/12.2.rel1_2023.7/bin/../lib/gcc/arm-none-eabi/12.2.1/thumb/v8-m.main+fp/hard\libgcc.a(_arm_cmpdf2.o)
                0x08005c54                __gtdf2
                0x08005c54                __gedf2
                0x08005c5c                __ltdf2
                0x08005c5c                __ledf2
                0x08005c64                __nedf2
                0x08005c64                __eqdf2
                0x08005c64                __cmpdf2
                0x08005ce0                __aeabi_cdrcmple
                0x08005cf0                __aeabi_cdcmpeq
                0x08005cf0                __aeabi_cdcmple
                0x08005d00                __aeabi_dcmpeq
                0x08005d14                __aeabi_dcmplt
                0x08005d28                __aeabi_dcmple
                0x08005d3c                __aeabi_dcmpge
                0x08005d50                __aeabi_dcmpgt
 .text          0x08005d64       0xa0 c:/siliconlabs/simplicitystudio/v5/developer/toolchains/gnu_arm/12.2.rel1_2023.7/bin/../lib/gcc/arm-none-eabi/12.2.1/thumb/v8-m.main+fp/hard\libgcc.a(_arm_truncdfsf2.o)
                0x08005d64                __truncdfsf2
                0x08005d64                __aeabi_d2f
 .text          0x08005e04       0x30 c:/siliconlabs/simplicitystudio/v5/developer/toolchains/gnu_arm/12.2.rel1_2023.7/bin/../lib/gcc/arm-none-eabi/12.2.1/thumb/v8-m.main+fp/hard\libgcc.a(_aeabi_uldivmod.o)
                0x08005e04                __aeabi_uldivmod
 .text.__udivmoddi4
                0x08005e34      0x2ec c:/siliconlabs/simplicitystudio/v5/developer/toolchains/gnu_arm/12.2.rel1_2023.7/bin/../lib/gcc/arm-none-eabi/12.2.1/thumb/v8-m.main+fp/hard\libgcc.a(_udivmoddi4.o)
                0x08005e34                __udivmoddi4
 .text          0x08006120        0x4 c:/siliconlabs/simplicitystudio/v5/developer/toolchains/gnu_arm/12.2.rel1_2023.7/bin/../lib/gcc/arm-none-eabi/12.2.1/thumb/v8-m.main+fp/hard\libgcc.a(_dvmd_tls.o)
                0x08006120                __aeabi_idiv0
                0x08006120                __aeabi_ldiv0
 .text.exit     0x08006124       0x24 c:/siliconlabs/simplicitystudio/v5/developer/toolchains/gnu_arm/12.2.rel1_2023.7/bin/../lib/gcc/arm-none-eabi/12.2.1/thumb/v8-m.main+fp/hard\libc_nano.a(libc_a-exit.o)
                0x08006124                exit
 .text._printf_float
                0x08006148      0x468 c:/siliconlabs/simplicitystudio/v5/developer/toolchains/gnu_arm/12.2.rel1_2023.7/bin/../lib/gcc/arm-none-eabi/12.2.1/thumb/v8-m.main+fp/hard\libc_nano.a(libc_a-nano-vfprintf_float.o)
                0x08006148                _printf_float
 .text._printf_i
                0x080065b0      0x258 c:/siliconlabs/simplicitystudio/v5/developer/toolchains/gnu_arm/12.2.rel1_2023.7/bin/../lib/gcc/arm-none-eabi/12.2.1/thumb/v8-m.main+fp/hard\libc_nano.a(libc_a-nano-vfprintf_i.o)
                0x080065b0                _printf_i
 .text.std      0x08006808       0x6c c:/siliconlabs/simplicitystudio/v5/developer/toolchains/gnu_arm/12.2.rel1_2023.7/bin/../lib/gcc/arm-none-eabi/12.2.1/thumb/v8-m.main+fp/hard\libc_nano.a(libc_a-findfp.o)
 .text.stdio_exit_handler
                0x08006874       0x18 c:/siliconlabs/simplicitystudio/v5/developer/toolchains/gnu_arm/12.2.rel1_2023.7/bin/../lib/gcc/arm-none-eabi/12.2.1/thumb/v8-m.main+fp/hard\libc_nano.a(libc_a-findfp.o)
 .text.cleanup_stdio
                0x0800688c       0x40 c:/siliconlabs/simplicitystudio/v5/developer/toolchains/gnu_arm/12.2.rel1_2023.7/bin/../lib/gcc/arm-none-eabi/12.2.1/thumb/v8-m.main+fp/hard\libc_nano.a(libc_a-findfp.o)
 .text.global_stdio_init.part.0
                0x080068cc       0x3c c:/siliconlabs/simplicitystudio/v5/developer/toolchains/gnu_arm/12.2.rel1_2023.7/bin/../lib/gcc/arm-none-eabi/12.2.1/thumb/v8-m.main+fp/hard\libc_nano.a(libc_a-findfp.o)
 .text.__sfp_lock_acquire
                0x08006908        0xc c:/siliconlabs/simplicitystudio/v5/developer/toolchains/gnu_arm/12.2.rel1_2023.7/bin/../lib/gcc/arm-none-eabi/12.2.1/thumb/v8-m.main+fp/hard\libc_nano.a(libc_a-findfp.o)
                0x08006908                __sfp_lock_acquire
 .text.__sfp_lock_release
                0x08006914        0xc c:/siliconlabs/simplicitystudio/v5/developer/toolchains/gnu_arm/12.2.rel1_2023.7/bin/../lib/gcc/arm-none-eabi/12.2.1/thumb/v8-m.main+fp/hard\libc_nano.a(libc_a-findfp.o)
                0x08006914                __sfp_lock_release
 .text.__sinit  0x08006920       0x30 c:/siliconlabs/simplicitystudio/v5/developer/toolchains/gnu_arm/12.2.rel1_2023.7/bin/../lib/gcc/arm-none-eabi/12.2.1/thumb/v8-m.main+fp/hard\libc_nano.a(libc_a-findfp.o)
                0x08006920                __sinit
 .text.printf   0x08006950       0x24 c:/siliconlabs/simplicitystudio/v5/developer/toolchains/gnu_arm/12.2.rel1_2023.7/bin/../lib/gcc/arm-none-eabi/12.2.1/thumb/v8-m.main+fp/hard\libc_nano.a(libc_a-printf.o)
                0x08006950                iprintf
                0x08006950                printf
 .text.setvbuf  0x08006974      0x168 c:/siliconlabs/simplicitystudio/v5/developer/toolchains/gnu_arm/12.2.rel1_2023.7/bin/../lib/gcc/arm-none-eabi/12.2.1/thumb/v8-m.main+fp/hard\libc_nano.a(libc_a-setvbuf.o)
                0x08006974                setvbuf
 .text._localeconv_r
                0x08006adc        0x8 c:/siliconlabs/simplicitystudio/v5/developer/toolchains/gnu_arm/12.2.rel1_2023.7/bin/../lib/gcc/arm-none-eabi/12.2.1/thumb/v8-m.main+fp/hard\libc_nano.a(libc_a-localeconv.o)
                0x08006adc                _localeconv_r
 .text._close_r
                0x08006ae4       0x20 c:/siliconlabs/simplicitystudio/v5/developer/toolchains/gnu_arm/12.2.rel1_2023.7/bin/../lib/gcc/arm-none-eabi/12.2.1/thumb/v8-m.main+fp/hard\libc_nano.a(libc_a-closer.o)
                0x08006ae4                _close_r
 .text._lseek_r
                0x08006b04       0x24 c:/siliconlabs/simplicitystudio/v5/developer/toolchains/gnu_arm/12.2.rel1_2023.7/bin/../lib/gcc/arm-none-eabi/12.2.1/thumb/v8-m.main+fp/hard\libc_nano.a(libc_a-lseekr.o)
                0x08006b04                _lseek_r
 .text._read_r  0x08006b28       0x24 c:/siliconlabs/simplicitystudio/v5/developer/toolchains/gnu_arm/12.2.rel1_2023.7/bin/../lib/gcc/arm-none-eabi/12.2.1/thumb/v8-m.main+fp/hard\libc_nano.a(libc_a-readr.o)
                0x08006b28                _read_r
 .text._write_r
                0x08006b4c       0x24 c:/siliconlabs/simplicitystudio/v5/developer/toolchains/gnu_arm/12.2.rel1_2023.7/bin/../lib/gcc/arm-none-eabi/12.2.1/thumb/v8-m.main+fp/hard\libc_nano.a(libc_a-writer.o)
                0x08006b4c                _write_r
 .text.__libc_init_array
                0x08006b70       0x48 c:/siliconlabs/simplicitystudio/v5/developer/toolchains/gnu_arm/12.2.rel1_2023.7/bin/../lib/gcc/arm-none-eabi/12.2.1/thumb/v8-m.main+fp/hard\libc_nano.a(libc_a-init.o)
                0x08006b70                __libc_init_array
 .text._free_r  0x08006bb8       0x94 c:/siliconlabs/simplicitystudio/v5/developer/toolchains/gnu_arm/12.2.rel1_2023.7/bin/../lib/gcc/arm-none-eabi/12.2.1/thumb/v8-m.main+fp/hard\libc_nano.a(libc_a-freer.o)
                0x08006bb8                _free_r
 .text.malloc   0x08006c4c       0x10 c:/siliconlabs/simplicitystudio/v5/developer/toolchains/gnu_arm/12.2.rel1_2023.7/bin/../lib/gcc/arm-none-eabi/12.2.1/thumb/v8-m.main+fp/hard\libc_nano.a(libc_a-malloc.o)
                0x08006c4c                malloc
 .text.sbrk_aligned
                0x08006c5c       0x44 c:/siliconlabs/simplicitystudio/v5/developer/toolchains/gnu_arm/12.2.rel1_2023.7/bin/../lib/gcc/arm-none-eabi/12.2.1/thumb/v8-m.main+fp/hard\libc_nano.a(libc_a-mallocr.o)
 .text._malloc_r
                0x08006ca0       0xf0 c:/siliconlabs/simplicitystudio/v5/developer/toolchains/gnu_arm/12.2.rel1_2023.7/bin/../lib/gcc/arm-none-eabi/12.2.1/thumb/v8-m.main+fp/hard\libc_nano.a(libc_a-mallocr.o)
                0x08006ca0                _malloc_r
 .text.__malloc_lock
                0x08006d90        0xc c:/siliconlabs/simplicitystudio/v5/developer/toolchains/gnu_arm/12.2.rel1_2023.7/bin/../lib/gcc/arm-none-eabi/12.2.1/thumb/v8-m.main+fp/hard\libc_nano.a(libc_a-mlock.o)
                0x08006d90                __malloc_lock
 .text.__malloc_unlock
                0x08006d9c        0xc c:/siliconlabs/simplicitystudio/v5/developer/toolchains/gnu_arm/12.2.rel1_2023.7/bin/../lib/gcc/arm-none-eabi/12.2.1/thumb/v8-m.main+fp/hard\libc_nano.a(libc_a-mlock.o)
                0x08006d9c                __malloc_unlock
 .text._Balloc  0x08006da8       0x80 c:/siliconlabs/simplicitystudio/v5/developer/toolchains/gnu_arm/12.2.rel1_2023.7/bin/../lib/gcc/arm-none-eabi/12.2.1/thumb/v8-m.main+fp/hard\libc_nano.a(libc_a-mprec.o)
                0x08006da8                _Balloc
 .text._Bfree   0x08006e28       0x44 c:/siliconlabs/simplicitystudio/v5/developer/toolchains/gnu_arm/12.2.rel1_2023.7/bin/../lib/gcc/arm-none-eabi/12.2.1/thumb/v8-m.main+fp/hard\libc_nano.a(libc_a-mprec.o)
                0x08006e28                _Bfree
 .text.__multadd
                0x08006e6c       0x90 c:/siliconlabs/simplicitystudio/v5/developer/toolchains/gnu_arm/12.2.rel1_2023.7/bin/../lib/gcc/arm-none-eabi/12.2.1/thumb/v8-m.main+fp/hard\libc_nano.a(libc_a-mprec.o)
                0x08006e6c                __multadd
 .text.__i2b    0x08006efc       0x2c c:/siliconlabs/simplicitystudio/v5/developer/toolchains/gnu_arm/12.2.rel1_2023.7/bin/../lib/gcc/arm-none-eabi/12.2.1/thumb/v8-m.main+fp/hard\libc_nano.a(libc_a-mprec.o)
                0x08006efc                __i2b
 .text.__multiply
                0x08006f28      0x154 c:/siliconlabs/simplicitystudio/v5/developer/toolchains/gnu_arm/12.2.rel1_2023.7/bin/../lib/gcc/arm-none-eabi/12.2.1/thumb/v8-m.main+fp/hard\libc_nano.a(libc_a-mprec.o)
                0x08006f28                __multiply
 .text.__pow5mult
                0x0800707c       0xb4 c:/siliconlabs/simplicitystudio/v5/developer/toolchains/gnu_arm/12.2.rel1_2023.7/bin/../lib/gcc/arm-none-eabi/12.2.1/thumb/v8-m.main+fp/hard\libc_nano.a(libc_a-mprec.o)
                0x0800707c                __pow5mult
 .text.__lshift
                0x08007130       0xd8 c:/siliconlabs/simplicitystudio/v5/developer/toolchains/gnu_arm/12.2.rel1_2023.7/bin/../lib/gcc/arm-none-eabi/12.2.1/thumb/v8-m.main+fp/hard\libc_nano.a(libc_a-mprec.o)
                0x08007130                __lshift
 .text.__mdiff  0x08007208      0x130 c:/siliconlabs/simplicitystudio/v5/developer/toolchains/gnu_arm/12.2.rel1_2023.7/bin/../lib/gcc/arm-none-eabi/12.2.1/thumb/v8-m.main+fp/hard\libc_nano.a(libc_a-mprec.o)
                0x08007208                __mdiff
 .text.__d2b    0x08007338       0xb0 c:/siliconlabs/simplicitystudio/v5/developer/toolchains/gnu_arm/12.2.rel1_2023.7/bin/../lib/gcc/arm-none-eabi/12.2.1/thumb/v8-m.main+fp/hard\libc_nano.a(libc_a-mprec.o)
                0x08007338                __d2b
 .text._vfprintf_r
                0x080073e8      0x230 c:/siliconlabs/simplicitystudio/v5/developer/toolchains/gnu_arm/12.2.rel1_2023.7/bin/../lib/gcc/arm-none-eabi/12.2.1/thumb/v8-m.main+fp/hard\libc_nano.a(libc_a-nano-vfprintf.o)
                0x080073e8                _vfprintf_r
                0x080073e8                _vfiprintf_r
 .text.__swsetup_r
                0x08007618       0xac c:/siliconlabs/simplicitystudio/v5/developer/toolchains/gnu_arm/12.2.rel1_2023.7/bin/../lib/gcc/arm-none-eabi/12.2.1/thumb/v8-m.main+fp/hard\libc_nano.a(libc_a-wsetup.o)
                0x08007618                __swsetup_r
 .text._fstat_r
                0x080076c4       0x24 c:/siliconlabs/simplicitystudio/v5/developer/toolchains/gnu_arm/12.2.rel1_2023.7/bin/../lib/gcc/arm-none-eabi/12.2.1/thumb/v8-m.main+fp/hard\libc_nano.a(libc_a-fstatr.o)
                0x080076c4                _fstat_r
 .text._isatty_r
                0x080076e8       0x20 c:/siliconlabs/simplicitystudio/v5/developer/toolchains/gnu_arm/12.2.rel1_2023.7/bin/../lib/gcc/arm-none-eabi/12.2.1/thumb/v8-m.main+fp/hard\libc_nano.a(libc_a-isattyr.o)
                0x080076e8                _isatty_r
 .text._sbrk_r  0x08007708       0x20 c:/siliconlabs/simplicitystudio/v5/developer/toolchains/gnu_arm/12.2.rel1_2023.7/bin/../lib/gcc/arm-none-eabi/12.2.1/thumb/v8-m.main+fp/hard\libc_nano.a(libc_a-sbrkr.o)
                0x08007708                _sbrk_r
 .text.__assert_func
                0x08007728       0x3c c:/siliconlabs/simplicitystudio/v5/developer/toolchains/gnu_arm/12.2.rel1_2023.7/bin/../lib/gcc/arm-none-eabi/12.2.1/thumb/v8-m.main+fp/hard\libc_nano.a(libc_a-assert.o)
                0x08007728                __assert_func
 .text.fprintf  0x08007764       0x24 c:/siliconlabs/simplicitystudio/v5/developer/toolchains/gnu_arm/12.2.rel1_2023.7/bin/../lib/gcc/arm-none-eabi/12.2.1/thumb/v8-m.main+fp/hard\libc_nano.a(libc_a-fprintf.o)
                0x08007764                fiprintf
                0x08007764                fprintf
 .text.raise    0x08007788       0x10 c:/siliconlabs/simplicitystudio/v5/developer/toolchains/gnu_arm/12.2.rel1_2023.7/bin/../lib/gcc/arm-none-eabi/12.2.1/thumb/v8-m.main+fp/hard\libc_nano.a(libc_a-signal.o)
                0x08007788                raise
 .text._kill_r  0x08007798       0x24 c:/siliconlabs/simplicitystudio/v5/developer/toolchains/gnu_arm/12.2.rel1_2023.7/bin/../lib/gcc/arm-none-eabi/12.2.1/thumb/v8-m.main+fp/hard\libc_nano.a(libc_a-signalr.o)
                0x08007798                _kill_r
 .text.atan2    0x080077bc        0x4 c:/siliconlabs/simplicitystudio/v5/developer/toolchains/gnu_arm/12.2.rel1_2023.7/bin/../lib/gcc/arm-none-eabi/12.2.1/thumb/v8-m.main+fp/hard\libm.a(libm_a-w_atan2.o)
                0x080077bc                atan2
 .text.sqrt     0x080077c0       0x68 c:/siliconlabs/simplicitystudio/v5/developer/toolchains/gnu_arm/12.2.rel1_2023.7/bin/../lib/gcc/arm-none-eabi/12.2.1/thumb/v8-m.main+fp/hard\libm.a(libm_a-w_sqrt.o)
                0x080077c0                sqrt
 .text.__ieee754_sqrt
                0x08007828      0x1f4 c:/siliconlabs/simplicitystudio/v5/developer/toolchains/gnu_arm/12.2.rel1_2023.7/bin/../lib/gcc/arm-none-eabi/12.2.1/thumb/v8-m.main+fp/hard\libm.a(libm_a-e_sqrt.o)
                0x08007828                __ieee754_sqrt
 .text.fabs     0x08007a1c       0x10 c:/siliconlabs/simplicitystudio/v5/developer/toolchains/gnu_arm/12.2.rel1_2023.7/bin/../lib/gcc/arm-none-eabi/12.2.1/thumb/v8-m.main+fp/hard\libm.a(libm_a-s_fabs.o)
                0x08007a1c                fabs
 .text          0x08007a2c       0x2c c:/siliconlabs/simplicitystudio/v5/developer/toolchains/gnu_arm/12.2.rel1_2023.7/bin/../lib/gcc/arm-none-eabi/12.2.1/thumb/v8-m.main+fp/hard\libgcc.a(_arm_unorddf2.o)
                0x08007a2c                __unorddf2
                0x08007a2c                __aeabi_dcmpun
 .text          0x08007a58       0x50 c:/siliconlabs/simplicitystudio/v5/developer/toolchains/gnu_arm/12.2.rel1_2023.7/bin/../lib/gcc/arm-none-eabi/12.2.1/thumb/v8-m.main+fp/hard\libgcc.a(_arm_fixdfsi.o)
                0x08007a58                __aeabi_d2iz
                0x08007a58                __fixdfsi
 .text.__errno  0x08007aa8        0xc c:/siliconlabs/simplicitystudio/v5/developer/toolchains/gnu_arm/12.2.rel1_2023.7/bin/../lib/gcc/arm-none-eabi/12.2.1/thumb/v8-m.main+fp/hard\libc_nano.a(libc_a-errno.o)
                0x08007aa8                __errno
 .text.AD5940_Delay10us
                0x08007ab4        0x8 ./EFR32_port.o
                0x08007ab4                AD5940_Delay10us
 .text.app_process_action
                0x08007abc       0x16 ./app.o
                0x08007abc                app_process_action
 .text.startup.main
                0x08007ad2       0x16 ./main.o
                0x08007ad2                main
 .text._is_value_in_table
                0x08007ae8       0x1a ./ad5940lib/ad5940.o
 .text.AD5940_ReadWrite16B
                0x08007b02       0x20 ./ad5940lib/ad5940.o
 .text.AD5940_ReadWrite32B
                0x08007b22       0x1c ./ad5940lib/ad5940.o
 .text.AD5940_ReadWrite8B.isra.0
                0x08007b3e       0x16 ./ad5940lib/ad5940.o
 .text.AD5940_SPIReadReg
                0x08007b54       0x4e ./ad5940lib/ad5940.o
 .text.AD5940_StructInit
                0x08007ba2        0x8 ./ad5940lib/ad5940.o
                0x08007ba2                AD5940_StructInit
 .text.AD5940_ComplexDivInt
                0x08007baa       0x46 ./ad5940lib/ad5940.o
                0x08007baa                AD5940_ComplexDivInt
 .text.AD5940_ComplexMag
                0x08007bf0       0x30 ./ad5940lib/ad5940.o
                0x08007bf0                AD5940_ComplexMag
 .text.AD5940_ComplexPhase
                0x08007c20       0x3a ./ad5940lib/ad5940.o
                0x08007c20                AD5940_ComplexPhase
 .text.AD5940_FIFORd
                0x08007c5a       0x94 ./ad5940lib/ad5940.o
                0x08007c5a                AD5940_FIFORd
 .text.AD5940_AFECtrlS
                0x08007cee       0x58 ./ad5940lib/ad5940.o
                0x08007cee                AD5940_AFECtrlS
 .text.AD5940_AFEPwrBW
                0x08007d46        0xc ./ad5940lib/ad5940.o
                0x08007d46                AD5940_AFEPwrBW
 .text.AD5940_REFCfgS
                0x08007d52       0xaa ./ad5940lib/ad5940.o
                0x08007d52                AD5940_REFCfgS
 .text.AD5940_SWMatrixCfgS
                0x08007dfc       0x3c ./ad5940lib/ad5940.o
                0x08007dfc                AD5940_SWMatrixCfgS
 .text.AD5940_HSDacCfgS
                0x08007e38       0x28 ./ad5940lib/ad5940.o
                0x08007e38                AD5940_HSDacCfgS
 .text.AD5940_HSTIACfgS
                0x08007e60       0x52 ./ad5940lib/ad5940.o
                0x08007e60                AD5940_HSTIACfgS
 .text.AD5940_WGCfgS
                0x08007eb2       0x9e ./ad5940lib/ad5940.o
                0x08007eb2                AD5940_WGCfgS
 .text.AD5940_HSLoopCfgS
                0x08007f50       0x24 ./ad5940lib/ad5940.o
                0x08007f50                AD5940_HSLoopCfgS
 .text.AD5940_WGDACCodeS
                0x08007f74       0x12 ./ad5940lib/ad5940.o
                0x08007f74                AD5940_WGDACCodeS
 .text.AD5940_LPDAC0WriteS
                0x08007f86       0x14 ./ad5940lib/ad5940.o
                0x08007f86                AD5940_LPDAC0WriteS
 .text.AD5940_LPDAC1WriteS
                0x08007f9a       0x14 ./ad5940lib/ad5940.o
                0x08007f9a                AD5940_LPDAC1WriteS
 .text.AD5940_LPDACCfgS
                0x08007fae       0x6c ./ad5940lib/ad5940.o
                0x08007fae                AD5940_LPDACCfgS
 .text.AD5940_LPAMPCfgS
                0x0800801a       0x64 ./ad5940lib/ad5940.o
                0x0800801a                AD5940_LPAMPCfgS
 .text.AD5940_LPLoopCfgS
                0x0800807e       0x14 ./ad5940lib/ad5940.o
                0x0800807e                AD5940_LPLoopCfgS
 .text.AD5940_ADCBaseCfgS
                0x08008092       0x16 ./ad5940lib/ad5940.o
                0x08008092                AD5940_ADCBaseCfgS
 .text.AD5940_ADCFilterCfgS
                0x080080a8       0x58 ./ad5940lib/ad5940.o
                0x080080a8                AD5940_ADCFilterCfgS
 .text.AD5940_ADCDigCompCfgS
                0x08008100       0x30 ./ad5940lib/ad5940.o
                0x08008100                AD5940_ADCDigCompCfgS
 .text.AD5940_StatisticCfgS
                0x08008130       0x1c ./ad5940lib/ad5940.o
                0x08008130                AD5940_StatisticCfgS
 .text.AD5940_DFTCfgS
                0x0800814c       0x4e ./ad5940lib/ad5940.o
                0x0800814c                AD5940_DFTCfgS
 .text.AD5940_DSPCfgS
                0x0800819a       0x2c ./ad5940lib/ad5940.o
                0x0800819a                AD5940_DSPCfgS
 .text.AD5940_FIFOCfg
                0x080081c6       0x56 ./ad5940lib/ad5940.o
                0x080081c6                AD5940_FIFOCfg
 .text.AD5940_FIFOCtrlS
                0x0800821c       0x16 ./ad5940lib/ad5940.o
                0x0800821c                AD5940_FIFOCtrlS
 .text.AD5940_FIFOGetCnt
                0x08008232        0xe ./ad5940lib/ad5940.o
                0x08008232                AD5940_FIFOGetCnt
 .text.AD5940_SEQCfg
                0x08008240       0x70 ./ad5940lib/ad5940.o
                0x08008240                AD5940_SEQCfg
 .text.AD5940_SEQGetCfg
                0x080082b0       0x36 ./ad5940lib/ad5940.o
                0x080082b0                AD5940_SEQGetCfg
 .text.AD5940_SEQCtrlS
                0x080082e6       0x26 ./ad5940lib/ad5940.o
                0x080082e6                AD5940_SEQCtrlS
 .text.AD5940_SEQMmrTrig
                0x0800830c       0x12 ./ad5940lib/ad5940.o
                0x0800830c                AD5940_SEQMmrTrig
 .text.AD5940_SEQCmdWrite
                0x0800831e       0x28 ./ad5940lib/ad5940.o
                0x0800831e                AD5940_SEQCmdWrite
 .text.AD5940_SEQInfoCfg
                0x08008346       0x62 ./ad5940lib/ad5940.o
                0x08008346                AD5940_SEQInfoCfg
 .text.AD5940_SEQGpioCtrlS
                0x080083a8        0xa ./ad5940lib/ad5940.o
                0x080083a8                AD5940_SEQGpioCtrlS
 .text.AD5940_SEQTimeOutRd
                0x080083b2        0x8 ./ad5940lib/ad5940.o
                0x080083b2                AD5940_SEQTimeOutRd
 .text.AD5940_WUPTCfg
                0x080083ba      0x13e ./ad5940lib/ad5940.o
                0x080083ba                AD5940_WUPTCfg
 .text.AD5940_WUPTCtrl
                0x080084f8       0x28 ./ad5940lib/ad5940.o
                0x080084f8                AD5940_WUPTCtrl
 .text.AD5940_WUPTTime
                0x08008520       0xc6 ./ad5940lib/ad5940.o
                0x08008520                AD5940_WUPTTime
 .text.AD5940_HFOSC32MHzCtrl
                0x080085e6       0x78 ./ad5940lib/ad5940.o
                0x080085e6                AD5940_HFOSC32MHzCtrl
 .text.AD5940_CLKCfg
                0x0800865e       0xfe ./ad5940lib/ad5940.o
                0x0800865e                AD5940_CLKCfg
 .text.AD5940_INTCCfg
                0x0800875c       0x30 ./ad5940lib/ad5940.o
                0x0800875c                AD5940_INTCCfg
 .text.AD5940_INTCClrFlag
                0x0800878c        0xa ./ad5940lib/ad5940.o
                0x0800878c                AD5940_INTCClrFlag
 .text.AD5940_INTCTestFlag
                0x08008796       0x22 ./ad5940lib/ad5940.o
                0x08008796                AD5940_INTCTestFlag
 .text.AD5940_INTCGetFlag
                0x080087b8       0x14 ./ad5940lib/ad5940.o
                0x080087b8                AD5940_INTCGetFlag
 .text.AD5940_AGPIOFuncCfg
                0x080087cc        0x8 ./ad5940lib/ad5940.o
                0x080087cc                AD5940_AGPIOFuncCfg
 .text.AD5940_AGPIOOen
                0x080087d4        0x8 ./ad5940lib/ad5940.o
                0x080087d4                AD5940_AGPIOOen
 .text.AD5940_AGPIOIen
                0x080087dc        0x8 ./ad5940lib/ad5940.o
                0x080087dc                AD5940_AGPIOIen
 .text.AD5940_AGPIOPen
                0x080087e4        0x8 ./ad5940lib/ad5940.o
                0x080087e4                AD5940_AGPIOPen
 .text.AD5940_AGPIOCfg
                0x080087ec       0x28 ./ad5940lib/ad5940.o
                0x080087ec                AD5940_AGPIOCfg
 .text.AD5940_SleepKeyCtrlS
                0x08008814        0xa ./ad5940lib/ad5940.o
                0x08008814                AD5940_SleepKeyCtrlS
 .text.AD5940_EnterSleepS
                0x0800881e       0x1a ./ad5940lib/ad5940.o
                0x0800881e                AD5940_EnterSleepS
 .text.AD5940_WakeUp
                0x08008838       0x26 ./ad5940lib/ad5940.o
                0x08008838                AD5940_WakeUp
 .text.AD5940_HWReset
                0x0800885e       0x1c ./ad5940lib/ad5940.o
                0x0800885e                AD5940_HWReset
 .text.sl_emlib_gpio_simple_init
                0x0800887a       0x32 ./autogen/sl_emlib_gpio_simple_init.o
                0x0800887a                sl_emlib_gpio_simple_init
 .text.sl_platform_init
                0x080088ac       0x16 ./autogen/sl_event_handler.o
                0x080088ac                sl_platform_init
 .text.sl_driver_init
                0x080088c2       0x16 ./autogen/sl_event_handler.o
                0x080088c2                sl_driver_init
 .text.sl_service_init
                0x080088d8       0x12 ./autogen/sl_event_handler.o
                0x080088d8                sl_service_init
 .text.sl_stack_init
                0x080088ea        0x2 ./autogen/sl_event_handler.o
                0x080088ea                sl_stack_init
 .text.sl_internal_app_init
                0x080088ec        0x4 ./autogen/sl_event_handler.o
                0x080088ec                sl_internal_app_init
 .text.sl_platform_process_action
                0x080088f0        0x2 ./autogen/sl_event_handler.o
                0x080088f0                sl_platform_process_action
 .text.sl_service_process_action
                0x080088f2        0x2 ./autogen/sl_event_handler.o
                0x080088f2                sl_service_process_action
 .text.sl_stack_process_action
                0x080088f4        0x2 ./autogen/sl_event_handler.o
                0x080088f4                sl_stack_process_action
 .text.sl_internal_app_process_action
                0x080088f6        0x2 ./autogen/sl_event_handler.o
                0x080088f6                sl_internal_app_process_action
 .text.Default_Handler
                0x080088f8        0x2 ./gecko_sdk_4.4.5/platform/Device/SiliconLabs/EFR32BG27/Source/startup_efr32bg27.o
                0x080088f8                ULFRCO_IRQHandler
                0x080088f8                SW2_IRQHandler
                0x080088f8                TIMER2_IRQHandler
                0x080088f8                DebugMon_Handler
                0x080088f8                PKE_IRQHandler
                0x080088f8                USART0_TX_IRQHandler
                0x080088f8                PRORTC_IRQHandler
                0x080088f8                IADC_IRQHandler
                0x080088f8                EUSART0_TX_IRQHandler
                0x080088f8                I2C0_IRQHandler
                0x080088f8                LFXO_IRQHandler
                0x080088f8                CRYPTOACC_IRQHandler
                0x080088f8                HardFault_Handler
                0x080088f8                SMU_SECURE_IRQHandler
                0x080088f8                SysTick_Handler
                0x080088f8                USART1_RX_IRQHandler
                0x080088f8                EMUEFP_IRQHandler
                0x080088f8                PendSV_Handler
                0x080088f8                NMI_Handler
                0x080088f8                SYNTH_IRQHandler
                0x080088f8                HFXO0_IRQHandler
                0x080088f8                I2C1_IRQHandler
                0x080088f8                PDM_IRQHandler
                0x080088f8                WDOG0_IRQHandler
                0x080088f8                TIMER3_IRQHandler
                0x080088f8                SYSCFG_IRQHandler
                0x080088f8                EMUSE_IRQHandler
                0x080088f8                EMUDG_IRQHandler
                0x080088f8                USART1_TX_IRQHandler
                0x080088f8                MSC_IRQHandler
                0x080088f8                DPLL0_IRQHandler
                0x080088f8                UsageFault_Handler
                0x080088f8                M33CTI1_IRQHandler
                0x080088f8                TIMER4_IRQHandler
                0x080088f8                SW0_IRQHandler
                0x080088f8                TIMER0_IRQHandler
                0x080088f8                LETIMER0_IRQHandler
                0x080088f8                TIMER1_IRQHandler
                0x080088f8                HFRCO0_IRQHandler
                0x080088f8                RFSENSE_IRQHandler
                0x080088f8                SecureFault_Handler
                0x080088f8                BUFC_IRQHandler
                0x080088f8                DCDC_IRQHandler
                0x080088f8                MODEM_IRQHandler
                0x080088f8                Default_Handler
                0x080088f8                RAC_SEQ_IRQHandler
                0x080088f8                FRC_PRI_IRQHandler
                0x080088f8                EMU_IRQHandler
                0x080088f8                SW3_IRQHandler
                0x080088f8                KERNEL0_IRQHandler
                0x080088f8                FRC_IRQHandler
                0x080088f8                KERNEL1_IRQHandler
                0x080088f8                AGC_IRQHandler
                0x080088f8                sl_app_properties
                0x080088f8                BURTC_IRQHandler
                0x080088f8                LFRCO_IRQHandler
                0x080088f8                ACMP0_IRQHandler
                0x080088f8                USART0_RX_IRQHandler
                0x080088f8                MemManage_Handler
                0x080088f8                RDMAILBOX_IRQHandler
                0x080088f8                SVC_Handler
                0x080088f8                SMU_S_PRIVILEGED_IRQHandler
                0x080088f8                SW1_IRQHandler
                0x080088f8                CMU_IRQHandler
                0x080088f8                ETAMPDET_IRQHandler
                0x080088f8                EUSART0_RX_IRQHandler
                0x080088f8                RAC_RSM_IRQHandler
                0x080088f8                AES_IRQHandler
                0x080088f8                M33CTI0_IRQHandler
                0x080088f8                ICACHE0_IRQHandler
                0x080088f8                SMU_NS_PRIVILEGED_IRQHandler
                0x080088f8                FPUEXH_IRQHandler
                0x080088f8                PROTIMER_IRQHandler
                0x080088f8                BusFault_Handler
                0x080088f8                TRNG_IRQHandler
 .text.FlashToRamCopy
                0x080088fa       0x16 ./gecko_sdk_4.4.5/platform/Device/SiliconLabs/EFR32BG27/Source/system_efr32bg27.o
                0x080088fa                FlashToRamCopy
 .text.SystemCLKIN0Get
                0x08008910        0x4 ./gecko_sdk_4.4.5/platform/Device/SiliconLabs/EFR32BG27/Source/system_efr32bg27.o
                0x08008910                SystemCLKIN0Get
 .text.SystemLFRCOClockGet
                0x08008914        0x6 ./gecko_sdk_4.4.5/platform/Device/SiliconLabs/EFR32BG27/Source/system_efr32bg27.o
                0x08008914                SystemLFRCOClockGet
 .text.SystemULFRCOClockGet
                0x0800891a        0x6 ./gecko_sdk_4.4.5/platform/Device/SiliconLabs/EFR32BG27/Source/system_efr32bg27.o
                0x0800891a                SystemULFRCOClockGet
 .text.assertEFM
                0x08008920        0x2 ./gecko_sdk_4.4.5/platform/common/src/sl_assert.o
                0x08008920                assertEFM
 .text.sl_debug_swo_enable_itm
                0x08008922       0x16 ./gecko_sdk_4.4.5/platform/driver/debug/src/sl_debug_swo.o
                0x08008922                sl_debug_swo_enable_itm
 .text.DMADRV_MemoryPeripheral
                0x08008938       0x34 ./gecko_sdk_4.4.5/platform/emdrv/dmadrv/src/dmadrv.o
                0x08008938                DMADRV_MemoryPeripheral
 .text.DMADRV_PeripheralMemory
                0x0800896c       0x34 ./gecko_sdk_4.4.5/platform/emdrv/dmadrv/src/dmadrv.o
                0x0800896c                DMADRV_PeripheralMemory
 .text.BlockingComplete
                0x080089a0        0xa ./gecko_sdk_4.4.5/platform/emdrv/spidrv/src/spidrv.o
 .text.ConfigGPIO
                0x080089aa       0xd4 ./gecko_sdk_4.4.5/platform/emdrv/spidrv/src/spidrv.o
 .text.clearEusartFifos
                0x08008a7e       0x16 ./gecko_sdk_4.4.5/platform/emdrv/spidrv/src/spidrv.o
 .text.WaitForTransferCompletion
                0x08008a94       0x24 ./gecko_sdk_4.4.5/platform/emdrv/spidrv/src/spidrv.o
 .text.waitStateMax
                0x08008ab8       0x10 ./gecko_sdk_4.4.5/platform/emlib/src/em_cmu.o
 .text.CMU_UpdateWaitStates
                0x08008ac8        0xc ./gecko_sdk_4.4.5/platform/emlib/src/em_cmu.o
                0x08008ac8                CMU_UpdateWaitStates
 .text.pclkDivMax
                0x08008ad4        0xa ./gecko_sdk_4.4.5/platform/emlib/src/em_cmu.o
 .text.sli_em_cmu_SYSCLKInitPostClockSelect
                0x08008ade       0x2a ./gecko_sdk_4.4.5/platform/emlib/src/em_cmu.o
                0x08008ade                sli_em_cmu_SYSCLKInitPostClockSelect
 .text.CORE_EnterCritical
                0x08008b08        0x8 ./gecko_sdk_4.4.5/platform/emlib/src/em_core.o
                0x08008b08                CORE_EnterCritical
 .text.CORE_ExitCritical
                0x08008b10        0x6 ./gecko_sdk_4.4.5/platform/emlib/src/em_core.o
                0x08008b10                CORE_ExitCritical
 .text.CORE_EnterAtomic
                0x08008b16        0xc ./gecko_sdk_4.4.5/platform/emlib/src/em_core.o
                0x08008b16                CORE_EnterAtomic
 .text.CORE_ExitAtomic
                0x08008b22        0x6 ./gecko_sdk_4.4.5/platform/emlib/src/em_core.o
                0x08008b22                CORE_ExitAtomic
 .text.EMU_EFPEM01VScale
                0x08008b28        0x2 ./gecko_sdk_4.4.5/platform/emlib/src/em_emu.o
                0x08008b28                EMU_EFPEM01VScale
 .text.EMU_DCDCUpdatedHook
                0x08008b2a        0x2 ./gecko_sdk_4.4.5/platform/emlib/src/em_emu.o
                0x08008b2a                EMU_DCDCUpdatedHook
 .text.eusart_sync
                0x08008b2c        0x8 ./gecko_sdk_4.4.5/platform/emlib/src/em_eusart.o
 .text.EUSART_Disable
                0x08008b34       0x34 ./gecko_sdk_4.4.5/platform/emlib/src/em_eusart.o
 .text.BUS_RegMaskedWrite
                0x08008b68       0x1e ./gecko_sdk_4.4.5/platform/emlib/src/em_gpio.o
 .text.GPIO_DbgLocationSet
                0x08008b86        0x2 ./gecko_sdk_4.4.5/platform/emlib/src/em_gpio.o
                0x08008b86                GPIO_DbgLocationSet
 .text.RTCC_SyncWait
                0x08008b88       0x10 ./gecko_sdk_4.4.5/platform/emlib/src/em_rtcc.o
 .text.sl_iostream_write
                0x08008b98       0x22 ./gecko_sdk_4.4.5/platform/service/iostream/src/sl_iostream.o
                0x08008b98                sl_iostream_write
 .text.sl_iostream_read
                0x08008bba       0x30 ./gecko_sdk_4.4.5/platform/service/iostream/src/sl_iostream.o
                0x08008bba                sl_iostream_read
 .text._close   0x08008bea        0x4 ./gecko_sdk_4.4.5/platform/service/iostream/src/sl_iostream_retarget_stdio.o
                0x08008bea                _close
 .text._exit    0x08008bee        0x2 ./gecko_sdk_4.4.5/platform/service/iostream/src/sl_iostream_retarget_stdio.o
                0x08008bee                _exit
 .text._fstat   0x08008bf0        0xa ./gecko_sdk_4.4.5/platform/service/iostream/src/sl_iostream_retarget_stdio.o
                0x08008bf0                _fstat
 .text._getpid  0x08008bfa        0x4 ./gecko_sdk_4.4.5/platform/service/iostream/src/sl_iostream_retarget_stdio.o
                0x08008bfa                _getpid
 .text._isatty  0x08008bfe        0x4 ./gecko_sdk_4.4.5/platform/service/iostream/src/sl_iostream_retarget_stdio.o
                0x08008bfe                _isatty
 .text._kill    0x08008c02        0x6 ./gecko_sdk_4.4.5/platform/service/iostream/src/sl_iostream_retarget_stdio.o
                0x08008c02                _kill
 .text._lseek   0x08008c08        0x4 ./gecko_sdk_4.4.5/platform/service/iostream/src/sl_iostream_retarget_stdio.o
                0x08008c08                _lseek
 .text._read    0x08008c0c       0x1c ./gecko_sdk_4.4.5/platform/service/iostream/src/sl_iostream_retarget_stdio.o
                0x08008c0c                _read
 .text.swo_write
                0x08008c28       0x1e ./gecko_sdk_4.4.5/platform/service/iostream/src/sl_iostream_swo.o
 .text.CMU_PrescToLog2.constprop.0
                0x08008c46        0x4 ./gecko_sdk_4.4.5/platform/service/sleeptimer/src/sl_sleeptimer_hal_rtcc.o
 .text.sleeptimer_hal_get_counter
                0x08008c4a        0xe ./gecko_sdk_4.4.5/platform/service/sleeptimer/src/sl_sleeptimer_hal_rtcc.o
                0x08008c4a                sleeptimer_hal_get_counter
 .text.sleeptimer_hal_enable_int
                0x08008c58       0x18 ./gecko_sdk_4.4.5/platform/service/sleeptimer/src/sl_sleeptimer_hal_rtcc.o
                0x08008c58                sleeptimer_hal_enable_int
 .text.sleeptimer_hal_get_timer_frequency
                0x08008c70       0x14 ./gecko_sdk_4.4.5/platform/service/sleeptimer/src/sl_sleeptimer_hal_rtcc.o
                0x08008c70                sleeptimer_hal_get_timer_frequency
 .text.sl_system_init
                0x08008c84       0x1a ./gecko_sdk_4.4.5/platform/service/system/src/sl_system_init.o
                0x08008c84                sl_system_init
 .text.sl_system_process_action
                0x08008c9e       0x16 ./gecko_sdk_4.4.5/platform/service/system/src/sl_system_process_action.o
                0x08008c9e                sl_system_process_action
 .text.__cvt    0x08008cb4       0xd0 c:/siliconlabs/simplicitystudio/v5/developer/toolchains/gnu_arm/12.2.rel1_2023.7/bin/../lib/gcc/arm-none-eabi/12.2.1/thumb/v8-m.main+fp/hard\libc_nano.a(libc_a-nano-vfprintf_float.o)
                0x08008cb4                __cvt
 .text.__exponent
                0x08008d84       0x72 c:/siliconlabs/simplicitystudio/v5/developer/toolchains/gnu_arm/12.2.rel1_2023.7/bin/../lib/gcc/arm-none-eabi/12.2.1/thumb/v8-m.main+fp/hard\libc_nano.a(libc_a-nano-vfprintf_float.o)
                0x08008d84                __exponent
 .text._printf_common
                0x08008df6       0xe4 c:/siliconlabs/simplicitystudio/v5/developer/toolchains/gnu_arm/12.2.rel1_2023.7/bin/../lib/gcc/arm-none-eabi/12.2.1/thumb/v8-m.main+fp/hard\libc_nano.a(libc_a-nano-vfprintf_i.o)
                0x08008df6                _printf_common
 .text._fwalk_sglue
                0x08008eda       0x3c c:/siliconlabs/simplicitystudio/v5/developer/toolchains/gnu_arm/12.2.rel1_2023.7/bin/../lib/gcc/arm-none-eabi/12.2.1/thumb/v8-m.main+fp/hard\libc_nano.a(libc_a-fwalk.o)
                0x08008eda                _fwalk_sglue
 .text.__sread  0x08008f16       0x22 c:/siliconlabs/simplicitystudio/v5/developer/toolchains/gnu_arm/12.2.rel1_2023.7/bin/../lib/gcc/arm-none-eabi/12.2.1/thumb/v8-m.main+fp/hard\libc_nano.a(libc_a-stdio.o)
                0x08008f16                __sread
 .text.__swrite
                0x08008f38       0x38 c:/siliconlabs/simplicitystudio/v5/developer/toolchains/gnu_arm/12.2.rel1_2023.7/bin/../lib/gcc/arm-none-eabi/12.2.1/thumb/v8-m.main+fp/hard\libc_nano.a(libc_a-stdio.o)
                0x08008f38                __swrite
 .text.__sseek  0x08008f70       0x24 c:/siliconlabs/simplicitystudio/v5/developer/toolchains/gnu_arm/12.2.rel1_2023.7/bin/../lib/gcc/arm-none-eabi/12.2.1/thumb/v8-m.main+fp/hard\libc_nano.a(libc_a-stdio.o)
                0x08008f70                __sseek
 .text.__sclose
                0x08008f94        0x8 c:/siliconlabs/simplicitystudio/v5/developer/toolchains/gnu_arm/12.2.rel1_2023.7/bin/../lib/gcc/arm-none-eabi/12.2.1/thumb/v8-m.main+fp/hard\libc_nano.a(libc_a-stdio.o)
                0x08008f94                __sclose
 .text.memset   0x08008f9c       0x10 c:/siliconlabs/simplicitystudio/v5/developer/toolchains/gnu_arm/12.2.rel1_2023.7/bin/../lib/gcc/arm-none-eabi/12.2.1/thumb/v8-m.main+fp/hard\libc_nano.a(libc_a-memset.o)
                0x08008f9c                memset
 .text.__retarget_lock_init_recursive
                0x08008fac        0x2 c:/siliconlabs/simplicitystudio/v5/developer/toolchains/gnu_arm/12.2.rel1_2023.7/bin/../lib/gcc/arm-none-eabi/12.2.1/thumb/v8-m.main+fp/hard\libc_nano.a(libc_a-lock.o)
                0x08008fac                __retarget_lock_init_recursive
 .text.__retarget_lock_acquire_recursive
                0x08008fae        0x2 c:/siliconlabs/simplicitystudio/v5/developer/toolchains/gnu_arm/12.2.rel1_2023.7/bin/../lib/gcc/arm-none-eabi/12.2.1/thumb/v8-m.main+fp/hard\libc_nano.a(libc_a-lock.o)
                0x08008fae                __retarget_lock_acquire_recursive
 .text.__retarget_lock_release_recursive
                0x08008fb0        0x2 c:/siliconlabs/simplicitystudio/v5/developer/toolchains/gnu_arm/12.2.rel1_2023.7/bin/../lib/gcc/arm-none-eabi/12.2.1/thumb/v8-m.main+fp/hard\libc_nano.a(libc_a-lock.o)
                0x08008fb0                __retarget_lock_release_recursive
 .text.memchr   0x08008fb2       0x1c c:/siliconlabs/simplicitystudio/v5/developer/toolchains/gnu_arm/12.2.rel1_2023.7/bin/../lib/gcc/arm-none-eabi/12.2.1/thumb/v8-m.main+fp/hard\libc_nano.a(libc_a-memchr-stub.o)
                0x08008fb2                memchr
 .text.memcpy   0x08008fce       0x1a c:/siliconlabs/simplicitystudio/v5/developer/toolchains/gnu_arm/12.2.rel1_2023.7/bin/../lib/gcc/arm-none-eabi/12.2.1/thumb/v8-m.main+fp/hard\libc_nano.a(libc_a-memcpy-stub.o)
                0x08008fce                memcpy
 .text          0x08008fe8       0x10 c:/siliconlabs/simplicitystudio/v5/developer/toolchains/gnu_arm/12.2.rel1_2023.7/bin/../lib/gcc/arm-none-eabi/12.2.1/thumb/v8-m.main+fp/hard\libc_nano.a(libc_a-strlen.o)
                0x08008fe8                strlen
 .text.quorem   0x08008ff8      0x11a c:/siliconlabs/simplicitystudio/v5/developer/toolchains/gnu_arm/12.2.rel1_2023.7/bin/../lib/gcc/arm-none-eabi/12.2.1/thumb/v8-m.main+fp/hard\libc_nano.a(libc_a-dtoa.o)
 .text.__hi0bits
                0x08009112       0x44 c:/siliconlabs/simplicitystudio/v5/developer/toolchains/gnu_arm/12.2.rel1_2023.7/bin/../lib/gcc/arm-none-eabi/12.2.1/thumb/v8-m.main+fp/hard\libc_nano.a(libc_a-mprec.o)
                0x08009112                __hi0bits
 .text.__lo0bits
                0x08009156       0x5a c:/siliconlabs/simplicitystudio/v5/developer/toolchains/gnu_arm/12.2.rel1_2023.7/bin/../lib/gcc/arm-none-eabi/12.2.1/thumb/v8-m.main+fp/hard\libc_nano.a(libc_a-mprec.o)
                0x08009156                __lo0bits
 .text.__mcmp   0x080091b0       0x36 c:/siliconlabs/simplicitystudio/v5/developer/toolchains/gnu_arm/12.2.rel1_2023.7/bin/../lib/gcc/arm-none-eabi/12.2.1/thumb/v8-m.main+fp/hard\libc_nano.a(libc_a-mprec.o)
                0x080091b0                __mcmp
 .text.__sfputc_r
                0x080091e6       0x2e c:/siliconlabs/simplicitystudio/v5/developer/toolchains/gnu_arm/12.2.rel1_2023.7/bin/../lib/gcc/arm-none-eabi/12.2.1/thumb/v8-m.main+fp/hard\libc_nano.a(libc_a-nano-vfprintf.o)
 .text.__sfputs_r
                0x08009214       0x24 c:/siliconlabs/simplicitystudio/v5/developer/toolchains/gnu_arm/12.2.rel1_2023.7/bin/../lib/gcc/arm-none-eabi/12.2.1/thumb/v8-m.main+fp/hard\libc_nano.a(libc_a-nano-vfprintf.o)
                0x08009214                __sfputs_r
 .text.__sflush_r
                0x08009238      0x106 c:/siliconlabs/simplicitystudio/v5/developer/toolchains/gnu_arm/12.2.rel1_2023.7/bin/../lib/gcc/arm-none-eabi/12.2.1/thumb/v8-m.main+fp/hard\libc_nano.a(libc_a-fflush.o)
                0x08009238                __sflush_r
 .text._fflush_r
                0x0800933e       0x50 c:/siliconlabs/simplicitystudio/v5/developer/toolchains/gnu_arm/12.2.rel1_2023.7/bin/../lib/gcc/arm-none-eabi/12.2.1/thumb/v8-m.main+fp/hard\libc_nano.a(libc_a-fflush.o)
                0x0800933e                _fflush_r
 .text.__swhatbuf_r
                0x0800938e       0x4a c:/siliconlabs/simplicitystudio/v5/developer/toolchains/gnu_arm/12.2.rel1_2023.7/bin/../lib/gcc/arm-none-eabi/12.2.1/thumb/v8-m.main+fp/hard\libc_nano.a(libc_a-makebuf.o)
                0x0800938e                __swhatbuf_r
 .text.__smakebuf_r
                0x080093d8       0x78 c:/siliconlabs/simplicitystudio/v5/developer/toolchains/gnu_arm/12.2.rel1_2023.7/bin/../lib/gcc/arm-none-eabi/12.2.1/thumb/v8-m.main+fp/hard\libc_nano.a(libc_a-makebuf.o)
                0x080093d8                __smakebuf_r
 .text.__swbuf_r
                0x08009450       0x7c c:/siliconlabs/simplicitystudio/v5/developer/toolchains/gnu_arm/12.2.rel1_2023.7/bin/../lib/gcc/arm-none-eabi/12.2.1/thumb/v8-m.main+fp/hard\libc_nano.a(libc_a-wbuf.o)
                0x08009450                __swbuf_r
 .text._calloc_r
                0x080094cc       0x28 c:/siliconlabs/simplicitystudio/v5/developer/toolchains/gnu_arm/12.2.rel1_2023.7/bin/../lib/gcc/arm-none-eabi/12.2.1/thumb/v8-m.main+fp/hard\libc_nano.a(libc_a-callocr.o)
                0x080094cc                _calloc_r
 .text.__ascii_mbtowc
                0x080094f4       0x24 c:/siliconlabs/simplicitystudio/v5/developer/toolchains/gnu_arm/12.2.rel1_2023.7/bin/../lib/gcc/arm-none-eabi/12.2.1/thumb/v8-m.main+fp/hard\libc_nano.a(libc_a-mbtowc_r.o)
                0x080094f4                __ascii_mbtowc
 .text.__ascii_wctomb
                0x08009518       0x1a c:/siliconlabs/simplicitystudio/v5/developer/toolchains/gnu_arm/12.2.rel1_2023.7/bin/../lib/gcc/arm-none-eabi/12.2.1/thumb/v8-m.main+fp/hard\libc_nano.a(libc_a-wctomb_r.o)
                0x08009518                __ascii_wctomb
 .text.abort    0x08009532        0xe c:/siliconlabs/simplicitystudio/v5/developer/toolchains/gnu_arm/12.2.rel1_2023.7/bin/../lib/gcc/arm-none-eabi/12.2.1/thumb/v8-m.main+fp/hard\libc_nano.a(libc_a-abort.o)
                0x08009532                abort
 .text._raise_r
                0x08009540       0x50 c:/siliconlabs/simplicitystudio/v5/developer/toolchains/gnu_arm/12.2.rel1_2023.7/bin/../lib/gcc/arm-none-eabi/12.2.1/thumb/v8-m.main+fp/hard\libc_nano.a(libc_a-signal.o)
                0x08009540                _raise_r
 .text._getpid_r
                0x08009590        0x4 c:/siliconlabs/simplicitystudio/v5/developer/toolchains/gnu_arm/12.2.rel1_2023.7/bin/../lib/gcc/arm-none-eabi/12.2.1/thumb/v8-m.main+fp/hard\libc_nano.a(libc_a-signalr.o)
                0x08009590                _getpid_r
                0x080095a0                . = ALIGN (0x20)
 *fill*         0x08009594        0xc 
                0x080095a0                linker_code_end = .
 *(.init)
 .init          0x080095a0        0x4 c:/siliconlabs/simplicitystudio/v5/developer/toolchains/gnu_arm/12.2.rel1_2023.7/bin/../lib/gcc/arm-none-eabi/12.2.1/thumb/v8-m.main+fp/hard/crti.o
                0x080095a0                _init
 .init          0x080095a4        0x8 c:/siliconlabs/simplicitystudio/v5/developer/toolchains/gnu_arm/12.2.rel1_2023.7/bin/../lib/gcc/arm-none-eabi/12.2.1/thumb/v8-m.main+fp/hard/crtn.o
 *(.fini)
 .fini          0x080095ac        0x4 c:/siliconlabs/simplicitystudio/v5/developer/toolchains/gnu_arm/12.2.rel1_2023.7/bin/../lib/gcc/arm-none-eabi/12.2.1/thumb/v8-m.main+fp/hard/crti.o
                0x080095ac                _fini
 .fini          0x080095b0        0x8 c:/siliconlabs/simplicitystudio/v5/developer/toolchains/gnu_arm/12.2.rel1_2023.7/bin/../lib/gcc/arm-none-eabi/12.2.1/thumb/v8-m.main+fp/hard/crtn.o
 *crtbegin.o(.ctors)
 *crtbegin?.o(.ctors)
 *(EXCLUDE_FILE(*crtend.o *crtend?.o) .ctors)
 *(SORT_BY_NAME(.ctors.*))
 *(.ctors)
 *crtbegin.o(.dtors)
 *crtbegin?.o(.dtors)
 *(EXCLUDE_FILE(*crtend.o *crtend?.o) .dtors)
 *(SORT_BY_NAME(.dtors.*))
 *(.dtors)
                0x080095b8                __code_classification_validator_start__ = .
                0x080095d8                . = (. + 0x20)
 *fill*         0x080095b8       0x20 
 *(code_classification_validator)
                0x080095e0                . = ALIGN (0x20)
 *fill*         0x080095d8        0x8 
                0x080095e0                __code_classification_validator_end__ = .
 *(.rodata*)
 .rodata.RampShowResult.constprop.0.isra.0.str1.1
                0x080095e0       0x12 ./AD5940Main.o
 .rodata.AD5940_Init.str1.1
                0x080095f2        0xf ./AD5940Main.o
 .rodata.AD5940_ReadWriteNBytes.str1.1
                0x08009601       0x10 ./EFR32_port.o
 .rodata.AD5940_Notch50HzAvailable.str1.1
                0x08009611       0x22 ./ad5940lib/ad5940.o
 .rodata.AD5940_Notch60HzAvailable.str1.1
                0x08009633        0xe ./ad5940lib/ad5940.o
 .rodata.AD5940_Initialize.str1.1
                0x08009641       0x80 ./ad5940lib/ad5940.o
 *fill*         0x080096c1        0x3 
 .rodata.SeqBB.1
                0x080096c4        0x8 ./ad5940lib/ad5940.o
 .rodata.SeqB.2
                0x080096cc        0x4 ./ad5940lib/ad5940.o
 .rodata.SeqA.3
                0x080096d0        0x4 ./ad5940lib/ad5940.o
 .rodata        0x080096d4      0x218 ./ad5940lib/ad5940.o
 .rodata        0x080098ec        0x4 ./gecko_sdk_4.4.5/platform/emdrv/dmadrv/src/dmadrv.o
 .rodata.RxDMAComplete.str1.1
                0x080098f0       0x52 ./gecko_sdk_4.4.5/platform/emdrv/spidrv/src/spidrv.o
 *fill*         0x08009942        0x2 
 .rodata        0x08009944       0x50 ./gecko_sdk_4.4.5/platform/emdrv/spidrv/src/spidrv.o
 .rodata.HFRCODPLLDevinfoGet.str1.1
                0x08009994       0x4b ./gecko_sdk_4.4.5/platform/emlib/src/em_cmu.o
 .rodata.CORE_NvicMaskSetIRQ.str1.1
                0x080099df       0x4c ./gecko_sdk_4.4.5/platform/emlib/src/em_core.o
 .rodata.EMU_VScaleEM01.str1.1
                0x08009a2b       0x4b ./gecko_sdk_4.4.5/platform/emlib/src/em_emu.o
 .rodata.EUSART_Enable.str1.1
                0x08009a76       0x4e ./gecko_sdk_4.4.5/platform/emlib/src/em_eusart.o
 .rodata.GPIO_PinOutSet.str1.1
                0x08009ac4       0x4c ./gecko_sdk_4.4.5/platform/emlib/src/em_gpio.o
 .rodata.GPIO_ExtIntConfig.str1.1
                0x08009b10       0x4c ./gecko_sdk_4.4.5/platform/emlib/src/em_gpio.o
 .rodata.CSWTCH.31
                0x08009b5c        0x4 ./gecko_sdk_4.4.5/platform/emlib/src/em_gpio.o
 .rodata.LDMA_EnableChannelRequest.str1.1
                0x08009b60       0x97 ./gecko_sdk_4.4.5/platform/emlib/src/em_ldma.o
 .rodata.RTCC_ChannelInit.str1.1
                0x08009bf7       0x4c ./gecko_sdk_4.4.5/platform/emlib/src/em_rtcc.o
 .rodata.USART_BaudrateAsyncSet.str1.1
                0x08009c43       0x4d ./gecko_sdk_4.4.5/platform/emlib/src/em_usart.o
 .rodata        0x08009c90        0x7 ./gecko_sdk_4.4.5/platform/service/device_init/src/sl_device_init_dcdc_s2.o
 .rodata._write.str1.1
                0x08009c97       0x6a ./gecko_sdk_4.4.5/platform/service/iostream/src/sl_iostream_retarget_stdio.o
 .rodata.process_timer_irq.str1.1
                0x08009d01       0x5f ./gecko_sdk_4.4.5/platform/service/sleeptimer/src/sl_sleeptimer.o
 .rodata        0x08009d60        0xb ./gecko_sdk_4.4.5/platform/service/sleeptimer/src/sl_sleeptimer_hal_rtcc.o
 .rodata.sl_udelay_wait.str1.1
                0x08009d6b       0x57 ./gecko_sdk_4.4.5/platform/service/udelay/src/sl_udelay.o
 .rodata._printf_float.str1.1
                0x08009dc2       0x12 c:/siliconlabs/simplicitystudio/v5/developer/toolchains/gnu_arm/12.2.rel1_2023.7/bin/../lib/gcc/arm-none-eabi/12.2.1/thumb/v8-m.main+fp/hard\libc_nano.a(libc_a-nano-vfprintf_float.o)
 .rodata._printf_i.str1.1
                0x08009dd4       0x22 c:/siliconlabs/simplicitystudio/v5/developer/toolchains/gnu_arm/12.2.rel1_2023.7/bin/../lib/gcc/arm-none-eabi/12.2.1/thumb/v8-m.main+fp/hard\libc_nano.a(libc_a-nano-vfprintf_i.o)
 .rodata._dtoa_r.str1.1
                0x08009df6       0x8e c:/siliconlabs/simplicitystudio/v5/developer/toolchains/gnu_arm/12.2.rel1_2023.7/bin/../lib/gcc/arm-none-eabi/12.2.1/thumb/v8-m.main+fp/hard\libc_nano.a(libc_a-dtoa.o)
                                 0x90 (size before relaxing)
 .rodata._Balloc.str1.1
                0x08009e84       0x5a c:/siliconlabs/simplicitystudio/v5/developer/toolchains/gnu_arm/12.2.rel1_2023.7/bin/../lib/gcc/arm-none-eabi/12.2.1/thumb/v8-m.main+fp/hard\libc_nano.a(libc_a-mprec.o)
                                 0x71 (size before relaxing)
 .rodata.__multadd.str1.1
                0x08009ede       0x11 c:/siliconlabs/simplicitystudio/v5/developer/toolchains/gnu_arm/12.2.rel1_2023.7/bin/../lib/gcc/arm-none-eabi/12.2.1/thumb/v8-m.main+fp/hard\libc_nano.a(libc_a-mprec.o)
 *fill*         0x08009ede        0x2 
 .rodata.p05.0  0x08009ee0        0xc c:/siliconlabs/simplicitystudio/v5/developer/toolchains/gnu_arm/12.2.rel1_2023.7/bin/../lib/gcc/arm-none-eabi/12.2.1/thumb/v8-m.main+fp/hard\libc_nano.a(libc_a-mprec.o)
 *fill*         0x08009eec        0x4 
 .rodata.__mprec_bigtens
                0x08009ef0       0x28 c:/siliconlabs/simplicitystudio/v5/developer/toolchains/gnu_arm/12.2.rel1_2023.7/bin/../lib/gcc/arm-none-eabi/12.2.1/thumb/v8-m.main+fp/hard\libc_nano.a(libc_a-mprec.o)
                0x08009ef0                __mprec_bigtens
 .rodata.__mprec_tens
                0x08009f18       0xc8 c:/siliconlabs/simplicitystudio/v5/developer/toolchains/gnu_arm/12.2.rel1_2023.7/bin/../lib/gcc/arm-none-eabi/12.2.1/thumb/v8-m.main+fp/hard\libc_nano.a(libc_a-mprec.o)
                0x08009f18                __mprec_tens
 .rodata._vfprintf_r.str1.1
                0x08009fe0       0x11 c:/siliconlabs/simplicitystudio/v5/developer/toolchains/gnu_arm/12.2.rel1_2023.7/bin/../lib/gcc/arm-none-eabi/12.2.1/thumb/v8-m.main+fp/hard\libc_nano.a(libc_a-nano-vfprintf.o)
 .rodata._setlocale_r.str1.1
                0x08009ff1        0x8 c:/siliconlabs/simplicitystudio/v5/developer/toolchains/gnu_arm/12.2.rel1_2023.7/bin/../lib/gcc/arm-none-eabi/12.2.1/thumb/v8-m.main+fp/hard\libc_nano.a(libc_a-locale.o)
                                  0x9 (size before relaxing)
 .rodata.str1.1
                0x08009ff9        0x2 c:/siliconlabs/simplicitystudio/v5/developer/toolchains/gnu_arm/12.2.rel1_2023.7/bin/../lib/gcc/arm-none-eabi/12.2.1/thumb/v8-m.main+fp/hard\libc_nano.a(libc_a-locale.o)
 .rodata.__assert_func.str1.1
                0x08009ffb       0x3c c:/siliconlabs/simplicitystudio/v5/developer/toolchains/gnu_arm/12.2.rel1_2023.7/bin/../lib/gcc/arm-none-eabi/12.2.1/thumb/v8-m.main+fp/hard\libc_nano.a(libc_a-assert.o)
                                 0x3d (size before relaxing)
 .rodata._ctype_
                0x0800a037      0x101 c:/siliconlabs/simplicitystudio/v5/developer/toolchains/gnu_arm/12.2.rel1_2023.7/bin/../lib/gcc/arm-none-eabi/12.2.1/thumb/v8-m.main+fp/hard\libc_nano.a(libc_a-ctype_.o)
                0x0800a037                _ctype_
 .rodata.CSWTCH.9
                0x0800a138       0x18 c:/siliconlabs/simplicitystudio/v5/developer/toolchains/gnu_arm/12.2.rel1_2023.7/bin/../lib/gcc/arm-none-eabi/12.2.1/thumb/v8-m.main+fp/hard\libm.a(libm_a-e_atan2.o)
 .rodata.CSWTCH.8
                0x0800a150       0x18 c:/siliconlabs/simplicitystudio/v5/developer/toolchains/gnu_arm/12.2.rel1_2023.7/bin/../lib/gcc/arm-none-eabi/12.2.1/thumb/v8-m.main+fp/hard\libm.a(libm_a-e_atan2.o)
 .rodata.atanlo
                0x0800a168       0x20 c:/siliconlabs/simplicitystudio/v5/developer/toolchains/gnu_arm/12.2.rel1_2023.7/bin/../lib/gcc/arm-none-eabi/12.2.1/thumb/v8-m.main+fp/hard\libm.a(libm_a-s_atan.o)
 .rodata.atanhi
                0x0800a188       0x20 c:/siliconlabs/simplicitystudio/v5/developer/toolchains/gnu_arm/12.2.rel1_2023.7/bin/../lib/gcc/arm-none-eabi/12.2.1/thumb/v8-m.main+fp/hard\libm.a(libm_a-s_atan.o)
 *(.eh_frame*)
 .eh_frame      0x0800a1a8        0x0 c:/siliconlabs/simplicitystudio/v5/developer/toolchains/gnu_arm/12.2.rel1_2023.7/bin/../lib/gcc/arm-none-eabi/12.2.1/thumb/v8-m.main+fp/hard/crtbegin.o

.glue_7         0x0800a1a8        0x0
 .glue_7        0x0800a1a8        0x0 linker stubs

.glue_7t        0x0800a1a8        0x0
 .glue_7t       0x0800a1a8        0x0 linker stubs

.vfp11_veneer   0x0800a1a8        0x0
 .vfp11_veneer  0x0800a1a8        0x0 linker stubs

.v4_bx          0x0800a1a8        0x0
 .v4_bx         0x0800a1a8        0x0 linker stubs

.iplt           0x0800a1a8        0x0
 .iplt          0x0800a1a8        0x0 c:/siliconlabs/simplicitystudio/v5/developer/toolchains/gnu_arm/12.2.rel1_2023.7/bin/../lib/gcc/arm-none-eabi/12.2.1/thumb/v8-m.main+fp/hard/crtbegin.o

.ARM.extab
 *(.ARM.extab* .gnu.linkonce.armextab.*)
                0x0800a1a8                __exidx_start = .

.ARM.exidx      0x0800a1a8        0x8
 *(.ARM.exidx* .gnu.linkonce.armexidx.*)
 .ARM.exidx     0x0800a1a8        0x8 c:/siliconlabs/simplicitystudio/v5/developer/toolchains/gnu_arm/12.2.rel1_2023.7/bin/../lib/gcc/arm-none-eabi/12.2.1/thumb/v8-m.main+fp/hard/crt0.o
                                 0x10 (size before relaxing)
 .ARM.exidx.text.__udivmoddi4
                0x0800a1b0        0x0 c:/siliconlabs/simplicitystudio/v5/developer/toolchains/gnu_arm/12.2.rel1_2023.7/bin/../lib/gcc/arm-none-eabi/12.2.1/thumb/v8-m.main+fp/hard\libgcc.a(_udivmoddi4.o)
                                  0x8 (size before relaxing)
                0x0800a1b0                __exidx_end = .

.rel.dyn        0x0800a1b0        0x0
 .rel.iplt      0x0800a1b0        0x0 c:/siliconlabs/simplicitystudio/v5/developer/toolchains/gnu_arm/12.2.rel1_2023.7/bin/../lib/gcc/arm-none-eabi/12.2.1/thumb/v8-m.main+fp/hard/crtbegin.o

.copy.table     0x0800a1b0        0xc
                0x0800a1b0                . = ALIGN (0x4)
                0x0800a1b0                __copy_table_start__ = .
                0x0800a1b0        0x4 LONG 0x800a1bc __etext
                0x0800a1b4        0x4 LONG 0x20001000 __data_start__
                0x0800a1b8        0x4 LONG 0xbb ((__data_end__ - __data_start__) / 0x4)
                0x0800a1bc                __copy_table_end__ = .

.zero.table     0x0800a1bc        0x0
                0x0800a1bc                . = ALIGN (0x4)
                0x0800a1bc                __zero_table_start__ = .
                0x0800a1bc                __zero_table_end__ = .
                0x0800a1bc                __etext = .
                0x20000000                . = ORIGIN (RAM)

.stack          0x20000000     0x1000
                0x20000000                __StackLimit = .
 *(.stack*)
 .stack         0x20000000     0x1000 ./gecko_sdk_4.4.5/platform/common/toolchain/src/sl_memory.o
                0x20001000                . = ALIGN (0x4)
                0x20001000                __StackTop = .
                0x20001000                PROVIDE (__stack = __StackTop)

.noinit
 *(.noinit*)

.data           0x20001000      0x2ec load address 0x0800a1bc
                0x20001000                . = ALIGN (0x4)
                0x20001000                __data_start__ = .
 *(vtable)
 *(SORT_BY_ALIGNMENT(.data*))
 .data.tiny     0x20001000        0x8 c:/siliconlabs/simplicitystudio/v5/developer/toolchains/gnu_arm/12.2.rel1_2023.7/bin/../lib/gcc/arm-none-eabi/12.2.1/thumb/v8-m.main+fp/hard\libm.a(libm_a-e_sqrt.o)
 .data.one      0x20001008        0x8 c:/siliconlabs/simplicitystudio/v5/developer/toolchains/gnu_arm/12.2.rel1_2023.7/bin/../lib/gcc/arm-none-eabi/12.2.1/thumb/v8-m.main+fp/hard\libm.a(libm_a-e_sqrt.o)
 .data.AppRAMPCfg
                0x20001010       0xc0 ./ad5940-examples/examples/AD5940_Ramp/RampTest.o
                0x20001010                AppRAMPCfg
 .data.sl_spidrv_init_AD5940_SPI
                0x200010d0       0x20 ./autogen/sl_spidrv_init.o
                0x200010d0                sl_spidrv_init_AD5940_SPI
 .data.sl_spidrv_AD5940_SPI_handle
                0x200010f0        0x4 ./autogen/sl_spidrv_init.o
                0x200010f0                sl_spidrv_AD5940_SPI_handle
 .data.SystemCoreClock
                0x200010f4        0x4 ./gecko_sdk_4.4.5/platform/Device/SiliconLabs/EFR32BG27/Source/system_efr32bg27.o
                0x200010f4                SystemCoreClock
 .data.SystemHFRCODPLLClock
                0x200010f8        0x4 ./gecko_sdk_4.4.5/platform/Device/SiliconLabs/EFR32BG27/Source/system_efr32bg27.o
 .data.SystemLFXOClock
                0x200010fc        0x4 ./gecko_sdk_4.4.5/platform/Device/SiliconLabs/EFR32BG27/Source/system_efr32bg27.o
 .data.SystemHFXOClock
                0x20001100        0x4 ./gecko_sdk_4.4.5/platform/Device/SiliconLabs/EFR32BG27/Source/system_efr32bg27.o
 .data.heap_end.0
                0x20001104        0x4 ./gecko_sdk_4.4.5/platform/common/toolchain/src/sl_memory.o
 .data.sl_iostream_swo
                0x20001108        0xc ./gecko_sdk_4.4.5/platform/service/iostream/src/sl_iostream_swo.o
 .data.__sglue  0x20001114        0xc c:/siliconlabs/simplicitystudio/v5/developer/toolchains/gnu_arm/12.2.rel1_2023.7/bin/../lib/gcc/arm-none-eabi/12.2.1/thumb/v8-m.main+fp/hard\libc_nano.a(libc_a-findfp.o)
                0x20001114                __sglue
 .data._impure_ptr
                0x20001120        0x4 c:/siliconlabs/simplicitystudio/v5/developer/toolchains/gnu_arm/12.2.rel1_2023.7/bin/../lib/gcc/arm-none-eabi/12.2.1/thumb/v8-m.main+fp/hard\libc_nano.a(libc_a-impure.o)
                0x20001120                _impure_ptr
 .data._impure_data
                0x20001124       0x4c c:/siliconlabs/simplicitystudio/v5/developer/toolchains/gnu_arm/12.2.rel1_2023.7/bin/../lib/gcc/arm-none-eabi/12.2.1/thumb/v8-m.main+fp/hard\libc_nano.a(libc_a-impure.o)
                0x20001124                _impure_data
 .data.__global_locale
                0x20001170      0x16c c:/siliconlabs/simplicitystudio/v5/developer/toolchains/gnu_arm/12.2.rel1_2023.7/bin/../lib/gcc/arm-none-eabi/12.2.1/thumb/v8-m.main+fp/hard\libc_nano.a(libc_a-locale.o)
                0x20001170                __global_locale
 .data.bCmdForSeq0.0
                0x200012dc        0x1 ./ad5940-examples/examples/AD5940_Ramp/RampTest.o
 .data.level_mask
                0x200012dd        0x1 ./gecko_sdk_4.4.5/app/common/util/app_log/app_log.o
 .data.level_filter_threshold
                0x200012de        0x1 ./gecko_sdk_4.4.5/app/common/util/app_log/app_log.o
 .data.level_filter_enabled
                0x200012df        0x1 ./gecko_sdk_4.4.5/app/common/util/app_log/app_log.o
 .data.cc_disabled
                0x200012e0        0x1 ./gecko_sdk_4.4.5/platform/service/sleeptimer/src/sl_sleeptimer_hal_rtcc.o
                0x200012e4                . = ALIGN (0x4)
 *fill*         0x200012e1        0x3 
                [!provide]                PROVIDE (__ram_func_section_start = .)
 *(.ram)
                [!provide]                PROVIDE (__ram_func_section_end = .)
                0x200012e4                . = ALIGN (0x4)
                0x200012e4                PROVIDE (__preinit_array_start = .)
 *(.preinit_array)
                0x200012e4                PROVIDE (__preinit_array_end = .)
                0x200012e4                . = ALIGN (0x4)
                0x200012e4                PROVIDE (__init_array_start = .)
 *(SORT_BY_NAME(.init_array.*))
 *(.init_array)
 .init_array    0x200012e4        0x4 c:/siliconlabs/simplicitystudio/v5/developer/toolchains/gnu_arm/12.2.rel1_2023.7/bin/../lib/gcc/arm-none-eabi/12.2.1/thumb/v8-m.main+fp/hard/crtbegin.o
                0x200012e8                PROVIDE (__init_array_end = .)
                0x200012e8                . = ALIGN (0x4)
                [!provide]                PROVIDE (__fini_array_start = .)
 *(SORT_BY_NAME(.fini_array.*))
 *(.fini_array)
 .fini_array    0x200012e8        0x4 c:/siliconlabs/simplicitystudio/v5/developer/toolchains/gnu_arm/12.2.rel1_2023.7/bin/../lib/gcc/arm-none-eabi/12.2.1/thumb/v8-m.main+fp/hard/crtbegin.o
                [!provide]                PROVIDE (__fini_array_end = .)
                0x200012ec                . = ALIGN (0x4)
                0x200012ec                __data_end__ = .

.tm_clone_table
                0x200012ec        0x0 load address 0x0800a4a8
 .tm_clone_table
                0x200012ec        0x0 c:/siliconlabs/simplicitystudio/v5/developer/toolchains/gnu_arm/12.2.rel1_2023.7/bin/../lib/gcc/arm-none-eabi/12.2.1/thumb/v8-m.main+fp/hard/crtbegin.o
 .tm_clone_table
                0x200012ec        0x0 c:/siliconlabs/simplicitystudio/v5/developer/toolchains/gnu_arm/12.2.rel1_2023.7/bin/../lib/gcc/arm-none-eabi/12.2.1/thumb/v8-m.main+fp/hard/crtend.o

.igot.plt       0x200012ec        0x0 load address 0x0800a4a8
 .igot.plt      0x200012ec        0x0 c:/siliconlabs/simplicitystudio/v5/developer/toolchains/gnu_arm/12.2.rel1_2023.7/bin/../lib/gcc/arm-none-eabi/12.2.1/thumb/v8-m.main+fp/hard/crtbegin.o

.bss            0x200012ec     0x25c8 load address 0x0800a4a8
                0x200012ec                . = ALIGN (0x4)
                0x200012ec                __bss_start__ = .
 *(SORT_BY_ALIGNMENT(.bss*))