Archive member included to satisfy reference by file (symbol)

c:/siliconlabs/simplicitystudio/v5/developer/toolchains/gnu_arm/12.2.rel1_2023.7/bin/../lib/gcc/arm-none-eabi/12.2.1/thumb/v8-m.main+fp/hard\libgcc.a(_arm_muldf3.o)
                              ./ad5940lib/ad5940.o (__aeabi_dmul)
c:/siliconlabs/simplicitystudio/v5/developer/toolchains/gnu_arm/12.2.rel1_2023.7/bin/../lib/gcc/arm-none-eabi/12.2.1/thumb/v8-m.main+fp/hard\libgcc.a(_arm_addsubdf3.o)
                              ./ad5940lib/ad5940.o (__aeabi_dadd)
c:/siliconlabs/simplicitystudio/v5/developer/toolchains/gnu_arm/12.2.rel1_2023.7/bin/../lib/gcc/arm-none-eabi/12.2.1/thumb/v8-m.main+fp/hard\libgcc.a(_arm_muldivdf3.o)
                              ./ad5940lib/ad5940.o (__aeabi_ddiv)
c:/siliconlabs/simplicitystudio/v5/developer/toolchains/gnu_arm/12.2.rel1_2023.7/bin/../lib/gcc/arm-none-eabi/12.2.1/thumb/v8-m.main+fp/hard\libgcc.a(_arm_cmpdf2.o)
                              ./ad5940lib/ad5940.o (__aeabi_dcmplt)
c:/siliconlabs/simplicitystudio/v5/developer/toolchains/gnu_arm/12.2.rel1_2023.7/bin/../lib/gcc/arm-none-eabi/12.2.1/thumb/v8-m.main+fp/hard\libgcc.a(_arm_truncdfsf2.o)
                              ./ad5940lib/ad5940.o (__aeabi_d2f)
c:/siliconlabs/simplicitystudio/v5/developer/toolchains/gnu_arm/12.2.rel1_2023.7/bin/../lib/gcc/arm-none-eabi/12.2.1/thumb/v8-m.main+fp/hard\libgcc.a(_aeabi_ldivmod.o)
                              ./gecko_sdk_4.4.5/platform/emlib/src/em_eusart.o (__aeabi_ldivmod)
c:/siliconlabs/simplicitystudio/v5/developer/toolchains/gnu_arm/12.2.rel1_2023.7/bin/../lib/gcc/arm-none-eabi/12.2.1/thumb/v8-m.main+fp/hard\libgcc.a(_aeabi_uldivmod.o)
                              ./gecko_sdk_4.4.5/platform/emlib/src/em_eusart.o (__aeabi_uldivmod)
c:/siliconlabs/simplicitystudio/v5/developer/toolchains/gnu_arm/12.2.rel1_2023.7/bin/../lib/gcc/arm-none-eabi/12.2.1/thumb/v8-m.main+fp/hard\libgcc.a(_udivmoddi4.o)
                              c:/siliconlabs/simplicitystudio/v5/developer/toolchains/gnu_arm/12.2.rel1_2023.7/bin/../lib/gcc/arm-none-eabi/12.2.1/thumb/v8-m.main+fp/hard\libgcc.a(_aeabi_ldivmod.o) (__udivmoddi4)
c:/siliconlabs/simplicitystudio/v5/developer/toolchains/gnu_arm/12.2.rel1_2023.7/bin/../lib/gcc/arm-none-eabi/12.2.1/thumb/v8-m.main+fp/hard\libgcc.a(_dvmd_tls.o)
                              c:/siliconlabs/simplicitystudio/v5/developer/toolchains/gnu_arm/12.2.rel1_2023.7/bin/../lib/gcc/arm-none-eabi/12.2.1/thumb/v8-m.main+fp/hard\libgcc.a(_aeabi_ldivmod.o) (__aeabi_ldiv0)
c:/siliconlabs/simplicitystudio/v5/developer/toolchains/gnu_arm/12.2.rel1_2023.7/bin/../lib/gcc/arm-none-eabi/12.2.1/thumb/v8-m.main+fp/hard\libc_nano.a(libc_a-exit.o)
                              c:/siliconlabs/simplicitystudio/v5/developer/toolchains/gnu_arm/12.2.rel1_2023.7/bin/../lib/gcc/arm-none-eabi/12.2.1/thumb/v8-m.main+fp/hard/crt0.o (exit)
c:/siliconlabs/simplicitystudio/v5/developer/toolchains/gnu_arm/12.2.rel1_2023.7/bin/../lib/gcc/arm-none-eabi/12.2.1/thumb/v8-m.main+fp/hard\libc_nano.a(libc_a-nano-vfprintf_float.o)
                              (_printf_float)
c:/siliconlabs/simplicitystudio/v5/developer/toolchains/gnu_arm/12.2.rel1_2023.7/bin/../lib/gcc/arm-none-eabi/12.2.1/thumb/v8-m.main+fp/hard\libc_nano.a(libc_a-nano-vfprintf_i.o)
                              c:/siliconlabs/simplicitystudio/v5/developer/toolchains/gnu_arm/12.2.rel1_2023.7/bin/../lib/gcc/arm-none-eabi/12.2.1/thumb/v8-m.main+fp/hard\libc_nano.a(libc_a-nano-vfprintf_float.o) (_printf_common)
c:/siliconlabs/simplicitystudio/v5/developer/toolchains/gnu_arm/12.2.rel1_2023.7/bin/../lib/gcc/arm-none-eabi/12.2.1/thumb/v8-m.main+fp/hard\libc_nano.a(libc_a-findfp.o)
                              c:/siliconlabs/simplicitystudio/v5/developer/toolchains/gnu_arm/12.2.rel1_2023.7/bin/../lib/gcc/arm-none-eabi/12.2.1/thumb/v8-m.main+fp/hard\libc_nano.a(libc_a-exit.o) (__stdio_exit_handler)
c:/siliconlabs/simplicitystudio/v5/developer/toolchains/gnu_arm/12.2.rel1_2023.7/bin/../lib/gcc/arm-none-eabi/12.2.1/thumb/v8-m.main+fp/hard\libc_nano.a(libc_a-fwalk.o)
                              c:/siliconlabs/simplicitystudio/v5/developer/toolchains/gnu_arm/12.2.rel1_2023.7/bin/../lib/gcc/arm-none-eabi/12.2.1/thumb/v8-m.main+fp/hard\libc_nano.a(libc_a-findfp.o) (_fwalk_sglue)
c:/siliconlabs/simplicitystudio/v5/developer/toolchains/gnu_arm/12.2.rel1_2023.7/bin/../lib/gcc/arm-none-eabi/12.2.1/thumb/v8-m.main+fp/hard\libc_nano.a(libc_a-printf.o)
                              ./AD5940Main.o (printf)
c:/siliconlabs/simplicitystudio/v5/developer/toolchains/gnu_arm/12.2.rel1_2023.7/bin/../lib/gcc/arm-none-eabi/12.2.1/thumb/v8-m.main+fp/hard\libc_nano.a(libc_a-setvbuf.o)
                              ./gecko_sdk_4.4.5/platform/service/iostream/src/sl_iostream_stdlib_config.o (setvbuf)
c:/siliconlabs/simplicitystudio/v5/developer/toolchains/gnu_arm/12.2.rel1_2023.7/bin/../lib/gcc/arm-none-eabi/12.2.1/thumb/v8-m.main+fp/hard\libc_nano.a(libc_a-stdio.o)
[...]
Memory Configuration

Name             Origin             Length             Attributes
FLASH            0x08000000         0x000be000         xr
RAM              0x20000000         0x00010000         xrw
*default*        0x00000000         0xffffffff

Linker script and memory map

LOAD c:/siliconlabs/simplicitystudio/v5/developer/toolchains/gnu_arm/12.2.rel1_2023.7/bin/../lib/gcc/arm-none-eabi/12.2.1/thumb/v8-m.main+fp/hard/crti.o
LOAD c:/siliconlabs/simplicitystudio/v5/developer/toolchains/gnu_arm/12.2.rel1_2023.7/bin/../lib/gcc/arm-none-eabi/12.2.1/thumb/v8-m.main+fp/hard/crtbegin.o
LOAD c:/siliconlabs/simplicitystudio/v5/developer/toolchains/gnu_arm/12.2.rel1_2023.7/bin/../lib/gcc/arm-none-eabi/12.2.1/thumb/v8-m.main+fp/hard/crt0.o
START GROUP
LOAD ./AD5940Main.o
LOAD ./EFR32_port.o
LOAD ./app.o
LOAD ./main.o
LOAD ./ad5940-examples/examples/AD5940_Ramp/RampTest.o
LOAD ./ad5940-examples/examples/AD5940_SqrWaveVoltammetry/SqrWaveVoltammetry.o
LOAD ./ad5940lib/ad5940.o
LOAD ./autogen/sl_device_init_clocks.o
LOAD ./autogen/sl_emlib_gpio_simple_init.o
LOAD ./autogen/sl_event_handler.o
LOAD ./autogen/sl_iostream_handles.o
LOAD ./autogen/sl_spidrv_init.o
LOAD ./gecko_sdk_4.4.5/app/common/util/app_log/app_log.o
LOAD ./gecko_sdk_4.4.5/platform/Device/SiliconLabs/EFR32BG27/Source/startup_efr32bg27.o
LOAD ./gecko_sdk_4.4.5/platform/Device/SiliconLabs/EFR32BG27/Source/system_efr32bg27.o
LOAD ./gecko_sdk_4.4.5/platform/common/src/sl_assert.o
LOAD ./gecko_sdk_4.4.5/platform/common/src/sl_slist.o
LOAD ./gecko_sdk_4.4.5/platform/common/src/sl_syscalls.o
LOAD ./gecko_sdk_4.4.5/platform/common/toolchain/src/sl_memory.o
LOAD ./gecko_sdk_4.4.5/platform/driver/debug/src/sl_debug_swo.o
LOAD ./gecko_sdk_4.4.5/platform/emdrv/dmadrv/src/dmadrv.o
LOAD ./gecko_sdk_4.4.5/platform/emdrv/gpiointerrupt/src/gpiointerrupt.o
LOAD ./gecko_sdk_4.4.5/platform/emdrv/spidrv/src/spidrv.o
LOAD ./gecko_sdk_4.4.5/platform/emlib/src/em_burtc.o
LOAD ./gecko_sdk_4.4.5/platform/emlib/src/em_cmu.o
LOAD ./gecko_sdk_4.4.5/platform/emlib/src/em_core.o
LOAD ./gecko_sdk_4.4.5/platform/emlib/src/em_emu.o
LOAD ./gecko_sdk_4.4.5/platform/emlib/src/em_eusart.o
LOAD ./gecko_sdk_4.4.5/platform/emlib/src/em_gpio.o
LOAD ./gecko_sdk_4.4.5/platform/emlib/src/em_ldma.o
LOAD ./gecko_sdk_4.4.5/platform/emlib/src/em_msc.o
LOAD ./gecko_sdk_4.4.5/platform/emlib/src/em_rtcc.o
LOAD ./gecko_sdk_4.4.5/platform/emlib/src/em_system.o
LOAD ./gecko_sdk_4.4.5/platform/emlib/src/em_timer.o
LOAD ./gecko_sdk_4.4.5/platform/emlib/src/em_usart.o
LOAD ./gecko_sdk_4.4.5/platform/service/device_init/src/sl_device_init_dcdc_s2.o
LOAD ./gecko_sdk_4.4.5/platform/service/device_init/src/sl_device_init_emu_s2.o
LOAD ./gecko_sdk_4.4.5/platform/service/device_init/src/sl_device_init_nvic.o
LOAD ./gecko_sdk_4.4.5/platform/service/iostream/src/sl_iostream.o
LOAD ./gecko_sdk_4.4.5/platform/service/iostream/src/sl_iostream_retarget_stdio.o
LOAD ./gecko_sdk_4.4.5/platform/service/iostream/src/sl_iostream_stdlib_config.o
LOAD ./gecko_sdk_4.4.5/platform/service/iostream/src/sl_iostream_swo.o
LOAD ./gecko_sdk_4.4.5/platform/service/sleeptimer/src/sl_sleeptimer.o
LOAD ./gecko_sdk_4.4.5/platform/service/sleeptimer/src/sl_sleeptimer_hal_burtc.o
LOAD ./gecko_sdk_4.4.5/platform/service/sleeptimer/src/sl_sleeptimer_hal_prortc.o
LOAD ./gecko_sdk_4.4.5/platform/service/sleeptimer/src/sl_sleeptimer_hal_rtcc.o
LOAD ./gecko_sdk_4.4.5/platform/service/sleeptimer/src/sl_sleeptimer_hal_timer.o
LOAD ./gecko_sdk_4.4.5/platform/service/system/src/sl_system_init.o
LOAD ./gecko_sdk_4.4.5/platform/service/system/src/sl_system_process_action.o
LOAD ./gecko_sdk_4.4.5/platform/service/udelay/src/sl_udelay.o
LOAD ./gecko_sdk_4.4.5/platform/service/udelay/src/sl_udelay_armv6m_gcc.o
LOAD c:/siliconlabs/simplicitystudio/v5/developer/toolchains/gnu_arm/12.2.rel1_2023.7/bin/../lib/gcc/arm-none-eabi/12.2.1/thumb/v8-m.main+fp/hard\libgcc.a
LOAD c:/siliconlabs/simplicitystudio/v5/developer/toolchains/gnu_arm/12.2.rel1_2023.7/bin/../lib/gcc/arm-none-eabi/12.2.1/thumb/v8-m.main+fp/hard\libc_nano.a
LOAD c:/siliconlabs/simplicitystudio/v5/developer/toolchains/gnu_arm/12.2.rel1_2023.7/bin/../lib/gcc/arm-none-eabi/12.2.1/thumb/v8-m.main+fp/hard\libm.a
LOAD c:/siliconlabs/simplicitystudio/v5/developer/toolchains/gnu_arm/12.2.rel1_2023.7/bin/../lib/gcc/arm-none-eabi/12.2.1/thumb/v8-m.main+fp/hard\libnosys.a
END GROUP
START GROUP
LOAD c:/siliconlabs/simplicitystudio/v5/developer/toolchains/gnu_arm/12.2.rel1_2023.7/bin/../lib/gcc/arm-none-eabi/12.2.1/thumb/v8-m.main+fp/hard\libgcc.a
LOAD c:/siliconlabs/simplicitystudio/v5/developer/toolchains/gnu_arm/12.2.rel1_2023.7/bin/../lib/gcc/arm-none-eabi/12.2.1/thumb/v8-m.main+fp/hard\libc_nano.a
LOAD c:/siliconlabs/simplicitystudio/v5/developer/toolchains/gnu_arm/12.2.rel1_2023.7/bin/../lib/gcc/arm-none-eabi/12.2.1/thumb/v8-m.main+fp/hard\libnosys.a
END GROUP
START GROUP
LOAD c:/siliconlabs/simplicitystudio/v5/developer/toolchains/gnu_arm/12.2.rel1_2023.7/bin/../lib/gcc/arm-none-eabi/12.2.1/thumb/v8-m.main+fp/hard\libgcc.a
LOAD c:/siliconlabs/simplicitystudio/v5/developer/toolchains/gnu_arm/12.2.rel1_2023.7/bin/../lib/gcc/arm-none-eabi/12.2.1/thumb/v8-m.main+fp/hard\libg_nano.a
LOAD c:/siliconlabs/simplicitystudio/v5/developer/toolchains/gnu_arm/12.2.rel1_2023.7/bin/../lib/gcc/arm-none-eabi/12.2.1/thumb/v8-m.main+fp/hard\libc_nano.a
END GROUP
START GROUP
LOAD c:/siliconlabs/simplicitystudio/v5/developer/toolchains/gnu_arm/12.2.rel1_2023.7/bin/../lib/gcc/arm-none-eabi/12.2.1/thumb/v8-m.main+fp/hard\libgcc.a
LOAD c:/siliconlabs/simplicitystudio/v5/developer/toolchains/gnu_arm/12.2.rel1_2023.7/bin/../lib/gcc/arm-none-eabi/12.2.1/thumb/v8-m.main+fp/hard\libc_nano.a
END GROUP
LOAD c:/siliconlabs/simplicitystudio/v5/developer/toolchains/gnu_arm/12.2.rel1_2023.7/bin/../lib/gcc/arm-none-eabi/12.2.1/thumb/v8-m.main+fp/hard/crtend.o
LOAD c:/siliconlabs/simplicitystudio/v5/developer/toolchains/gnu_arm/12.2.rel1_2023.7/bin/../lib/gcc/arm-none-eabi/12.2.1/thumb/v8-m.main+fp/hard/crtn.o

.text           0x08000000     0xa348
                0x08000000                linker_vectors_begin = .
 *(.vectors)
 .vectors       0x08000000      0x14c ./gecko_sdk_4.4.5/platform/Device/SiliconLabs/EFR32BG27/Source/startup_efr32bg27.o
                0x08000000                __Vectors
                0x0800014c                linker_vectors_end = .
                0x0800014c                __Vectors_End = .
                0x0800014c                __Vectors_Size = (__Vectors_End - __Vectors)
                0x0800014c                linker_code_begin = .
 *(SORT_BY_ALIGNMENT(.text*))
 *fill*         0x0800014c        0x4 
 .text          0x08000150        0x8 ./gecko_sdk_4.4.5/platform/service/udelay/src/sl_udelay_armv6m_gcc.o
                0x08000150                sli_delay_loop
 .text._dtoa_r  0x08000158      0xc54 c:/siliconlabs/simplicitystudio/v5/developer/toolchains/gnu_arm/12.2.rel1_2023.7/bin/../lib/gcc/arm-none-eabi/12.2.1/thumb/v8-m.main+fp/hard\libc_nano.a(libc_a-dtoa.o)
                0x08000158                _dtoa_r
 *fill*         0x08000dac        0x4 
 .text.__ieee754_atan2
                0x08000db0      0x1b0 c:/siliconlabs/simplicitystudio/v5/developer/toolchains/gnu_arm/12.2.rel1_2023.7/bin/../lib/gcc/arm-none-eabi/12.2.1/thumb/v8-m.main+fp/hard\libm.a(libm_a-e_atan2.o)
                0x08000db0                __ieee754_atan2
 .text.atan     0x08000f60      0x340 c:/siliconlabs/simplicitystudio/v5/developer/toolchains/gnu_arm/12.2.rel1_2023.7/bin/../lib/gcc/arm-none-eabi/12.2.1/thumb/v8-m.main+fp/hard\libm.a(libm_a-s_atan.o)
                0x08000f60                atan
 .text.deregister_tm_clones
                0x080012a0       0x1c c:/siliconlabs/simplicitystudio/v5/developer/toolchains/gnu_arm/12.2.rel1_2023.7/bin/../lib/gcc/arm-none-eabi/12.2.1/thumb/v8-m.main+fp/hard/crtbegin.o
 .text.register_tm_clones
                0x080012bc       0x28 c:/siliconlabs/simplicitystudio/v5/developer/toolchains/gnu_arm/12.2.rel1_2023.7/bin/../lib/gcc/arm-none-eabi/12.2.1/thumb/v8-m.main+fp/hard/crtbegin.o
 .text.__do_global_dtors_aux
                0x080012e4       0x28 c:/siliconlabs/simplicitystudio/v5/developer/toolchains/gnu_arm/12.2.rel1_2023.7/bin/../lib/gcc/arm-none-eabi/12.2.1/thumb/v8-m.main+fp/hard/crtbegin.o
 .text.frame_dummy
                0x0800130c       0x24 c:/siliconlabs/simplicitystudio/v5/developer/toolchains/gnu_arm/12.2.rel1_2023.7/bin/../lib/gcc/arm-none-eabi/12.2.1/thumb/v8-m.main+fp/hard/crtbegin.o
 .text          0x08001330       0x7c c:/siliconlabs/simplicitystudio/v5/developer/toolchains/gnu_arm/12.2.rel1_2023.7/bin/../lib/gcc/arm-none-eabi/12.2.1/thumb/v8-m.main+fp/hard/crt0.o
                0x08001330                _stack_init
                0x08001338                _start
                0x08001338                _mainCRTStartup
 .text.RampShowResult.constprop.0.isra.0
                0x080013ac       0x48 ./AD5940Main.o
 .text.AD5940_Init
                0x080013f4       0xc4 ./AD5940Main.o
                0x080013f4                AD5940_Init
 .text.AD5940_CV_RampStructInit
                0x080014b8       0x78 ./AD5940Main.o
                0x080014b8                AD5940_CV_RampStructInit
 .text.AD5940_CV_Main
                0x08001530       0x70 ./AD5940Main.o
                0x08001530                AD5940_CV_Main
 .text.AD5940_ReadWriteNBytes
                0x080015a0       0x28 ./EFR32_port.o
                0x080015a0                AD5940_ReadWriteNBytes
 .text.AD5940_CsClr
                0x080015c8       0x10 ./EFR32_port.o
                0x080015c8                AD5940_CsClr
 .text.AD5940_CsSet
                0x080015d8       0x10 ./EFR32_port.o
                0x080015d8                AD5940_CsSet
 .text.AD5940_RstSet
                0x080015e8       0x10 ./EFR32_port.o
                0x080015e8                AD5940_RstSet
 .text.AD5940_RstClr
                0x080015f8       0x10 ./EFR32_port.o
                0x080015f8                AD5940_RstClr
 .text.AD5940_GetMCUIntFlag
                0x08001608        0xc ./EFR32_port.o
                0x08001608                AD5940_GetMCUIntFlag
 .text.AD5940_ClrMCUIntFlag
                0x08001614       0x10 ./EFR32_port.o
                0x08001614                AD5940_ClrMCUIntFlag
 .text.ad5940int_handler
                0x08001624       0x18 ./app.o
                0x08001624                ad5940int_handler
 .text.ad5940int_init
                0x0800163c       0x44 ./app.o
                0x0800163c                ad5940int_init
 .text.AppRAMPDataProcess.isra.0
                0x08001680       0x4c ./ad5940-examples/examples/AD5940_Ramp/RampTest.o
 .text.RampDacRegUpdate.isra.0
                0x080016cc      0x144 ./ad5940-examples/examples/AD5940_Ramp/RampTest.o
 .text.AppRAMPSeqDACCtrlGen
                0x08001810      0x294 ./ad5940-examples/examples/AD5940_Ramp/RampTest.o
 .text.AppRAMPGetCfg
                0x08001aa4       0x14 ./ad5940-examples/examples/AD5940_Ramp/RampTest.o
                0x08001aa4                AppRAMPGetCfg
 .text.AppRAMPCtrl
                0x08001ab8       0xe8 ./ad5940-examples/examples/AD5940_Ramp/RampTest.o
                0x08001ab8                AppRAMPCtrl
 .text.AppRAMPInit
                0x08001ba0      0x38c ./ad5940-examples/examples/AD5940_Ramp/RampTest.o
                0x08001ba0                AppRAMPInit
 .text.AppRAMPISR
                0x08001f2c       0xcc ./ad5940-examples/examples/AD5940_Ramp/RampTest.o
                0x08001f2c                AppRAMPISR
 .text.AD5940_SEQGenSearchReg
                0x08001ff8       0x30 ./ad5940lib/ad5940.o
 .text.AD5940_SEQRegInfoInsert
                0x08002028       0x3c ./ad5940lib/ad5940.o
 .text.AD5940_SEQGenInsert
                0x08002064       0x2c ./ad5940lib/ad5940.o
                0x08002064                AD5940_SEQGenInsert
 .text.AD5940_SEQGenInit
                0x08002090       0x28 ./ad5940lib/ad5940.o
                0x08002090                AD5940_SEQGenInit
 .text.AD5940_SEQGenFetchSeq
                0x080020b8       0x18 ./ad5940lib/ad5940.o
                0x080020b8                AD5940_SEQGenFetchSeq
 .text.AD5940_SEQGenCtrl
                0x080020d0       0x14 ./ad5940lib/ad5940.o
                0x080020d0                AD5940_SEQGenCtrl
 .text.AD5940_Notch50HzAvailable
                0x080020e4       0xbc ./ad5940lib/ad5940.o
                0x080020e4                AD5940_Notch50HzAvailable
 .text.AD5940_Notch60HzAvailable
                0x080021a0       0x94 ./ad5940lib/ad5940.o
                0x080021a0                AD5940_Notch60HzAvailable
 .text.AD5940_ClksCalculate
                0x08002234      0x18c ./ad5940lib/ad5940.o
                0x08002234                AD5940_ClksCalculate
 .text.AD5940_ADCCode2Volt
                0x080023c0       0x58 ./ad5940lib/ad5940.o
                0x080023c0                AD5940_ADCCode2Volt
 .text.AD5940_WriteReg
                0x08002418       0xa4 ./ad5940lib/ad5940.o
                0x08002418                AD5940_WriteReg
 .text.AD5940_ReadReg
                0x080024bc       0x44 ./ad5940lib/ad5940.o
                0x080024bc                AD5940_ReadReg
 .text.AD5940_Initialize
                0x08002500       0xb0 ./ad5940lib/ad5940.o
                0x08002500                AD5940_Initialize
 .text.__AD5940_ReferenceON
                0x080025b0       0x24 ./ad5940lib/ad5940.o
 .text.__AD5940_SetDExRTIA
                0x080025d4       0x68 ./ad5940lib/ad5940.o
                0x080025d4                __AD5940_SetDExRTIA
 .text.AD5940_WGFreqWordCal
                0x0800263c       0x58 ./ad5940lib/ad5940.o
                0x0800263c                AD5940_WGFreqWordCal
 .text.__AD5940_TakeMeasurement
                0x08002694       0x50 ./ad5940lib/ad5940.o
 .text.AD5940_ShutDownS
                0x080026e4       0x34 ./ad5940lib/ad5940.o
                0x080026e4                AD5940_ShutDownS
 .text.AD5940_LPRtiaCal
                0x08002718      0x5f8 ./ad5940lib/ad5940.o
                0x08002718                AD5940_LPRtiaCal
 .text.AD5940_LFOSCMeasure
                0x08002d10      0x1a4 ./ad5940lib/ad5940.o
                0x08002d10                AD5940_LFOSCMeasure
 .text.sl_device_init_clocks
                0x08002eb4       0x80 ./autogen/sl_device_init_clocks.o
                0x08002eb4                sl_device_init_clocks
 .text.sl_spidrv_init_instances
                0x08002f34       0x14 ./autogen/sl_spidrv_init.o
                0x08002f34                sl_spidrv_init_instances
 .text.app_log_init
                0x08002f48       0x38 ./gecko_sdk_4.4.5/app/common/util/app_log/app_log.o
                0x08002f48                app_log_init
 .text.CopyRamFuncs
                0x08002f80       0x1c ./gecko_sdk_4.4.5/platform/Device/SiliconLabs/EFR32BG27/Source/startup_efr32bg27.o
                0x08002f80                CopyRamFuncs
 .text.Reset_Handler
                0x08002f9c       0x64 ./gecko_sdk_4.4.5/platform/Device/SiliconLabs/EFR32BG27/Source/startup_efr32bg27.o
                0x08002f9c                Reset_Handler
 .text.SystemInit
                0x08003000       0x64 ./gecko_sdk_4.4.5/platform/Device/SiliconLabs/EFR32BG27/Source/system_efr32bg27.o
                0x08003000                SystemInit
 .text.SystemHFRCODPLLClockGet
                0x08003064        0xc ./gecko_sdk_4.4.5/platform/Device/SiliconLabs/EFR32BG27/Source/system_efr32bg27.o
                0x08003064                SystemHFRCODPLLClockGet
 .text.SystemSYSCLKGet
                0x08003070       0x34 ./gecko_sdk_4.4.5/platform/Device/SiliconLabs/EFR32BG27/Source/system_efr32bg27.o
                0x08003070                SystemSYSCLKGet
 .text.SystemHCLKGet
                0x080030a4       0x24 ./gecko_sdk_4.4.5/platform/Device/SiliconLabs/EFR32BG27/Source/system_efr32bg27.o
                0x080030a4                SystemHCLKGet
 .text.SystemMaxCoreClockGet
                0x080030c8        0x8 ./gecko_sdk_4.4.5/platform/Device/SiliconLabs/EFR32BG27/Source/system_efr32bg27.o
                0x080030c8                SystemMaxCoreClockGet
 .text.SystemHFXOClockGet
                0x080030d0        0xc ./gecko_sdk_4.4.5/platform/Device/SiliconLabs/EFR32BG27/Source/system_efr32bg27.o
                0x080030d0                SystemHFXOClockGet
 .text.SystemFSRCOClockGet
                0x080030dc        0x8 ./gecko_sdk_4.4.5/platform/Device/SiliconLabs/EFR32BG27/Source/system_efr32bg27.o
                0x080030dc                SystemFSRCOClockGet
 .text.SystemLFXOClockGet
                0x080030e4        0xc ./gecko_sdk_4.4.5/platform/Device/SiliconLabs/EFR32BG27/Source/system_efr32bg27.o
                0x080030e4                SystemLFXOClockGet
 .text._sbrk    0x080030f0       0x20 ./gecko_sdk_4.4.5/platform/common/toolchain/src/sl_memory.o
                0x080030f0                _sbrk
 .text.sl_debug_swo_init
                0x08003110      0x10c ./gecko_sdk_4.4.5/platform/driver/debug/src/sl_debug_swo.o
                0x08003110                sl_debug_swo_init
 .text.sl_debug_swo_write_u8
                0x0800321c       0x44 ./gecko_sdk_4.4.5/platform/driver/debug/src/sl_debug_swo.o
                0x0800321c                sl_debug_swo_write_u8
 .text.StartTransfer
                0x08003260      0x17c ./gecko_sdk_4.4.5/platform/emdrv/dmadrv/src/dmadrv.o
 .text.DMADRV_AllocateChannel
                0x080033dc       0x60 ./gecko_sdk_4.4.5/platform/emdrv/dmadrv/src/dmadrv.o
                0x080033dc                DMADRV_AllocateChannel
 .text.DMADRV_Init
                0x0800343c       0x68 ./gecko_sdk_4.4.5/platform/emdrv/dmadrv/src/dmadrv.o
                0x0800343c                DMADRV_Init
 .text.LDMA_IRQHandler
                0x080034a4       0x74 ./gecko_sdk_4.4.5/platform/emdrv/dmadrv/src/dmadrv.o
                0x080034a4                LDMA_IRQHandler
 .text.GPIOINT_IRQDispatcher
                0x08003518       0x38 ./gecko_sdk_4.4.5/platform/emdrv/gpiointerrupt/src/gpiointerrupt.o
 .text.GPIOINT_Init
                0x08003550       0x30 ./gecko_sdk_4.4.5/platform/emdrv/gpiointerrupt/src/gpiointerrupt.o
                0x08003550                GPIOINT_Init
 .text.GPIOINT_CallbackRegister
                0x08003580       0x24 ./gecko_sdk_4.4.5/platform/emdrv/gpiointerrupt/src/gpiointerrupt.o
                0x08003580                GPIOINT_CallbackRegister
 .text.GPIO_EVEN_IRQHandler
                0x080035a4       0x24 ./gecko_sdk_4.4.5/platform/emdrv/gpiointerrupt/src/gpiointerrupt.o
                0x080035a4                GPIO_EVEN_IRQHandler
 .text.GPIO_ODD_IRQHandler
                0x080035c8       0x24 ./gecko_sdk_4.4.5/platform/emdrv/gpiointerrupt/src/gpiointerrupt.o
                0x080035c8                GPIO_ODD_IRQHandler
 .text.RxDMAComplete
                0x080035ec       0x50 ./gecko_sdk_4.4.5/platform/emdrv/spidrv/src/spidrv.o
 .text.StartTransferDMA
                0x0800363c       0xa8 ./gecko_sdk_4.4.5/platform/emdrv/spidrv/src/spidrv.o
 .text.TransferApiPrologue
                0x080036e4       0x48 ./gecko_sdk_4.4.5/platform/emdrv/spidrv/src/spidrv.o
 .text.SPIDRV_Init
                0x0800372c      0x34c ./gecko_sdk_4.4.5/platform/emdrv/spidrv/src/spidrv.o
                0x0800372c                SPIDRV_Init
 .text.SPIDRV_MTransferB
                0x08003a78       0x4c ./gecko_sdk_4.4.5/platform/emdrv/spidrv/src/spidrv.o
                0x08003a78                SPIDRV_MTransferB
 .text.EMU_VScaleGet
                0x08003ac4       0x18 ./gecko_sdk_4.4.5/platform/emlib/src/em_cmu.o
 .text.traceClkGet
                0x08003adc       0x48 ./gecko_sdk_4.4.5/platform/emlib/src/em_cmu.o
 .text.em01GrpaClkGet
                0x08003b24       0x48 ./gecko_sdk_4.4.5/platform/emlib/src/em_cmu.o
 .text.iadcClkGet
                0x08003b6c       0x54 ./gecko_sdk_4.4.5/platform/emlib/src/em_cmu.o
 .text.em01GrpbClkGet
                0x08003bc0       0x74 ./gecko_sdk_4.4.5/platform/emlib/src/em_cmu.o
 .text.em23GrpaClkGet
                0x08003c34       0x48 ./gecko_sdk_4.4.5/platform/emlib/src/em_cmu.o
 .text.eusart0ClkGet
                0x08003c7c       0x54 ./gecko_sdk_4.4.5/platform/emlib/src/em_cmu.o
 .text.wdog0ClkGet
                0x08003cd0       0x64 ./gecko_sdk_4.4.5/platform/emlib/src/em_cmu.o
 .text.rtccClkGet
                0x08003d34       0x54 ./gecko_sdk_4.4.5/platform/emlib/src/em_cmu.o
 .text.em4GrpaClkGet
                0x08003d88       0x48 ./gecko_sdk_4.4.5/platform/emlib/src/em_cmu.o
 .text.CMU_ClockDivGet
                0x08003dd0       0x78 ./gecko_sdk_4.4.5/platform/emlib/src/em_cmu.o
                0x08003dd0                CMU_ClockDivGet
 .text.flashWaitStateControl
                0x08003e48       0x4c ./gecko_sdk_4.4.5/platform/emlib/src/em_cmu.o
 .text.CMU_ClockEnable
                0x08003e94       0x54 ./gecko_sdk_4.4.5/platform/emlib/src/em_cmu.o
                0x08003e94                CMU_ClockEnable
 .text.CMU_ClockFreqGet
                0x08003ee8      0x2d0 ./gecko_sdk_4.4.5/platform/emlib/src/em_cmu.o
                0x08003ee8                CMU_ClockFreqGet
 .text.rhclkPrescOptimize
                0x080041b8       0x20 ./gecko_sdk_4.4.5/platform/emlib/src/em_cmu.o
 .text.CMU_ClockDivSet
                0x080041d8      0x12c ./gecko_sdk_4.4.5/platform/emlib/src/em_cmu.o
                0x080041d8                CMU_ClockDivSet
 .text.sli_em_cmu_SYSCLKInitPreClockSelect
                0x08004304       0x20 ./gecko_sdk_4.4.5/platform/emlib/src/em_cmu.o
                0x08004304                sli_em_cmu_SYSCLKInitPreClockSelect
 .text.pclkDivOptimize
                0x08004324       0x24 ./gecko_sdk_4.4.5/platform/emlib/src/em_cmu.o
 .text.__NVIC_GetPriority
                0x08004348       0x24 ./gecko_sdk_4.4.5/platform/emlib/src/em_core.o
 .text.CORE_NvicIRQDisabled
                0x0800436c       0x34 ./gecko_sdk_4.4.5/platform/emlib/src/em_core.o
                0x0800436c                CORE_NvicIRQDisabled
 .text.CORE_IrqIsBlocked
                0x080043a0       0x6c ./gecko_sdk_4.4.5/platform/emlib/src/em_core.o
                0x080043a0                CORE_IrqIsBlocked
 .text.EMU_DCDCSync.constprop.0
                0x0800440c       0x10 ./gecko_sdk_4.4.5/platform/emlib/src/em_emu.o
 .text.EMU_EM4Init
                0x0800441c       0x14 ./gecko_sdk_4.4.5/platform/emlib/src/em_emu.o
                0x0800441c                EMU_EM4Init
 .text.EMU_VScaleEM01
                0x08004430       0xa8 ./gecko_sdk_4.4.5/platform/emlib/src/em_emu.o
                0x08004430                EMU_VScaleEM01
 .text.EMU_VScaleEM01ByClock
                0x080044d8       0x30 ./gecko_sdk_4.4.5/platform/emlib/src/em_emu.o
                0x080044d8                EMU_VScaleEM01ByClock
 .text.EMU_DCDCModeSet
                0x08004508       0xac ./gecko_sdk_4.4.5/platform/emlib/src/em_emu.o
                0x08004508                EMU_DCDCModeSet
 .text.EMU_DCDCInit
                0x080045b4       0x74 ./gecko_sdk_4.4.5/platform/emlib/src/em_emu.o
                0x080045b4                EMU_DCDCInit
 .text.EUSART_Reset
                0x08004628       0x3c ./gecko_sdk_4.4.5/platform/emlib/src/em_eusart.o
                0x08004628                EUSART_Reset
 .text.EUSART_Enable
                0x08004664       0x60 ./gecko_sdk_4.4.5/platform/emlib/src/em_eusart.o
                0x08004664                EUSART_Enable
 .text.EUSART_BaudrateSet
                0x080046c4      0x1b0 ./gecko_sdk_4.4.5/platform/emlib/src/em_eusart.o
                0x080046c4                EUSART_BaudrateSet
 .text.EUSART_SpiInit
                0x08004874      0x1dc ./gecko_sdk_4.4.5/platform/emlib/src/em_eusart.o
                0x08004874                EUSART_SpiInit
 .text.BUS_RegBitWrite
                0x08004a50       0x2c ./gecko_sdk_4.4.5/platform/emlib/src/em_gpio.o
 .text.GPIO_PinOutSet
                0x08004a7c       0x38 ./gecko_sdk_4.4.5/platform/emlib/src/em_gpio.o
 .text.GPIO_PinOutClear
                0x08004ab4       0x38 ./gecko_sdk_4.4.5/platform/emlib/src/em_gpio.o
 .text.GPIO_ExtIntConfig
                0x08004aec       0xdc ./gecko_sdk_4.4.5/platform/emlib/src/em_gpio.o
                0x08004aec                GPIO_ExtIntConfig
 .text.GPIO_PinModeSet
                0x08004bc8       0x90 ./gecko_sdk_4.4.5/platform/emlib/src/em_gpio.o
                0x08004bc8                GPIO_PinModeSet
 .text.LDMA_Init
                0x08004c58       0x94 ./gecko_sdk_4.4.5/platform/emlib/src/em_ldma.o
                0x08004c58                LDMA_Init
 .text.LDMA_StartTransfer
                0x08004cec       0xfc ./gecko_sdk_4.4.5/platform/emlib/src/em_ldma.o
                0x08004cec                LDMA_StartTransfer
 .text.RTCC_ChannelInit
                0x08004de8       0x48 ./gecko_sdk_4.4.5/platform/emlib/src/em_rtcc.o
                0x08004de8                RTCC_ChannelInit
 .text.RTCC_Enable
                0x08004e30       0x54 ./gecko_sdk_4.4.5/platform/emlib/src/em_rtcc.o
                0x08004e30                RTCC_Enable
 .text.RTCC_Init
                0x08004e84       0x48 ./gecko_sdk_4.4.5/platform/emlib/src/em_rtcc.o
                0x08004e84                RTCC_Init
 .text.USART_BaudrateSyncSet
                0x08004ecc       0x48 ./gecko_sdk_4.4.5/platform/emlib/src/em_usart.o
                0x08004ecc                USART_BaudrateSyncSet
 .text.USART_Reset
                0x08004f14       0x70 ./gecko_sdk_4.4.5/platform/emlib/src/em_usart.o
                0x08004f14                USART_Reset
 .text.USART_InitSync
                0x08004f84       0xcc ./gecko_sdk_4.4.5/platform/emlib/src/em_usart.o
                0x08004f84                USART_InitSync
 .text.sl_device_init_dcdc
                0x08005050       0x28 ./gecko_sdk_4.4.5/platform/service/device_init/src/sl_device_init_dcdc_s2.o
                0x08005050                sl_device_init_dcdc
 .text.sl_device_init_emu
                0x08005078       0x24 ./gecko_sdk_4.4.5/platform/service/device_init/src/sl_device_init_emu_s2.o
                0x08005078                sl_device_init_emu
 .text.sl_device_init_nvic
                0x0800509c       0x3c ./gecko_sdk_4.4.5/platform/service/device_init/src/sl_device_init_nvic.o
                0x0800509c                sl_device_init_nvic
 .text.sl_iostream_set_default
                0x080050d8       0x18 ./gecko_sdk_4.4.5/platform/service/iostream/src/sl_iostream.o
                0x080050d8                sl_iostream_set_default
 .text.sl_iostream_get_default
                0x080050f0       0x18 ./gecko_sdk_4.4.5/platform/service/iostream/src/sl_iostream.o
                0x080050f0                sl_iostream_get_default
 .text._write   0x08005108       0x20 ./gecko_sdk_4.4.5/platform/service/iostream/src/sl_iostream_retarget_stdio.o
                0x08005108                _write
 .text.sl_iostream_stdlib_disable_buffering
                0x08005128       0x14 ./gecko_sdk_4.4.5/platform/service/iostream/src/sl_iostream_stdlib_config.o
                0x08005128                sl_iostream_stdlib_disable_buffering
 .text.sl_iostream_swo_init
                0x0800513c       0x1c ./gecko_sdk_4.4.5/platform/service/iostream/src/sl_iostream_swo.o
                0x0800513c                sl_iostream_swo_init
 .text.delta_list_insert_timer
                0x08005158       0x40 ./gecko_sdk_4.4.5/platform/service/sleeptimer/src/sl_sleeptimer.o
 .text.update_delta_list
                0x08005198       0x34 ./gecko_sdk_4.4.5/platform/service/sleeptimer/src/sl_sleeptimer.o
 .text.set_comparator_for_next_timer
                0x080051cc       0x5c ./gecko_sdk_4.4.5/platform/service/sleeptimer/src/sl_sleeptimer.o
 .text.delta_list_remove_timer
                0x08005228       0x38 ./gecko_sdk_4.4.5/platform/service/sleeptimer/src/sl_sleeptimer.o
 .text.sl_sleeptimer_init
                0x08005260       0x74 ./gecko_sdk_4.4.5/platform/service/sleeptimer/src/sl_sleeptimer.o
                0x08005260                sl_sleeptimer_init
 .text.sl_sleeptimer_stop_timer
                0x080052d4       0x60 ./gecko_sdk_4.4.5/platform/service/sleeptimer/src/sl_sleeptimer.o
                0x080052d4                sl_sleeptimer_stop_timer
 .text.process_timer_irq
                0x08005334      0x154 ./gecko_sdk_4.4.5/platform/service/sleeptimer/src/sl_sleeptimer.o
                0x08005334                process_timer_irq
 .text.sleeptimer_hal_init_timer
                0x08005488       0x88 ./gecko_sdk_4.4.5/platform/service/sleeptimer/src/sl_sleeptimer_hal_rtcc.o
                0x08005488                sleeptimer_hal_init_timer
 .text.sleeptimer_hal_set_compare
                0x08005510       0x64 ./gecko_sdk_4.4.5/platform/service/sleeptimer/src/sl_sleeptimer_hal_rtcc.o
                0x08005510                sleeptimer_hal_set_compare
 .text.sleeptimer_hal_disable_int
                0x08005574       0x30 ./gecko_sdk_4.4.5/platform/service/sleeptimer/src/sl_sleeptimer_hal_rtcc.o
                0x08005574                sleeptimer_hal_disable_int
 .text.sleeptimer_hal_set_int
                0x080055a4       0x10 ./gecko_sdk_4.4.5/platform/service/sleeptimer/src/sl_sleeptimer_hal_rtcc.o
                0x080055a4                sleeptimer_hal_set_int
 .text.RTCC_IRQHandler
                0x080055b4       0x34 ./gecko_sdk_4.4.5/platform/service/sleeptimer/src/sl_sleeptimer_hal_rtcc.o
                0x080055b4                RTCC_IRQHandler
 .text.sl_udelay_wait
                0x080055e8       0x58 ./gecko_sdk_4.4.5/platform/service/udelay/src/sl_udelay.o
                0x080055e8                sl_udelay_wait
 .text          0x08005640      0x378 c:/siliconlabs/simplicitystudio/v5/developer/toolchains/gnu_arm/12.2.rel1_2023.7/bin/../lib/gcc/arm-none-eabi/12.2.1/thumb/v8-m.main+fp/hard\libgcc.a(_arm_addsubdf3.o)
                0x08005640                __aeabi_drsub
                0x08005648                __aeabi_dsub
                0x08005648                __subdf3
                0x0800564c                __aeabi_dadd
                0x0800564c                __adddf3
                0x080058c4                __floatunsidf
                0x080058c4                __aeabi_ui2d
                0x080058e4                __floatsidf
                0x080058e4                __aeabi_i2d
                0x08005908                __aeabi_f2d
                0x08005908                __extendsfdf2
                0x0800594c                __floatundidf
                0x0800594c                __aeabi_ul2d
                0x0800595c                __floatdidf
                0x0800595c                __aeabi_l2d
 .text          0x080059b8      0x424 c:/siliconlabs/simplicitystudio/v5/developer/toolchains/gnu_arm/12.2.rel1_2023.7/bin/../lib/gcc/arm-none-eabi/12.2.1/thumb/v8-m.main+fp/hard\libgcc.a(_arm_muldivdf3.o)
                0x080059b8                __aeabi_dmul
                0x080059b8                __muldf3
                0x08005c0c                __divdf3
                0x08005c0c                __aeabi_ddiv
 .text          0x08005ddc      0x110 c:/siliconlabs/simplicitystudio/v5/developer/toolchains/gnu_arm/12.2.rel1_2023.7/bin/../lib/gcc/arm-none-eabi/12.2.1/thumb/v8-m.main+fp/hard\libgcc.a(_arm_cmpdf2.o)
                0x08005ddc                __gtdf2
                0x08005ddc                __gedf2
                0x08005de4                __ltdf2
                0x08005de4                __ledf2
                0x08005dec                __nedf2
                0x08005dec                __eqdf2
                0x08005dec                __cmpdf2
                0x08005e68                __aeabi_cdrcmple
                0x08005e78                __aeabi_cdcmpeq
                0x08005e78                __aeabi_cdcmple
                0x08005e88                __aeabi_dcmpeq
                0x08005e9c                __aeabi_dcmplt
                0x08005eb0                __aeabi_dcmple
                0x08005ec4                __aeabi_dcmpge
                0x08005ed8                __aeabi_dcmpgt
 .text          0x08005eec       0xa0 c:/siliconlabs/simplicitystudio/v5/developer/toolchains/gnu_arm/12.2.rel1_2023.7/bin/../lib/gcc/arm-none-eabi/12.2.1/thumb/v8-m.main+fp/hard\libgcc.a(_arm_truncdfsf2.o)
                0x08005eec                __truncdfsf2
                0x08005eec                __aeabi_d2f
 .text          0x08005f8c       0x30 c:/siliconlabs/simplicitystudio/v5/developer/toolchains/gnu_arm/12.2.rel1_2023.7/bin/../lib/gcc/arm-none-eabi/12.2.1/thumb/v8-m.main+fp/hard\libgcc.a(_aeabi_uldivmod.o)
                0x08005f8c                __aeabi_uldivmod
 .text.__udivmoddi4
                0x08005fbc      0x2ec c:/siliconlabs/simplicitystudio/v5/developer/toolchains/gnu_arm/12.2.rel1_2023.7/bin/../lib/gcc/arm-none-eabi/12.2.1/thumb/v8-m.main+fp/hard\libgcc.a(_udivmoddi4.o)
                0x08005fbc                __udivmoddi4
 .text          0x080062a8        0x4 c:/siliconlabs/simplicitystudio/v5/developer/toolchains/gnu_arm/12.2.rel1_2023.7/bin/../lib/gcc/arm-none-eabi/12.2.1/thumb/v8-m.main+fp/hard\libgcc.a(_dvmd_tls.o)
                0x080062a8                __aeabi_idiv0
                0x080062a8                __aeabi_ldiv0
 .text.exit     0x080062ac       0x24 c:/siliconlabs/simplicitystudio/v5/developer/toolchains/gnu_arm/12.2.rel1_2023.7/bin/../lib/gcc/arm-none-eabi/12.2.1/thumb/v8-m.main+fp/hard\libc_nano.a(libc_a-exit.o)
                0x080062ac                exit
 .text._printf_float
                0x080062d0      0x468 c:/siliconlabs/simplicitystudio/v5/developer/toolchains/gnu_arm/12.2.rel1_2023.7/bin/../lib/gcc/arm-none-eabi/12.2.1/thumb/v8-m.main+fp/hard\libc_nano.a(libc_a-nano-vfprintf_float.o)
                0x080062d0                _printf_float
 .text._printf_i
                0x08006738      0x258 c:/siliconlabs/simplicitystudio/v5/developer/toolchains/gnu_arm/12.2.rel1_2023.7/bin/../lib/gcc/arm-none-eabi/12.2.1/thumb/v8-m.main+fp/hard\libc_nano.a(libc_a-nano-vfprintf_i.o)
                0x08006738                _printf_i
 .text.std      0x08006990       0x6c c:/siliconlabs/simplicitystudio/v5/developer/toolchains/gnu_arm/12.2.rel1_2023.7/bin/../lib/gcc/arm-none-eabi/12.2.1/thumb/v8-m.main+fp/hard\libc_nano.a(libc_a-findfp.o)
 .text.stdio_exit_handler
                0x080069fc       0x18 c:/siliconlabs/simplicitystudio/v5/developer/toolchains/gnu_arm/12.2.rel1_2023.7/bin/../lib/gcc/arm-none-eabi/12.2.1/thumb/v8-m.main+fp/hard\libc_nano.a(libc_a-findfp.o)
 .text.cleanup_stdio
                0x08006a14       0x40 c:/siliconlabs/simplicitystudio/v5/developer/toolchains/gnu_arm/12.2.rel1_2023.7/bin/../lib/gcc/arm-none-eabi/12.2.1/thumb/v8-m.main+fp/hard\libc_nano.a(libc_a-findfp.o)
 .text.global_stdio_init.part.0
                0x08006a54       0x3c c:/siliconlabs/simplicitystudio/v5/developer/toolchains/gnu_arm/12.2.rel1_2023.7/bin/../lib/gcc/arm-none-eabi/12.2.1/thumb/v8-m.main+fp/hard\libc_nano.a(libc_a-findfp.o)
 .text.__sfp_lock_acquire
                0x08006a90        0xc c:/siliconlabs/simplicitystudio/v5/developer/toolchains/gnu_arm/12.2.rel1_2023.7/bin/../lib/gcc/arm-none-eabi/12.2.1/thumb/v8-m.main+fp/hard\libc_nano.a(libc_a-findfp.o)
                0x08006a90                __sfp_lock_acquire
 .text.__sfp_lock_release
                0x08006a9c        0xc c:/siliconlabs/simplicitystudio/v5/developer/toolchains/gnu_arm/12.2.rel1_2023.7/bin/../lib/gcc/arm-none-eabi/12.2.1/thumb/v8-m.main+fp/hard\libc_nano.a(libc_a-findfp.o)
                0x08006a9c                __sfp_lock_release
 .text.__sinit  0x08006aa8       0x30 c:/siliconlabs/simplicitystudio/v5/developer/toolchains/gnu_arm/12.2.rel1_2023.7/bin/../lib/gcc/arm-none-eabi/12.2.1/thumb/v8-m.main+fp/hard\libc_nano.a(libc_a-findfp.o)
                0x08006aa8                __sinit
 .text.printf   0x08006ad8       0x24 c:/siliconlabs/simplicitystudio/v5/developer/toolchains/gnu_arm/12.2.rel1_2023.7/bin/../lib/gcc/arm-none-eabi/12.2.1/thumb/v8-m.main+fp/hard\libc_nano.a(libc_a-printf.o)
                0x08006ad8                iprintf
                0x08006ad8                printf
 .text.setvbuf  0x08006afc      0x168 c:/siliconlabs/simplicitystudio/v5/developer/toolchains/gnu_arm/12.2.rel1_2023.7/bin/../lib/gcc/arm-none-eabi/12.2.1/thumb/v8-m.main+fp/hard\libc_nano.a(libc_a-setvbuf.o)
                0x08006afc                setvbuf
 .text._localeconv_r
                0x08006c64        0x8 c:/siliconlabs/simplicitystudio/v5/developer/toolchains/gnu_arm/12.2.rel1_2023.7/bin/../lib/gcc/arm-none-eabi/12.2.1/thumb/v8-m.main+fp/hard\libc_nano.a(libc_a-localeconv.o)
                0x08006c64                _localeconv_r
 .text._close_r
                0x08006c6c       0x20 c:/siliconlabs/simplicitystudio/v5/developer/toolchains/gnu_arm/12.2.rel1_2023.7/bin/../lib/gcc/arm-none-eabi/12.2.1/thumb/v8-m.main+fp/hard\libc_nano.a(libc_a-closer.o)
                0x08006c6c                _close_r
 .text._lseek_r
                0x08006c8c       0x24 c:/siliconlabs/simplicitystudio/v5/developer/toolchains/gnu_arm/12.2.rel1_2023.7/bin/../lib/gcc/arm-none-eabi/12.2.1/thumb/v8-m.main+fp/hard\libc_nano.a(libc_a-lseekr.o)
                0x08006c8c                _lseek_r
 .text._read_r  0x08006cb0       0x24 c:/siliconlabs/simplicitystudio/v5/developer/toolchains/gnu_arm/12.2.rel1_2023.7/bin/../lib/gcc/arm-none-eabi/12.2.1/thumb/v8-m.main+fp/hard\libc_nano.a(libc_a-readr.o)
                0x08006cb0                _read_r
 .text._write_r
                0x08006cd4       0x24 c:/siliconlabs/simplicitystudio/v5/developer/toolchains/gnu_arm/12.2.rel1_2023.7/bin/../lib/gcc/arm-none-eabi/12.2.1/thumb/v8-m.main+fp/hard\libc_nano.a(libc_a-writer.o)
                0x08006cd4                _write_r
 .text.__libc_init_array
                0x08006cf8       0x48 c:/siliconlabs/simplicitystudio/v5/developer/toolchains/gnu_arm/12.2.rel1_2023.7/bin/../lib/gcc/arm-none-eabi/12.2.1/thumb/v8-m.main+fp/hard\libc_nano.a(libc_a-init.o)
                0x08006cf8                __libc_init_array
 .text._free_r  0x08006d40       0x94 c:/siliconlabs/simplicitystudio/v5/developer/toolchains/gnu_arm/12.2.rel1_2023.7/bin/../lib/gcc/arm-none-eabi/12.2.1/thumb/v8-m.main+fp/hard\libc_nano.a(libc_a-freer.o)
                0x08006d40                _free_r
 .text.malloc   0x08006dd4       0x10 c:/siliconlabs/simplicitystudio/v5/developer/toolchains/gnu_arm/12.2.rel1_2023.7/bin/../lib/gcc/arm-none-eabi/12.2.1/thumb/v8-m.main+fp/hard\libc_nano.a(libc_a-malloc.o)
                0x08006dd4                malloc
 .text.sbrk_aligned
                0x08006de4       0x44 c:/siliconlabs/simplicitystudio/v5/developer/toolchains/gnu_arm/12.2.rel1_2023.7/bin/../lib/gcc/arm-none-eabi/12.2.1/thumb/v8-m.main+fp/hard\libc_nano.a(libc_a-mallocr.o)
 .text._malloc_r
                0x08006e28       0xf0 c:/siliconlabs/simplicitystudio/v5/developer/toolchains/gnu_arm/12.2.rel1_2023.7/bin/../lib/gcc/arm-none-eabi/12.2.1/thumb/v8-m.main+fp/hard\libc_nano.a(libc_a-mallocr.o)
                0x08006e28                _malloc_r
 .text.__malloc_lock
                0x08006f18        0xc c:/siliconlabs/simplicitystudio/v5/developer/toolchains/gnu_arm/12.2.rel1_2023.7/bin/../lib/gcc/arm-none-eabi/12.2.1/thumb/v8-m.main+fp/hard\libc_nano.a(libc_a-mlock.o)
                0x08006f18                __malloc_lock
 .text.__malloc_unlock
                0x08006f24        0xc c:/siliconlabs/simplicitystudio/v5/developer/toolchains/gnu_arm/12.2.rel1_2023.7/bin/../lib/gcc/arm-none-eabi/12.2.1/thumb/v8-m.main+fp/hard\libc_nano.a(libc_a-mlock.o)
                0x08006f24                __malloc_unlock
 .text._Balloc  0x08006f30       0x80 c:/siliconlabs/simplicitystudio/v5/developer/toolchains/gnu_arm/12.2.rel1_2023.7/bin/../lib/gcc/arm-none-eabi/12.2.1/thumb/v8-m.main+fp/hard\libc_nano.a(libc_a-mprec.o)
                0x08006f30                _Balloc
 .text._Bfree   0x08006fb0       0x44 c:/siliconlabs/simplicitystudio/v5/developer/toolchains/gnu_arm/12.2.rel1_2023.7/bin/../lib/gcc/arm-none-eabi/12.2.1/thumb/v8-m.main+fp/hard\libc_nano.a(libc_a-mprec.o)
                0x08006fb0                _Bfree
 .text.__multadd
                0x08006ff4       0x90 c:/siliconlabs/simplicitystudio/v5/developer/toolchains/gnu_arm/12.2.rel1_2023.7/bin/../lib/gcc/arm-none-eabi/12.2.1/thumb/v8-m.main+fp/hard\libc_nano.a(libc_a-mprec.o)
                0x08006ff4                __multadd
 .text.__i2b    0x08007084       0x2c c:/siliconlabs/simplicitystudio/v5/developer/toolchains/gnu_arm/12.2.rel1_2023.7/bin/../lib/gcc/arm-none-eabi/12.2.1/thumb/v8-m.main+fp/hard\libc_nano.a(libc_a-mprec.o)
                0x08007084                __i2b
 .text.__multiply
                0x080070b0      0x154 c:/siliconlabs/simplicitystudio/v5/developer/toolchains/gnu_arm/12.2.rel1_2023.7/bin/../lib/gcc/arm-none-eabi/12.2.1/thumb/v8-m.main+fp/hard\libc_nano.a(libc_a-mprec.o)
                0x080070b0                __multiply
 .text.__pow5mult
                0x08007204       0xb4 c:/siliconlabs/simplicitystudio/v5/developer/toolchains/gnu_arm/12.2.rel1_2023.7/bin/../lib/gcc/arm-none-eabi/12.2.1/thumb/v8-m.main+fp/hard\libc_nano.a(libc_a-mprec.o)
                0x08007204                __pow5mult
 .text.__lshift
                0x080072b8       0xd8 c:/siliconlabs/simplicitystudio/v5/developer/toolchains/gnu_arm/12.2.rel1_2023.7/bin/../lib/gcc/arm-none-eabi/12.2.1/thumb/v8-m.main+fp/hard\libc_nano.a(libc_a-mprec.o)
                0x080072b8                __lshift
 .text.__mdiff  0x08007390      0x130 c:/siliconlabs/simplicitystudio/v5/developer/toolchains/gnu_arm/12.2.rel1_2023.7/bin/../lib/gcc/arm-none-eabi/12.2.1/thumb/v8-m.main+fp/hard\libc_nano.a(libc_a-mprec.o)
                0x08007390                __mdiff
 .text.__d2b    0x080074c0       0xb0 c:/siliconlabs/simplicitystudio/v5/developer/toolchains/gnu_arm/12.2.rel1_2023.7/bin/../lib/gcc/arm-none-eabi/12.2.1/thumb/v8-m.main+fp/hard\libc_nano.a(libc_a-mprec.o)
                0x080074c0                __d2b
 .text._vfprintf_r
                0x08007570      0x230 c:/siliconlabs/simplicitystudio/v5/developer/toolchains/gnu_arm/12.2.rel1_2023.7/bin/../lib/gcc/arm-none-eabi/12.2.1/thumb/v8-m.main+fp/hard\libc_nano.a(libc_a-nano-vfprintf.o)
                0x08007570                _vfprintf_r
                0x08007570                _vfiprintf_r
 .text.__swsetup_r
                0x080077a0       0xac c:/siliconlabs/simplicitystudio/v5/developer/toolchains/gnu_arm/12.2.rel1_2023.7/bin/../lib/gcc/arm-none-eabi/12.2.1/thumb/v8-m.main+fp/hard\libc_nano.a(libc_a-wsetup.o)
                0x080077a0                __swsetup_r
 .text._fstat_r
                0x0800784c       0x24 c:/siliconlabs/simplicitystudio/v5/developer/toolchains/gnu_arm/12.2.rel1_2023.7/bin/../lib/gcc/arm-none-eabi/12.2.1/thumb/v8-m.main+fp/hard\libc_nano.a(libc_a-fstatr.o)
                0x0800784c                _fstat_r
 .text._isatty_r
                0x08007870       0x20 c:/siliconlabs/simplicitystudio/v5/developer/toolchains/gnu_arm/12.2.rel1_2023.7/bin/../lib/gcc/arm-none-eabi/12.2.1/thumb/v8-m.main+fp/hard\libc_nano.a(libc_a-isattyr.o)
                0x08007870                _isatty_r
 .text._sbrk_r  0x08007890       0x20 c:/siliconlabs/simplicitystudio/v5/developer/toolchains/gnu_arm/12.2.rel1_2023.7/bin/../lib/gcc/arm-none-eabi/12.2.1/thumb/v8-m.main+fp/hard\libc_nano.a(libc_a-sbrkr.o)
                0x08007890                _sbrk_r
 .text.__assert_func
                0x080078b0       0x3c c:/siliconlabs/simplicitystudio/v5/developer/toolchains/gnu_arm/12.2.rel1_2023.7/bin/../lib/gcc/arm-none-eabi/12.2.1/thumb/v8-m.main+fp/hard\libc_nano.a(libc_a-assert.o)
                0x080078b0                __assert_func
 .text.fprintf  0x080078ec       0x24 c:/siliconlabs/simplicitystudio/v5/developer/toolchains/gnu_arm/12.2.rel1_2023.7/bin/../lib/gcc/arm-none-eabi/12.2.1/thumb/v8-m.main+fp/hard\libc_nano.a(libc_a-fprintf.o)
                0x080078ec                fiprintf
                0x080078ec                fprintf
 .text.raise    0x08007910       0x10 c:/siliconlabs/simplicitystudio/v5/developer/toolchains/gnu_arm/12.2.rel1_2023.7/bin/../lib/gcc/arm-none-eabi/12.2.1/thumb/v8-m.main+fp/hard\libc_nano.a(libc_a-signal.o)
                0x08007910                raise
 .text._kill_r  0x08007920       0x24 c:/siliconlabs/simplicitystudio/v5/developer/toolchains/gnu_arm/12.2.rel1_2023.7/bin/../lib/gcc/arm-none-eabi/12.2.1/thumb/v8-m.main+fp/hard\libc_nano.a(libc_a-signalr.o)
                0x08007920                _kill_r
 .text.atan2    0x08007944        0x4 c:/siliconlabs/simplicitystudio/v5/developer/toolchains/gnu_arm/12.2.rel1_2023.7/bin/../lib/gcc/arm-none-eabi/12.2.1/thumb/v8-m.main+fp/hard\libm.a(libm_a-w_atan2.o)
                0x08007944                atan2
 .text.sqrt     0x08007948       0x68 c:/siliconlabs/simplicitystudio/v5/developer/toolchains/gnu_arm/12.2.rel1_2023.7/bin/../lib/gcc/arm-none-eabi/12.2.1/thumb/v8-m.main+fp/hard\libm.a(libm_a-w_sqrt.o)
                0x08007948                sqrt
 .text.__ieee754_sqrt
                0x080079b0      0x1f4 c:/siliconlabs/simplicitystudio/v5/developer/toolchains/gnu_arm/12.2.rel1_2023.7/bin/../lib/gcc/arm-none-eabi/12.2.1/thumb/v8-m.main+fp/hard\libm.a(libm_a-e_sqrt.o)
                0x080079b0                __ieee754_sqrt
 .text.fabs     0x08007ba4       0x10 c:/siliconlabs/simplicitystudio/v5/developer/toolchains/gnu_arm/12.2.rel1_2023.7/bin/../lib/gcc/arm-none-eabi/12.2.1/thumb/v8-m.main+fp/hard\libm.a(libm_a-s_fabs.o)
                0x08007ba4                fabs
 .text          0x08007bb4       0x2c c:/siliconlabs/simplicitystudio/v5/developer/toolchains/gnu_arm/12.2.rel1_2023.7/bin/../lib/gcc/arm-none-eabi/12.2.1/thumb/v8-m.main+fp/hard\libgcc.a(_arm_unorddf2.o)
                0x08007bb4                __unorddf2
                0x08007bb4                __aeabi_dcmpun
 .text          0x08007be0       0x50 c:/siliconlabs/simplicitystudio/v5/developer/toolchains/gnu_arm/12.2.rel1_2023.7/bin/../lib/gcc/arm-none-eabi/12.2.1/thumb/v8-m.main+fp/hard\libgcc.a(_arm_fixdfsi.o)
                0x08007be0                __aeabi_d2iz
                0x08007be0                __fixdfsi
 .text.__errno  0x08007c30        0xc c:/siliconlabs/simplicitystudio/v5/developer/toolchains/gnu_arm/12.2.rel1_2023.7/bin/../lib/gcc/arm-none-eabi/12.2.1/thumb/v8-m.main+fp/hard\libc_nano.a(libc_a-errno.o)
                0x08007c30                __errno
 .text.AD5940_Delay10us
                0x08007c3c        0x8 ./EFR32_port.o
                0x08007c3c                AD5940_Delay10us
 .text.app_init
                0x08007c44        0x4 ./app.o
                0x08007c44                app_init
 .text.app_process_action
                0x08007c48       0x16 ./app.o
                0x08007c48                app_process_action
 .text.startup.main
                0x08007c5e       0x16 ./main.o
                0x08007c5e                main
 .text._is_value_in_table
                0x08007c74       0x1a ./ad5940lib/ad5940.o
 .text.AD5940_ReadWrite16B
                0x08007c8e       0x20 ./ad5940lib/ad5940.o
 .text.AD5940_ReadWrite32B
                0x08007cae       0x1c ./ad5940lib/ad5940.o
 .text.AD5940_ReadWrite8B.isra.0
                0x08007cca       0x16 ./ad5940lib/ad5940.o
 .text.AD5940_SPIReadReg
                0x08007ce0       0x4e ./ad5940lib/ad5940.o
 .text.AD5940_StructInit
                0x08007d2e        0x8 ./ad5940lib/ad5940.o
                0x08007d2e                AD5940_StructInit
 .text.AD5940_ComplexDivInt
                0x08007d36       0x46 ./ad5940lib/ad5940.o
                0x08007d36                AD5940_ComplexDivInt
 .text.AD5940_ComplexMag
                0x08007d7c       0x30 ./ad5940lib/ad5940.o
                0x08007d7c                AD5940_ComplexMag
 .text.AD5940_ComplexPhase
                0x08007dac       0x3a ./ad5940lib/ad5940.o
                0x08007dac                AD5940_ComplexPhase
 .text.AD5940_FIFORd
                0x08007de6       0x94 ./ad5940lib/ad5940.o
                0x08007de6                AD5940_FIFORd
 .text.AD5940_AFECtrlS
                0x08007e7a       0x58 ./ad5940lib/ad5940.o
                0x08007e7a                AD5940_AFECtrlS
 .text.AD5940_AFEPwrBW
                0x08007ed2        0xc ./ad5940lib/ad5940.o
                0x08007ed2                AD5940_AFEPwrBW
 .text.AD5940_REFCfgS
                0x08007ede       0xaa ./ad5940lib/ad5940.o
                0x08007ede                AD5940_REFCfgS
 .text.AD5940_SWMatrixCfgS
                0x08007f88       0x3c ./ad5940lib/ad5940.o
                0x08007f88                AD5940_SWMatrixCfgS
 .text.AD5940_HSDacCfgS
                0x08007fc4       0x28 ./ad5940lib/ad5940.o
                0x08007fc4                AD5940_HSDacCfgS
 .text.AD5940_HSTIACfgS
                0x08007fec       0x52 ./ad5940lib/ad5940.o
                0x08007fec                AD5940_HSTIACfgS
 .text.AD5940_WGCfgS
                0x0800803e       0x9e ./ad5940lib/ad5940.o
                0x0800803e                AD5940_WGCfgS
 .text.AD5940_HSLoopCfgS
                0x080080dc       0x24 ./ad5940lib/ad5940.o
                0x080080dc                AD5940_HSLoopCfgS
 .text.AD5940_WGDACCodeS
                0x08008100       0x12 ./ad5940lib/ad5940.o
                0x08008100                AD5940_WGDACCodeS
 .text.AD5940_LPDAC0WriteS
                0x08008112       0x14 ./ad5940lib/ad5940.o
                0x08008112                AD5940_LPDAC0WriteS
 .text.AD5940_LPDAC1WriteS
                0x08008126       0x14 ./ad5940lib/ad5940.o
                0x08008126                AD5940_LPDAC1WriteS
 .text.AD5940_LPDACCfgS
                0x0800813a       0x6c ./ad5940lib/ad5940.o
                0x0800813a                AD5940_LPDACCfgS
 .text.AD5940_LPAMPCfgS
                0x080081a6       0x64 ./ad5940lib/ad5940.o
                0x080081a6                AD5940_LPAMPCfgS
 .text.AD5940_LPLoopCfgS
                0x0800820a       0x14 ./ad5940lib/ad5940.o
                0x0800820a                AD5940_LPLoopCfgS
 .text.AD5940_ADCBaseCfgS
                0x0800821e       0x16 ./ad5940lib/ad5940.o
                0x0800821e                AD5940_ADCBaseCfgS
 .text.AD5940_ADCFilterCfgS
                0x08008234       0x58 ./ad5940lib/ad5940.o
                0x08008234                AD5940_ADCFilterCfgS
 .text.AD5940_ADCDigCompCfgS
                0x0800828c       0x30 ./ad5940lib/ad5940.o
                0x0800828c                AD5940_ADCDigCompCfgS
 .text.AD5940_StatisticCfgS
                0x080082bc       0x1c ./ad5940lib/ad5940.o
                0x080082bc                AD5940_StatisticCfgS
 .text.AD5940_DFTCfgS
                0x080082d8       0x4e ./ad5940lib/ad5940.o
                0x080082d8                AD5940_DFTCfgS
 .text.AD5940_DSPCfgS
                0x08008326       0x2c ./ad5940lib/ad5940.o
                0x08008326                AD5940_DSPCfgS
 .text.AD5940_FIFOCfg
                0x08008352       0x56 ./ad5940lib/ad5940.o
                0x08008352                AD5940_FIFOCfg
 .text.AD5940_FIFOCtrlS
                0x080083a8       0x16 ./ad5940lib/ad5940.o
                0x080083a8                AD5940_FIFOCtrlS
 .text.AD5940_FIFOGetCnt
                0x080083be        0xe ./ad5940lib/ad5940.o
                0x080083be                AD5940_FIFOGetCnt
 .text.AD5940_SEQCfg
                0x080083cc       0x70 ./ad5940lib/ad5940.o
                0x080083cc                AD5940_SEQCfg
 .text.AD5940_SEQGetCfg
                0x0800843c       0x36 ./ad5940lib/ad5940.o
                0x0800843c                AD5940_SEQGetCfg
 .text.AD5940_SEQCtrlS
                0x08008472       0x26 ./ad5940lib/ad5940.o
                0x08008472                AD5940_SEQCtrlS
 .text.AD5940_SEQMmrTrig
                0x08008498       0x12 ./ad5940lib/ad5940.o
                0x08008498                AD5940_SEQMmrTrig
 .text.AD5940_SEQCmdWrite
                0x080084aa       0x28 ./ad5940lib/ad5940.o
                0x080084aa                AD5940_SEQCmdWrite
 .text.AD5940_SEQInfoCfg
                0x080084d2       0x62 ./ad5940lib/ad5940.o
                0x080084d2                AD5940_SEQInfoCfg
 .text.AD5940_SEQGpioCtrlS
                0x08008534        0xa ./ad5940lib/ad5940.o
                0x08008534                AD5940_SEQGpioCtrlS
 .text.AD5940_SEQTimeOutRd
                0x0800853e        0x8 ./ad5940lib/ad5940.o
                0x0800853e                AD5940_SEQTimeOutRd
 .text.AD5940_WUPTCfg
                0x08008546      0x13e ./ad5940lib/ad5940.o
                0x08008546                AD5940_WUPTCfg
 .text.AD5940_WUPTCtrl
                0x08008684       0x28 ./ad5940lib/ad5940.o
                0x08008684                AD5940_WUPTCtrl
 .text.AD5940_WUPTTime
                0x080086ac       0xc6 ./ad5940lib/ad5940.o
                0x080086ac                AD5940_WUPTTime
 .text.AD5940_HFOSC32MHzCtrl
                0x08008772       0x78 ./ad5940lib/ad5940.o
                0x08008772                AD5940_HFOSC32MHzCtrl
 .text.AD5940_CLKCfg
                0x080087ea       0xfe ./ad5940lib/ad5940.o
                0x080087ea                AD5940_CLKCfg
 .text.AD5940_INTCCfg
                0x080088e8       0x30 ./ad5940lib/ad5940.o
                0x080088e8                AD5940_INTCCfg
 .text.AD5940_INTCClrFlag
                0x08008918        0xa ./ad5940lib/ad5940.o
                0x08008918                AD5940_INTCClrFlag
 .text.AD5940_INTCTestFlag
                0x08008922       0x22 ./ad5940lib/ad5940.o
                0x08008922                AD5940_INTCTestFlag
 .text.AD5940_INTCGetFlag
                0x08008944       0x14 ./ad5940lib/ad5940.o
                0x08008944                AD5940_INTCGetFlag
 .text.AD5940_AGPIOFuncCfg
                0x08008958        0x8 ./ad5940lib/ad5940.o
                0x08008958                AD5940_AGPIOFuncCfg
 .text.AD5940_AGPIOOen
                0x08008960        0x8 ./ad5940lib/ad5940.o
                0x08008960                AD5940_AGPIOOen
 .text.AD5940_AGPIOIen
                0x08008968        0x8 ./ad5940lib/ad5940.o
                0x08008968                AD5940_AGPIOIen
 .text.AD5940_AGPIOPen
                0x08008970        0x8 ./ad5940lib/ad5940.o
                0x08008970                AD5940_AGPIOPen
 .text.AD5940_AGPIOCfg
                0x08008978       0x28 ./ad5940lib/ad5940.o
                0x08008978                AD5940_AGPIOCfg
 .text.AD5940_SleepKeyCtrlS
                0x080089a0        0xa ./ad5940lib/ad5940.o
                0x080089a0                AD5940_SleepKeyCtrlS
 .text.AD5940_EnterSleepS
                0x080089aa       0x1a ./ad5940lib/ad5940.o
                0x080089aa                AD5940_EnterSleepS
 .text.AD5940_WakeUp
                0x080089c4       0x26 ./ad5940lib/ad5940.o
                0x080089c4                AD5940_WakeUp
 .text.AD5940_HWReset
                0x080089ea       0x1c ./ad5940lib/ad5940.o
                0x080089ea                AD5940_HWReset
 .text.sl_emlib_gpio_simple_init
                0x08008a06       0x32 ./autogen/sl_emlib_gpio_simple_init.o
                0x08008a06                sl_emlib_gpio_simple_init
 .text.sl_platform_init
                0x08008a38       0x16 ./autogen/sl_event_handler.o
                0x08008a38                sl_platform_init
 .text.sl_driver_init
                0x08008a4e       0x16 ./autogen/sl_event_handler.o
                0x08008a4e                sl_driver_init
 .text.sl_service_init
                0x08008a64       0x12 ./autogen/sl_event_handler.o
                0x08008a64                sl_service_init
 .text.sl_stack_init
                0x08008a76        0x2 ./autogen/sl_event_handler.o
                0x08008a76                sl_stack_init
 .text.sl_internal_app_init
                0x08008a78        0x4 ./autogen/sl_event_handler.o
                0x08008a78                sl_internal_app_init
 .text.sl_platform_process_action
                0x08008a7c        0x2 ./autogen/sl_event_handler.o
                0x08008a7c                sl_platform_process_action
 .text.sl_service_process_action
                0x08008a7e        0x2 ./autogen/sl_event_handler.o
                0x08008a7e                sl_service_process_action
 .text.sl_stack_process_action
                0x08008a80        0x2 ./autogen/sl_event_handler.o
                0x08008a80                sl_stack_process_action
 .text.sl_internal_app_process_action
                0x08008a82        0x2 ./autogen/sl_event_handler.o
                0x08008a82                sl_internal_app_process_action
 .text.Default_Handler
                0x08008a84        0x2 ./gecko_sdk_4.4.5/platform/Device/SiliconLabs/EFR32BG27/Source/startup_efr32bg27.o
                0x08008a84                ULFRCO_IRQHandler
                0x08008a84                SW2_IRQHandler
                0x08008a84                TIMER2_IRQHandler
                0x08008a84                DebugMon_Handler
                0x08008a84                PKE_IRQHandler
                0x08008a84                USART0_TX_IRQHandler
                0x08008a84                PRORTC_IRQHandler
                0x08008a84                IADC_IRQHandler
                0x08008a84                EUSART0_TX_IRQHandler
                0x08008a84                I2C0_IRQHandler
                0x08008a84                LFXO_IRQHandler
                0x08008a84                CRYPTOACC_IRQHandler
                0x08008a84                HardFault_Handler
                0x08008a84                SMU_SECURE_IRQHandler
                0x08008a84                SysTick_Handler
                0x08008a84                USART1_RX_IRQHandler
                0x08008a84                EMUEFP_IRQHandler
                0x08008a84                PendSV_Handler
                0x08008a84                NMI_Handler
                0x08008a84                SYNTH_IRQHandler
                0x08008a84                HFXO0_IRQHandler
                0x08008a84                I2C1_IRQHandler
                0x08008a84                PDM_IRQHandler
                0x08008a84                WDOG0_IRQHandler
                0x08008a84                TIMER3_IRQHandler
                0x08008a84                SYSCFG_IRQHandler
                0x08008a84                EMUSE_IRQHandler
                0x08008a84                EMUDG_IRQHandler
                0x08008a84                USART1_TX_IRQHandler
                0x08008a84                MSC_IRQHandler
                0x08008a84                DPLL0_IRQHandler
                0x08008a84                UsageFault_Handler
                0x08008a84                M33CTI1_IRQHandler
                0x08008a84                TIMER4_IRQHandler
                0x08008a84                SW0_IRQHandler
                0x08008a84                TIMER0_IRQHandler
                0x08008a84                LETIMER0_IRQHandler
                0x08008a84                TIMER1_IRQHandler
                0x08008a84                HFRCO0_IRQHandler
                0x08008a84                RFSENSE_IRQHandler
                0x08008a84                SecureFault_Handler
                0x08008a84                BUFC_IRQHandler
                0x08008a84                DCDC_IRQHandler
                0x08008a84                MODEM_IRQHandler
                0x08008a84                Default_Handler
                0x08008a84                RAC_SEQ_IRQHandler
                0x08008a84                FRC_PRI_IRQHandler
                0x08008a84                EMU_IRQHandler
                0x08008a84                SW3_IRQHandler
                0x08008a84                KERNEL0_IRQHandler
                0x08008a84                FRC_IRQHandler
                0x08008a84                KERNEL1_IRQHandler
                0x08008a84                AGC_IRQHandler
                0x08008a84                sl_app_properties
                0x08008a84                BURTC_IRQHandler
                0x08008a84                LFRCO_IRQHandler
                0x08008a84                ACMP0_IRQHandler
                0x08008a84                USART0_RX_IRQHandler
                0x08008a84                MemManage_Handler
                0x08008a84                RDMAILBOX_IRQHandler
                0x08008a84                SVC_Handler
                0x08008a84                SMU_S_PRIVILEGED_IRQHandler
                0x08008a84                SW1_IRQHandler
                0x08008a84                CMU_IRQHandler
                0x08008a84                ETAMPDET_IRQHandler
                0x08008a84                EUSART0_RX_IRQHandler
                0x08008a84                RAC_RSM_IRQHandler
                0x08008a84                AES_IRQHandler
                0x08008a84                M33CTI0_IRQHandler
                0x08008a84                ICACHE0_IRQHandler
                0x08008a84                SMU_NS_PRIVILEGED_IRQHandler
                0x08008a84                FPUEXH_IRQHandler
                0x08008a84                PROTIMER_IRQHandler
                0x08008a84                BusFault_Handler
                0x08008a84                TRNG_IRQHandler
 .text.FlashToRamCopy
                0x08008a86       0x16 ./gecko_sdk_4.4.5/platform/Device/SiliconLabs/EFR32BG27/Source/system_efr32bg27.o
                0x08008a86                FlashToRamCopy
 .text.SystemCLKIN0Get
                0x08008a9c        0x4 ./gecko_sdk_4.4.5/platform/Device/SiliconLabs/EFR32BG27/Source/system_efr32bg27.o
                0x08008a9c                SystemCLKIN0Get
 .text.SystemLFRCOClockGet
                0x08008aa0        0x6 ./gecko_sdk_4.4.5/platform/Device/SiliconLabs/EFR32BG27/Source/system_efr32bg27.o
                0x08008aa0                SystemLFRCOClockGet
 .text.SystemULFRCOClockGet
                0x08008aa6        0x6 ./gecko_sdk_4.4.5/platform/Device/SiliconLabs/EFR32BG27/Source/system_efr32bg27.o
                0x08008aa6                SystemULFRCOClockGet
 .text.assertEFM
                0x08008aac        0x2 ./gecko_sdk_4.4.5/platform/common/src/sl_assert.o
                0x08008aac                assertEFM
 .text.sl_debug_swo_enable_itm
                0x08008aae       0x16 ./gecko_sdk_4.4.5/platform/driver/debug/src/sl_debug_swo.o
                0x08008aae                sl_debug_swo_enable_itm
 .text.DMADRV_MemoryPeripheral
                0x08008ac4       0x34 ./gecko_sdk_4.4.5/platform/emdrv/dmadrv/src/dmadrv.o
                0x08008ac4                DMADRV_MemoryPeripheral
 .text.DMADRV_PeripheralMemory
                0x08008af8       0x34 ./gecko_sdk_4.4.5/platform/emdrv/dmadrv/src/dmadrv.o
                0x08008af8                DMADRV_PeripheralMemory
 .text.BlockingComplete
                0x08008b2c        0xa ./gecko_sdk_4.4.5/platform/emdrv/spidrv/src/spidrv.o
 .text.ConfigGPIO
                0x08008b36       0xd4 ./gecko_sdk_4.4.5/platform/emdrv/spidrv/src/spidrv.o
 .text.clearEusartFifos
                0x08008c0a       0x16 ./gecko_sdk_4.4.5/platform/emdrv/spidrv/src/spidrv.o
 .text.WaitForTransferCompletion
                0x08008c20       0x24 ./gecko_sdk_4.4.5/platform/emdrv/spidrv/src/spidrv.o
 .text.waitStateMax
                0x08008c44       0x10 ./gecko_sdk_4.4.5/platform/emlib/src/em_cmu.o
 .text.CMU_UpdateWaitStates
                0x08008c54        0xc ./gecko_sdk_4.4.5/platform/emlib/src/em_cmu.o
                0x08008c54                CMU_UpdateWaitStates
 .text.pclkDivMax
                0x08008c60        0xa ./gecko_sdk_4.4.5/platform/emlib/src/em_cmu.o
 .text.sli_em_cmu_SYSCLKInitPostClockSelect
                0x08008c6a       0x2a ./gecko_sdk_4.4.5/platform/emlib/src/em_cmu.o
                0x08008c6a                sli_em_cmu_SYSCLKInitPostClockSelect
 .text.CORE_EnterCritical
                0x08008c94        0x8 ./gecko_sdk_4.4.5/platform/emlib/src/em_core.o
                0x08008c94                CORE_EnterCritical
 .text.CORE_ExitCritical
                0x08008c9c        0x6 ./gecko_sdk_4.4.5/platform/emlib/src/em_core.o
                0x08008c9c                CORE_ExitCritical
 .text.CORE_EnterAtomic
                0x08008ca2        0xc ./gecko_sdk_4.4.5/platform/emlib/src/em_core.o
                0x08008ca2                CORE_EnterAtomic
 .text.CORE_ExitAtomic
                0x08008cae        0x6 ./gecko_sdk_4.4.5/platform/emlib/src/em_core.o
                0x08008cae                CORE_ExitAtomic
 .text.EMU_EFPEM01VScale
                0x08008cb4        0x2 ./gecko_sdk_4.4.5/platform/emlib/src/em_emu.o
                0x08008cb4                EMU_EFPEM01VScale
 .text.EMU_DCDCUpdatedHook
                0x08008cb6        0x2 ./gecko_sdk_4.4.5/platform/emlib/src/em_emu.o
                0x08008cb6                EMU_DCDCUpdatedHook
 .text.eusart_sync
                0x08008cb8        0x8 ./gecko_sdk_4.4.5/platform/emlib/src/em_eusart.o
 .text.EUSART_Disable
                0x08008cc0       0x34 ./gecko_sdk_4.4.5/platform/emlib/src/em_eusart.o
 .text.BUS_RegMaskedWrite
                0x08008cf4       0x1e ./gecko_sdk_4.4.5/platform/emlib/src/em_gpio.o
 .text.GPIO_DbgLocationSet
                0x08008d12        0x2 ./gecko_sdk_4.4.5/platform/emlib/src/em_gpio.o
                0x08008d12                GPIO_DbgLocationSet
 .text.RTCC_SyncWait
                0x08008d14       0x10 ./gecko_sdk_4.4.5/platform/emlib/src/em_rtcc.o
 .text.sl_iostream_write
                0x08008d24       0x22 ./gecko_sdk_4.4.5/platform/service/iostream/src/sl_iostream.o
                0x08008d24                sl_iostream_write
 .text.sl_iostream_read
                0x08008d46       0x30 ./gecko_sdk_4.4.5/platform/service/iostream/src/sl_iostream.o
                0x08008d46                sl_iostream_read
 .text._close   0x08008d76        0x4 ./gecko_sdk_4.4.5/platform/service/iostream/src/sl_iostream_retarget_stdio.o
                0x08008d76                _close
 .text._exit    0x08008d7a        0x2 ./gecko_sdk_4.4.5/platform/service/iostream/src/sl_iostream_retarget_stdio.o
                0x08008d7a                _exit
 .text._fstat   0x08008d7c        0xa ./gecko_sdk_4.4.5/platform/service/iostream/src/sl_iostream_retarget_stdio.o
                0x08008d7c                _fstat
 .text._getpid  0x08008d86        0x4 ./gecko_sdk_4.4.5/platform/service/iostream/src/sl_iostream_retarget_stdio.o
                0x08008d86                _getpid
 .text._isatty  0x08008d8a        0x4 ./gecko_sdk_4.4.5/platform/service/iostream/src/sl_iostream_retarget_stdio.o
                0x08008d8a                _isatty
 .text._kill    0x08008d8e        0x6 ./gecko_sdk_4.4.5/platform/service/iostream/src/sl_iostream_retarget_stdio.o
                0x08008d8e                _kill
 .text._lseek   0x08008d94        0x4 ./gecko_sdk_4.4.5/platform/service/iostream/src/sl_iostream_retarget_stdio.o
                0x08008d94                _lseek
 .text._read    0x08008d98       0x1c ./gecko_sdk_4.4.5/platform/service/iostream/src/sl_iostream_retarget_stdio.o
                0x08008d98                _read
 .text.swo_write
                0x08008db4       0x1e ./gecko_sdk_4.4.5/platform/service/iostream/src/sl_iostream_swo.o
 .text.CMU_PrescToLog2.constprop.0
                0x08008dd2        0x4 ./gecko_sdk_4.4.5/platform/service/sleeptimer/src/sl_sleeptimer_hal_rtcc.o
 .text.sleeptimer_hal_get_counter
                0x08008dd6        0xe ./gecko_sdk_4.4.5/platform/service/sleeptimer/src/sl_sleeptimer_hal_rtcc.o
                0x08008dd6                sleeptimer_hal_get_counter
 .text.sleeptimer_hal_enable_int
                0x08008de4       0x18 ./gecko_sdk_4.4.5/platform/service/sleeptimer/src/sl_sleeptimer_hal_rtcc.o
                0x08008de4                sleeptimer_hal_enable_int
 .text.sleeptimer_hal_get_timer_frequency
                0x08008dfc       0x14 ./gecko_sdk_4.4.5/platform/service/sleeptimer/src/sl_sleeptimer_hal_rtcc.o
                0x08008dfc                sleeptimer_hal_get_timer_frequency
 .text.sl_system_init
                0x08008e10       0x1a ./gecko_sdk_4.4.5/platform/service/system/src/sl_system_init.o
                0x08008e10                sl_system_init
 .text.sl_system_process_action
                0x08008e2a       0x16 ./gecko_sdk_4.4.5/platform/service/system/src/sl_system_process_action.o
                0x08008e2a                sl_system_process_action
 .text.__cvt    0x08008e40       0xd0 c:/siliconlabs/simplicitystudio/v5/developer/toolchains/gnu_arm/12.2.rel1_2023.7/bin/../lib/gcc/arm-none-eabi/12.2.1/thumb/v8-m.main+fp/hard\libc_nano.a(libc_a-nano-vfprintf_float.o)
                0x08008e40                __cvt
 .text.__exponent
                0x08008f10       0x72 c:/siliconlabs/simplicitystudio/v5/developer/toolchains/gnu_arm/12.2.rel1_2023.7/bin/../lib/gcc/arm-none-eabi/12.2.1/thumb/v8-m.main+fp/hard\libc_nano.a(libc_a-nano-vfprintf_float.o)
                0x08008f10                __exponent
 .text._printf_common
                0x08008f82       0xe4 c:/siliconlabs/simplicitystudio/v5/developer/toolchains/gnu_arm/12.2.rel1_2023.7/bin/../lib/gcc/arm-none-eabi/12.2.1/thumb/v8-m.main+fp/hard\libc_nano.a(libc_a-nano-vfprintf_i.o)
                0x08008f82                _printf_common
 .text._fwalk_sglue
                0x08009066       0x3c c:/siliconlabs/simplicitystudio/v5/developer/toolchains/gnu_arm/12.2.rel1_2023.7/bin/../lib/gcc/arm-none-eabi/12.2.1/thumb/v8-m.main+fp/hard\libc_nano.a(libc_a-fwalk.o)
                0x08009066                _fwalk_sglue
 .text.__sread  0x080090a2       0x22 c:/siliconlabs/simplicitystudio/v5/developer/toolchains/gnu_arm/12.2.rel1_2023.7/bin/../lib/gcc/arm-none-eabi/12.2.1/thumb/v8-m.main+fp/hard\libc_nano.a(libc_a-stdio.o)
                0x080090a2                __sread
 .text.__swrite
                0x080090c4       0x38 c:/siliconlabs/simplicitystudio/v5/developer/toolchains/gnu_arm/12.2.rel1_2023.7/bin/../lib/gcc/arm-none-eabi/12.2.1/thumb/v8-m.main+fp/hard\libc_nano.a(libc_a-stdio.o)
                0x080090c4                __swrite
 .text.__sseek  0x080090fc       0x24 c:/siliconlabs/simplicitystudio/v5/developer/toolchains/gnu_arm/12.2.rel1_2023.7/bin/../lib/gcc/arm-none-eabi/12.2.1/thumb/v8-m.main+fp/hard\libc_nano.a(libc_a-stdio.o)
                0x080090fc                __sseek
 .text.__sclose
                0x08009120        0x8 c:/siliconlabs/simplicitystudio/v5/developer/toolchains/gnu_arm/12.2.rel1_2023.7/bin/../lib/gcc/arm-none-eabi/12.2.1/thumb/v8-m.main+fp/hard\libc_nano.a(libc_a-stdio.o)
                0x08009120                __sclose
 .text.memset   0x08009128       0x10 c:/siliconlabs/simplicitystudio/v5/developer/toolchains/gnu_arm/12.2.rel1_2023.7/bin/../lib/gcc/arm-none-eabi/12.2.1/thumb/v8-m.main+fp/hard\libc_nano.a(libc_a-memset.o)
                0x08009128                memset
 .text.__retarget_lock_init_recursive
                0x08009138        0x2 c:/siliconlabs/simplicitystudio/v5/developer/toolchains/gnu_arm/12.2.rel1_2023.7/bin/../lib/gcc/arm-none-eabi/12.2.1/thumb/v8-m.main+fp/hard\libc_nano.a(libc_a-lock.o)
                0x08009138                __retarget_lock_init_recursive
 .text.__retarget_lock_acquire_recursive
                0x0800913a        0x2 c:/siliconlabs/simplicitystudio/v5/developer/toolchains/gnu_arm/12.2.rel1_2023.7/bin/../lib/gcc/arm-none-eabi/12.2.1/thumb/v8-m.main+fp/hard\libc_nano.a(libc_a-lock.o)
                0x0800913a                __retarget_lock_acquire_recursive
 .text.__retarget_lock_release_recursive
                0x0800913c        0x2 c:/siliconlabs/simplicitystudio/v5/developer/toolchains/gnu_arm/12.2.rel1_2023.7/bin/../lib/gcc/arm-none-eabi/12.2.1/thumb/v8-m.main+fp/hard\libc_nano.a(libc_a-lock.o)
                0x0800913c                __retarget_lock_release_recursive
 .text.memchr   0x0800913e       0x1c c:/siliconlabs/simplicitystudio/v5/developer/toolchains/gnu_arm/12.2.rel1_2023.7/bin/../lib/gcc/arm-none-eabi/12.2.1/thumb/v8-m.main+fp/hard\libc_nano.a(libc_a-memchr-stub.o)
                0x0800913e                memchr
 .text.memcpy   0x0800915a       0x1a c:/siliconlabs/simplicitystudio/v5/developer/toolchains/gnu_arm/12.2.rel1_2023.7/bin/../lib/gcc/arm-none-eabi/12.2.1/thumb/v8-m.main+fp/hard\libc_nano.a(libc_a-memcpy-stub.o)
                0x0800915a                memcpy
 .text          0x08009174       0x10 c:/siliconlabs/simplicitystudio/v5/developer/toolchains/gnu_arm/12.2.rel1_2023.7/bin/../lib/gcc/arm-none-eabi/12.2.1/thumb/v8-m.main+fp/hard\libc_nano.a(libc_a-strlen.o)
                0x08009174                strlen
 .text.quorem   0x08009184      0x11a c:/siliconlabs/simplicitystudio/v5/developer/toolchains/gnu_arm/12.2.rel1_2023.7/bin/../lib/gcc/arm-none-eabi/12.2.1/thumb/v8-m.main+fp/hard\libc_nano.a(libc_a-dtoa.o)
 .text.__hi0bits
                0x0800929e       0x44 c:/siliconlabs/simplicitystudio/v5/developer/toolchains/gnu_arm/12.2.rel1_2023.7/bin/../lib/gcc/arm-none-eabi/12.2.1/thumb/v8-m.main+fp/hard\libc_nano.a(libc_a-mprec.o)
                0x0800929e                __hi0bits
 .text.__lo0bits
                0x080092e2       0x5a c:/siliconlabs/simplicitystudio/v5/developer/toolchains/gnu_arm/12.2.rel1_2023.7/bin/../lib/gcc/arm-none-eabi/12.2.1/thumb/v8-m.main+fp/hard\libc_nano.a(libc_a-mprec.o)
                0x080092e2                __lo0bits
 .text.__mcmp   0x0800933c       0x36 c:/siliconlabs/simplicitystudio/v5/developer/toolchains/gnu_arm/12.2.rel1_2023.7/bin/../lib/gcc/arm-none-eabi/12.2.1/thumb/v8-m.main+fp/hard\libc_nano.a(libc_a-mprec.o)
                0x0800933c                __mcmp
 .text.__sfputc_r
                0x08009372       0x2e c:/siliconlabs/simplicitystudio/v5/developer/toolchains/gnu_arm/12.2.rel1_2023.7/bin/../lib/gcc/arm-none-eabi/12.2.1/thumb/v8-m.main+fp/hard\libc_nano.a(libc_a-nano-vfprintf.o)
 .text.__sfputs_r
                0x080093a0       0x24 c:/siliconlabs/simplicitystudio/v5/developer/toolchains/gnu_arm/12.2.rel1_2023.7/bin/../lib/gcc/arm-none-eabi/12.2.1/thumb/v8-m.main+fp/hard\libc_nano.a(libc_a-nano-vfprintf.o)
                0x080093a0                __sfputs_r
 .text.__sflush_r
                0x080093c4      0x106 c:/siliconlabs/simplicitystudio/v5/developer/toolchains/gnu_arm/12.2.rel1_2023.7/bin/../lib/gcc/arm-none-eabi/12.2.1/thumb/v8-m.main+fp/hard\libc_nano.a(libc_a-fflush.o)
                0x080093c4                __sflush_r
 .text._fflush_r
                0x080094ca       0x50 c:/siliconlabs/simplicitystudio/v5/developer/toolchains/gnu_arm/12.2.rel1_2023.7/bin/../lib/gcc/arm-none-eabi/12.2.1/thumb/v8-m.main+fp/hard\libc_nano.a(libc_a-fflush.o)
                0x080094ca                _fflush_r
 .text.__swhatbuf_r
                0x0800951a       0x4a c:/siliconlabs/simplicitystudio/v5/developer/toolchains/gnu_arm/12.2.rel1_2023.7/bin/../lib/gcc/arm-none-eabi/12.2.1/thumb/v8-m.main+fp/hard\libc_nano.a(libc_a-makebuf.o)
                0x0800951a                __swhatbuf_r
 .text.__smakebuf_r
                0x08009564       0x78 c:/siliconlabs/simplicitystudio/v5/developer/toolchains/gnu_arm/12.2.rel1_2023.7/bin/../lib/gcc/arm-none-eabi/12.2.1/thumb/v8-m.main+fp/hard\libc_nano.a(libc_a-makebuf.o)
                0x08009564                __smakebuf_r
 .text.__swbuf_r
                0x080095dc       0x7c c:/siliconlabs/simplicitystudio/v5/developer/toolchains/gnu_arm/12.2.rel1_2023.7/bin/../lib/gcc/arm-none-eabi/12.2.1/thumb/v8-m.main+fp/hard\libc_nano.a(libc_a-wbuf.o)
                0x080095dc                __swbuf_r
 .text._calloc_r
                0x08009658       0x28 c:/siliconlabs/simplicitystudio/v5/developer/toolchains/gnu_arm/12.2.rel1_2023.7/bin/../lib/gcc/arm-none-eabi/12.2.1/thumb/v8-m.main+fp/hard\libc_nano.a(libc_a-callocr.o)
                0x08009658                _calloc_r
 .text.__ascii_mbtowc
                0x08009680       0x24 c:/siliconlabs/simplicitystudio/v5/developer/toolchains/gnu_arm/12.2.rel1_2023.7/bin/../lib/gcc/arm-none-eabi/12.2.1/thumb/v8-m.main+fp/hard\libc_nano.a(libc_a-mbtowc_r.o)
                0x08009680                __ascii_mbtowc
 .text.__ascii_wctomb
                0x080096a4       0x1a c:/siliconlabs/simplicitystudio/v5/developer/toolchains/gnu_arm/12.2.rel1_2023.7/bin/../lib/gcc/arm-none-eabi/12.2.1/thumb/v8-m.main+fp/hard\libc_nano.a(libc_a-wctomb_r.o)
                0x080096a4                __ascii_wctomb
 .text.abort    0x080096be        0xe c:/siliconlabs/simplicitystudio/v5/developer/toolchains/gnu_arm/12.2.rel1_2023.7/bin/../lib/gcc/arm-none-eabi/12.2.1/thumb/v8-m.main+fp/hard\libc_nano.a(libc_a-abort.o)
                0x080096be                abort
 .text._raise_r
                0x080096cc       0x50 c:/siliconlabs/simplicitystudio/v5/developer/toolchains/gnu_arm/12.2.rel1_2023.7/bin/../lib/gcc/arm-none-eabi/12.2.1/thumb/v8-m.main+fp/hard\libc_nano.a(libc_a-signal.o)
                0x080096cc                _raise_r
 .text._getpid_r
                0x0800971c        0x4 c:/siliconlabs/simplicitystudio/v5/developer/toolchains/gnu_arm/12.2.rel1_2023.7/bin/../lib/gcc/arm-none-eabi/12.2.1/thumb/v8-m.main+fp/hard\libc_nano.a(libc_a-signalr.o)
                0x0800971c                _getpid_r
                0x08009720                . = ALIGN (0x20)
                0x08009720                linker_code_end = .
 *(.init)
 .init          0x08009720        0x4 c:/siliconlabs/simplicitystudio/v5/developer/toolchains/gnu_arm/12.2.rel1_2023.7/bin/../lib/gcc/arm-none-eabi/12.2.1/thumb/v8-m.main+fp/hard/crti.o
                0x08009720                _init
 .init          0x08009724        0x8 c:/siliconlabs/simplicitystudio/v5/developer/toolchains/gnu_arm/12.2.rel1_2023.7/bin/../lib/gcc/arm-none-eabi/12.2.1/thumb/v8-m.main+fp/hard/crtn.o
 *(.fini)
 .fini          0x0800972c        0x4 c:/siliconlabs/simplicitystudio/v5/developer/toolchains/gnu_arm/12.2.rel1_2023.7/bin/../lib/gcc/arm-none-eabi/12.2.1/thumb/v8-m.main+fp/hard/crti.o
                0x0800972c                _fini
 .fini          0x08009730        0x8 c:/siliconlabs/simplicitystudio/v5/developer/toolchains/gnu_arm/12.2.rel1_2023.7/bin/../lib/gcc/arm-none-eabi/12.2.1/thumb/v8-m.main+fp/hard/crtn.o
 *crtbegin.o(.ctors)
 *crtbegin?.o(.ctors)
 *(EXCLUDE_FILE(*crtend.o *crtend?.o) .ctors)
 *(SORT_BY_NAME(.ctors.*))
 *(.ctors)
 *crtbegin.o(.dtors)
 *crtbegin?.o(.dtors)
 *(EXCLUDE_FILE(*crtend.o *crtend?.o) .dtors)
 *(SORT_BY_NAME(.dtors.*))
 *(.dtors)
                0x08009738                __code_classification_validator_start__ = .
                0x08009758                . = (. + 0x20)
 *fill*         0x08009738       0x20 
 *(code_classification_validator)
                0x08009760                . = ALIGN (0x20)
 *fill*         0x08009758        0x8 
                0x08009760                __code_classification_validator_end__ = .
 *(.rodata*)
 .rodata.RampShowResult.constprop.0.isra.0.str1.1
                0x08009760       0x12 ./AD5940Main.o
 .rodata.AD5940_Init.str1.1
                0x08009772        0xf ./AD5940Main.o
 .rodata.AD5940_ReadWriteNBytes.str1.1
                0x08009781       0x10 ./EFR32_port.o
 .rodata.ad5940int_init.str1.1
                0x08009791       0x25 ./app.o
 .rodata.AD5940_Notch50HzAvailable.str1.1
                0x080097b6       0x22 ./ad5940lib/ad5940.o
 .rodata.AD5940_Notch60HzAvailable.str1.1
                0x080097d8        0xe ./ad5940lib/ad5940.o
 .rodata.AD5940_Initialize.str1.1
                0x080097e6       0x80 ./ad5940lib/ad5940.o
 *fill*         0x08009866        0x2 
 .rodata.SeqBB.1
                0x08009868        0x8 ./ad5940lib/ad5940.o
 .rodata.SeqB.2
                0x08009870        0x4 ./ad5940lib/ad5940.o
 .rodata.SeqA.3
                0x08009874        0x4 ./ad5940lib/ad5940.o
 .rodata        0x08009878      0x218 ./ad5940lib/ad5940.o
 .rodata        0x08009a90        0x4 ./gecko_sdk_4.4.5/platform/emdrv/dmadrv/src/dmadrv.o
 .rodata.RxDMAComplete.str1.1
                0x08009a94       0x52 ./gecko_sdk_4.4.5/platform/emdrv/spidrv/src/spidrv.o
 *fill*         0x08009ae6        0x2 
 .rodata        0x08009ae8       0x50 ./gecko_sdk_4.4.5/platform/emdrv/spidrv/src/spidrv.o
 .rodata.HFRCODPLLDevinfoGet.str1.1
                0x08009b38       0x4b ./gecko_sdk_4.4.5/platform/emlib/src/em_cmu.o
 .rodata.CORE_NvicMaskSetIRQ.str1.1
                0x08009b83       0x4c ./gecko_sdk_4.4.5/platform/emlib/src/em_core.o
 .rodata.EMU_VScaleEM01.str1.1
                0x08009bcf       0x4b ./gecko_sdk_4.4.5/platform/emlib/src/em_emu.o
 .rodata.EUSART_Enable.str1.1
                0x08009c1a       0x4e ./gecko_sdk_4.4.5/platform/emlib/src/em_eusart.o
 .rodata.BUS_RegBitWrite.str1.1
                0x08009c68       0x4b ./gecko_sdk_4.4.5/platform/emlib/src/em_gpio.o
 .rodata.GPIO_PinOutSet.str1.1
                0x08009cb3       0x4c ./gecko_sdk_4.4.5/platform/emlib/src/em_gpio.o
 .rodata.GPIO_ExtIntConfig.str1.1
                0x08009cff       0x4c ./gecko_sdk_4.4.5/platform/emlib/src/em_gpio.o
 .rodata.CSWTCH.31
                0x08009d4b        0x4 ./gecko_sdk_4.4.5/platform/emlib/src/em_gpio.o
 .rodata.LDMA_EnableChannelRequest.str1.1
                0x08009d4f       0x4c ./gecko_sdk_4.4.5/platform/emlib/src/em_ldma.o
                                 0x97 (size before relaxing)
 .rodata.RTCC_ChannelInit.str1.1
                0x08009d9b       0x4c ./gecko_sdk_4.4.5/platform/emlib/src/em_rtcc.o
 .rodata.USART_BaudrateAsyncSet.str1.1
                0x08009de7       0x4d ./gecko_sdk_4.4.5/platform/emlib/src/em_usart.o
 .rodata        0x08009e34        0x7 ./gecko_sdk_4.4.5/platform/service/device_init/src/sl_device_init_dcdc_s2.o
 .rodata._write.str1.1
                0x08009e3b       0x6a ./gecko_sdk_4.4.5/platform/service/iostream/src/sl_iostream_retarget_stdio.o
 .rodata.process_timer_irq.str1.1
                0x08009ea5       0x5f ./gecko_sdk_4.4.5/platform/service/sleeptimer/src/sl_sleeptimer.o
 .rodata        0x08009f04        0xb ./gecko_sdk_4.4.5/platform/service/sleeptimer/src/sl_sleeptimer_hal_rtcc.o
 .rodata.sl_udelay_wait.str1.1
                0x08009f0f       0x57 ./gecko_sdk_4.4.5/platform/service/udelay/src/sl_udelay.o
 .rodata._printf_float.str1.1
                0x08009f66       0x12 c:/siliconlabs/simplicitystudio/v5/developer/toolchains/gnu_arm/12.2.rel1_2023.7/bin/../lib/gcc/arm-none-eabi/12.2.1/thumb/v8-m.main+fp/hard\libc_nano.a(libc_a-nano-vfprintf_float.o)
 .rodata._printf_i.str1.1
                0x08009f78       0x22 c:/siliconlabs/simplicitystudio/v5/developer/toolchains/gnu_arm/12.2.rel1_2023.7/bin/../lib/gcc/arm-none-eabi/12.2.1/thumb/v8-m.main+fp/hard\libc_nano.a(libc_a-nano-vfprintf_i.o)
 .rodata._dtoa_r.str1.1
                0x08009f9a       0x8e c:/siliconlabs/simplicitystudio/v5/developer/toolchains/gnu_arm/12.2.rel1_2023.7/bin/../lib/gcc/arm-none-eabi/12.2.1/thumb/v8-m.main+fp/hard\libc_nano.a(libc_a-dtoa.o)
                                 0x90 (size before relaxing)
 .rodata._Balloc.str1.1
                0x0800a028       0x5a c:/siliconlabs/simplicitystudio/v5/developer/toolchains/gnu_arm/12.2.rel1_2023.7/bin/../lib/gcc/arm-none-eabi/12.2.1/thumb/v8-m.main+fp/hard\libc_nano.a(libc_a-mprec.o)
                                 0x71 (size before relaxing)
 .rodata.__multadd.str1.1
                0x0800a082       0x11 c:/siliconlabs/simplicitystudio/v5/developer/toolchains/gnu_arm/12.2.rel1_2023.7/bin/../lib/gcc/arm-none-eabi/12.2.1/thumb/v8-m.main+fp/hard\libc_nano.a(libc_a-mprec.o)
 *fill*         0x0800a082        0x2 
 .rodata.p05.0  0x0800a084        0xc c:/siliconlabs/simplicitystudio/v5/developer/toolchains/gnu_arm/12.2.rel1_2023.7/bin/../lib/gcc/arm-none-eabi/12.2.1/thumb/v8-m.main+fp/hard\libc_nano.a(libc_a-mprec.o)
 .rodata.__mprec_bigtens
                0x0800a090       0x28 c:/siliconlabs/simplicitystudio/v5/developer/toolchains/gnu_arm/12.2.rel1_2023.7/bin/../lib/gcc/arm-none-eabi/12.2.1/thumb/v8-m.main+fp/hard\libc_nano.a(libc_a-mprec.o)
                0x0800a090                __mprec_bigtens
 .rodata.__mprec_tens
                0x0800a0b8       0xc8 c:/siliconlabs/simplicitystudio/v5/developer/toolchains/gnu_arm/12.2.rel1_2023.7/bin/../lib/gcc/arm-none-eabi/12.2.1/thumb/v8-m.main+fp/hard\libc_nano.a(libc_a-mprec.o)
                0x0800a0b8                __mprec_tens
 .rodata._vfprintf_r.str1.1
                0x0800a180       0x11 c:/siliconlabs/simplicitystudio/v5/developer/toolchains/gnu_arm/12.2.rel1_2023.7/bin/../lib/gcc/arm-none-eabi/12.2.1/thumb/v8-m.main+fp/hard\libc_nano.a(libc_a-nano-vfprintf.o)
 .rodata._setlocale_r.str1.1
                0x0800a191        0x8 c:/siliconlabs/simplicitystudio/v5/developer/toolchains/gnu_arm/12.2.rel1_2023.7/bin/../lib/gcc/arm-none-eabi/12.2.1/thumb/v8-m.main+fp/hard\libc_nano.a(libc_a-locale.o)
                                  0x9 (size before relaxing)
 .rodata.str1.1
                0x0800a199        0x2 c:/siliconlabs/simplicitystudio/v5/developer/toolchains/gnu_arm/12.2.rel1_2023.7/bin/../lib/gcc/arm-none-eabi/12.2.1/thumb/v8-m.main+fp/hard\libc_nano.a(libc_a-locale.o)
 .rodata.__assert_func.str1.1
                0x0800a19b       0x3c c:/siliconlabs/simplicitystudio/v5/developer/toolchains/gnu_arm/12.2.rel1_2023.7/bin/../lib/gcc/arm-none-eabi/12.2.1/thumb/v8-m.main+fp/hard\libc_nano.a(libc_a-assert.o)
                                 0x3d (size before relaxing)
 .rodata._ctype_
                0x0800a1d7      0x101 c:/siliconlabs/simplicitystudio/v5/developer/toolchains/gnu_arm/12.2.rel1_2023.7/bin/../lib/gcc/arm-none-eabi/12.2.1/thumb/v8-m.main+fp/hard\libc_nano.a(libc_a-ctype_.o)
                0x0800a1d7                _ctype_
 .rodata.CSWTCH.9
                0x0800a2d8       0x18 c:/siliconlabs/simplicitystudio/v5/developer/toolchains/gnu_arm/12.2.rel1_2023.7/bin/../lib/gcc/arm-none-eabi/12.2.1/thumb/v8-m.main+fp/hard\libm.a(libm_a-e_atan2.o)
 .rodata.CSWTCH.8
                0x0800a2f0       0x18 c:/siliconlabs/simplicitystudio/v5/developer/toolchains/gnu_arm/12.2.rel1_2023.7/bin/../lib/gcc/arm-none-eabi/12.2.1/thumb/v8-m.main+fp/hard\libm.a(libm_a-e_atan2.o)
 .rodata.atanlo
                0x0800a308       0x20 c:/siliconlabs/simplicitystudio/v5/developer/toolchains/gnu_arm/12.2.rel1_2023.7/bin/../lib/gcc/arm-none-eabi/12.2.1/thumb/v8-m.main+fp/hard\libm.a(libm_a-s_atan.o)
 .rodata.atanhi
                0x0800a328       0x20 c:/siliconlabs/simplicitystudio/v5/developer/toolchains/gnu_arm/12.2.rel1_2023.7/bin/../lib/gcc/arm-none-eabi/12.2.1/thumb/v8-m.main+fp/hard\libm.a(libm_a-s_atan.o)
 *(.eh_frame*)
 .eh_frame      0x0800a348        0x0 c:/siliconlabs/simplicitystudio/v5/developer/toolchains/gnu_arm/12.2.rel1_2023.7/bin/../lib/gcc/arm-none-eabi/12.2.1/thumb/v8-m.main+fp/hard/crtbegin.o

.glue_7         0x0800a348        0x0
 .glue_7        0x0800a348        0x0 linker stubs

.glue_7t        0x0800a348        0x0
 .glue_7t       0x0800a348        0x0 linker stubs

.vfp11_veneer   0x0800a348        0x0
 .vfp11_veneer  0x0800a348        0x0 linker stubs

.v4_bx          0x0800a348        0x0
 .v4_bx         0x0800a348        0x0 linker stubs

.iplt           0x0800a348        0x0
 .iplt          0x0800a348        0x0 c:/siliconlabs/simplicitystudio/v5/developer/toolchains/gnu_arm/12.2.rel1_2023.7/bin/../lib/gcc/arm-none-eabi/12.2.1/thumb/v8-m.main+fp/hard/crtbegin.o

.ARM.extab
 *(.ARM.extab* .gnu.linkonce.armextab.*)
                0x0800a348                __exidx_start = .

.ARM.exidx      0x0800a348        0x8
 *(.ARM.exidx* .gnu.linkonce.armexidx.*)
 .ARM.exidx     0x0800a348        0x8 c:/siliconlabs/simplicitystudio/v5/developer/toolchains/gnu_arm/12.2.rel1_2023.7/bin/../lib/gcc/arm-none-eabi/12.2.1/thumb/v8-m.main+fp/hard/crt0.o
                                 0x10 (size before relaxing)
 .ARM.exidx.text.__udivmoddi4
                0x0800a350        0x0 c:/siliconlabs/simplicitystudio/v5/developer/toolchains/gnu_arm/12.2.rel1_2023.7/bin/../lib/gcc/arm-none-eabi/12.2.1/thumb/v8-m.main+fp/hard\libgcc.a(_udivmoddi4.o)
                                  0x8 (size before relaxing)
                0x0800a350                __exidx_end = .

.rel.dyn        0x0800a350        0x0
 .rel.iplt      0x0800a350        0x0 c:/siliconlabs/simplicitystudio/v5/developer/toolchains/gnu_arm/12.2.rel1_2023.7/bin/../lib/gcc/arm-none-eabi/12.2.1/thumb/v8-m.main+fp/hard/crtbegin.o

.copy.table     0x0800a350        0xc
                0x0800a350                . = ALIGN (0x4)
                0x0800a350                __copy_table_start__ = .
                0x0800a350        0x4 LONG 0x800a35c __etext
                0x0800a354        0x4 LONG 0x20001000 __data_start__
                0x0800a358        0x4 LONG 0xbb ((__data_end__ - __data_start__) / 0x4)
                0x0800a35c                __copy_table_end__ = .

.zero.table     0x0800a35c        0x0
                0x0800a35c                . = ALIGN (0x4)
                0x0800a35c                __zero_table_start__ = .
                0x0800a35c                __zero_table_end__ = .
                0x0800a35c                __etext = .
                0x20000000                . = ORIGIN (RAM)

.stack          0x20000000     0x1000
                0x20000000                __StackLimit = .
 *(.stack*)
 .stack         0x20000000     0x1000 ./gecko_sdk_4.4.5/platform/common/toolchain/src/sl_memory.o
                0x20001000                . = ALIGN (0x4)
                0x20001000                __StackTop = .
                0x20001000                PROVIDE (__stack = __StackTop)

.noinit
 *(.noinit*)

.data           0x20001000      0x2ec load address 0x0800a35c
                0x20001000                . = ALIGN (0x4)
                0x20001000                __data_start__ = .
 *(vtable)
 *(SORT_BY_ALIGNMENT(.data*))
 .data.tiny     0x20001000        0x8 c:/siliconlabs/simplicitystudio/v5/developer/toolchains/gnu_arm/12.2.rel1_2023.7/bin/../lib/gcc/arm-none-eabi/12.2.1/thumb/v8-m.main+fp/hard\libm.a(libm_a-e_sqrt.o)
 .data.one      0x20001008        0x8 c:/siliconlabs/simplicitystudio/v5/developer/toolchains/gnu_arm/12.2.rel1_2023.7/bin/../lib/gcc/arm-none-eabi/12.2.1/thumb/v8-m.main+fp/hard\libm.a(libm_a-e_sqrt.o)
 .data.AppRAMPCfg
                0x20001010       0xc0 ./ad5940-examples/examples/AD5940_Ramp/RampTest.o
                0x20001010                AppRAMPCfg
 .data.sl_spidrv_init_AD5940_SPI
                0x200010d0       0x20 ./autogen/sl_spidrv_init.o
                0x200010d0                sl_spidrv_init_AD5940_SPI
 .data.sl_spidrv_AD5940_SPI_handle
                0x200010f0        0x4 ./autogen/sl_spidrv_init.o
                0x200010f0                sl_spidrv_AD5940_SPI_handle
 .data.SystemCoreClock
                0x200010f4        0x4 ./gecko_sdk_4.4.5/platform/Device/SiliconLabs/EFR32BG27/Source/system_efr32bg27.o
                0x200010f4                SystemCoreClock
 .data.SystemHFRCODPLLClock
                0x200010f8        0x4 ./gecko_sdk_4.4.5/platform/Device/SiliconLabs/EFR32BG27/Source/system_efr32bg27.o
 .data.SystemLFXOClock
                0x200010fc        0x4 ./gecko_sdk_4.4.5/platform/Device/SiliconLabs/EFR32BG27/Source/system_efr32bg27.o
 .data.SystemHFXOClock
                0x20001100        0x4 ./gecko_sdk_4.4.5/platform/Device/SiliconLabs/EFR32BG27/Source/system_efr32bg27.o
 .data.heap_end.0
                0x20001104        0x4 ./gecko_sdk_4.4.5/platform/common/toolchain/src/sl_memory.o
 .data.sl_iostream_swo
                0x20001108        0xc ./gecko_sdk_4.4.5/platform/service/iostream/src/sl_iostream_swo.o
 .data.__sglue  0x20001114        0xc c:/siliconlabs/simplicitystudio/v5/developer/toolchains/gnu_arm/12.2.rel1_2023.7/bin/../lib/gcc/arm-none-eabi/12.2.1/thumb/v8-m.main+fp/hard\libc_nano.a(libc_a-findfp.o)
                0x20001114                __sglue
 .data._impure_ptr
                0x20001120        0x4 c:/siliconlabs/simplicitystudio/v5/developer/toolchains/gnu_arm/12.2.rel1_2023.7/bin/../lib/gcc/arm-none-eabi/12.2.1/thumb/v8-m.main+fp/hard\libc_nano.a(libc_a-impure.o)
                0x20001120                _impure_ptr
 .data._impure_data
                0x20001124       0x4c c:/siliconlabs/simplicitystudio/v5/developer/toolchains/gnu_arm/12.2.rel1_2023.7/bin/../lib/gcc/arm-none-eabi/12.2.1/thumb/v8-m.main+fp/hard\libc_nano.a(libc_a-impure.o)
                0x20001124                _impure_data
 .data.__global_locale
                0x20001170      0x16c c:/siliconlabs/simplicitystudio/v5/developer/toolchains/gnu_arm/12.2.rel1_2023.7/bin/../lib/gcc/arm-none-eabi/12.2.1/thumb/v8-m.main+fp/hard\libc_nano.a(libc_a-locale.o)
                0x20001170                __global_locale
 .data.bCmdForSeq0.0
                0x200012dc        0x1 ./ad5940-examples/examples/AD5940_Ramp/RampTest.o
 .data.level_mask
                0x200012dd        0x1 ./gecko_sdk_4.4.5/app/common/util/app_log/app_log.o
 .data.level_filter_threshold
                0x200012de        0x1 ./gecko_sdk_4.4.5/app/common/util/app_log/app_log.o
 .data.level_filter_enabled
                0x200012df        0x1 ./gecko_sdk_4.4.5/app/common/util/app_log/app_log.o
 .data.cc_disabled
                0x200012e0        0x1 ./gecko_sdk_4.4.5/platform/service/sleeptimer/src/sl_sleeptimer_hal_rtcc.o
                0x200012e4                . = ALIGN (0x4)
 *fill*         0x200012e1        0x3 
                [!provide]                PROVIDE (__ram_func_section_start = .)
 *(.ram)
                [!provide]                PROVIDE (__ram_func_section_end = .)
                0x200012e4                . = ALIGN (0x4)
                0x200012e4                PROVIDE (__preinit_array_start = .)
 *(.preinit_array)
                0x200012e4                PROVIDE (__preinit_array_end = .)
                0x200012e4                . = ALIGN (0x4)
                0x200012e4                PROVIDE (__init_array_start = .)
 *(SORT_BY_NAME(.init_array.*))
 *(.init_array)
 .init_array    0x200012e4        0x4 c:/siliconlabs/simplicitystudio/v5/developer/toolchains/gnu_arm/12.2.rel1_2023.7/bin/../lib/gcc/arm-none-eabi/12.2.1/thumb/v8-m.main+fp/hard/crtbegin.o
                0x200012e8                PROVIDE (__init_array_end = .)
                0x200012e8                . = ALIGN (0x4)
                [!provide]                PROVIDE (__fini_array_start = .)
 *(SORT_BY_NAME(.fini_array.*))
 *(.fini_array)
 .fini_array    0x200012e8        0x4 c:/siliconlabs/simplicitystudio/v5/developer/toolchains/gnu_arm/12.2.rel1_2023.7/bin/../lib/gcc/arm-none-eabi/12.2.1/thumb/v8-m.main+fp/hard/crtbegin.o
                [!provide]                PROVIDE (__fini_array_end = .)